game 1/20: black by checkmate
game 2/20: draw by threefold_repetition
game 3/20: black by checkmate
game 4/20: draw by threefold_repetition
game 5/20: draw by threefold_repetition
game 6/20: draw by threefold_repetition
game 7/20: black by checkmate
game 8/20: draw by threefold_repetition
game 9/20: draw by threefold_repetition
game 10/20: draw by threefold_repetition
game 11/20: draw by threefold_repetition
game 12/20: draw by threefold_repetition
game 13/20: black by checkmate
game 14/20: draw by threefold_repetition
game 15/20: white by checkmate
game 16/20: black by checkmate
game 17/20: black by checkmate
game 18/20: draw by threefold_repetition
game 19/20: black by checkmate
game 20/20: draw by threefold_repetition

. vs baselines/reference-hero over 20 games
+2 =12 -6, score 40.0%
terminations: checkmate 8, threefold_repetition 12
