=== phase: unique ===
rows 8,000,000
unique positions 6,550,441  (81.9% of rows)
=== phase: label ===
chunks 3,276  remaining 3,276  workers 16  nodes=25000  multipv=4  sort_lines=True
  RATE after 100,000: 370 pos/sec aggregate on 16 cores
  100,000/6,550,441  370/s  eta 4.8h
  200,000/6,550,441  415/s  eta 4.3h
  300,000/6,550,441  433/s  eta 4.0h
  400,000/6,550,441  443/s  eta 3.9h
  500,000/6,550,441  448/s  eta 3.8h
  600,000/6,550,441  455/s  eta 3.6h
  700,000/6,550,441  461/s  eta 3.5h
  800,000/6,550,441  463/s  eta 3.5h
  900,000/6,550,441  456/s  eta 3.4h
  1,000,000/6,550,441  460/s  eta 3.3h
  1,100,000/6,550,441  464/s  eta 3.3h
  1,200,000/6,550,441  467/s  eta 3.2h
  1,300,000/6,550,441  469/s  eta 3.1h
  1,400,000/6,550,441  472/s  eta 3.0h
  1,500,000/6,550,441  474/s  eta 3.0h
  1,600,000/6,550,441  473/s  eta 2.9h
  1,700,000/6,550,441  471/s  eta 2.9h
  1,800,000/6,550,441  472/s  eta 2.8h
  1,900,000/6,550,441  473/s  eta 2.7h
  2,000,000/6,550,441  475/s  eta 2.7h
  2,100,000/6,550,441  476/s  eta 2.6h
  2,200,000/6,550,441  477/s  eta 2.5h
  2,300,000/6,550,441  478/s  eta 2.5h
  2,400,000/6,550,441  476/s  eta 2.4h
  2,500,000/6,550,441  477/s  eta 2.4h
  2,600,000/6,550,441  477/s  eta 2.3h
  2,700,000/6,550,441  477/s  eta 2.2h
  2,800,000/6,550,441  479/s  eta 2.2h
  2,900,000/6,550,441  481/s  eta 2.1h
  3,000,000/6,550,441  482/s  eta 2.0h
  3,100,000/6,550,441  484/s  eta 2.0h
  3,200,000/6,550,441  484/s  eta 1.9h
  3,300,000/6,550,441  485/s  eta 1.9h
  3,400,000/6,550,441  487/s  eta 1.8h
  3,500,000/6,550,441  488/s  eta 1.7h
  3,600,000/6,550,441  489/s  eta 1.7h
  3,700,000/6,550,441  491/s  eta 1.6h
  3,800,000/6,550,441  492/s  eta 1.6h
  3,900,000/6,550,441  492/s  eta 1.5h
  4,000,000/6,550,441  493/s  eta 1.4h
  4,100,000/6,550,441  493/s  eta 1.4h
  4,200,000/6,550,441  495/s  eta 1.3h
  4,300,000/6,550,441  495/s  eta 1.3h
  4,400,000/6,550,441  496/s  eta 1.2h
  4,500,000/6,550,441  497/s  eta 1.1h
  4,600,000/6,550,441  498/s  eta 1.1h
  4,700,000/6,550,441  499/s  eta 1.0h
  4,800,000/6,550,441  500/s  eta 1.0h
  4,900,000/6,550,441  500/s  eta 0.9h
  5,000,000/6,550,441  501/s  eta 0.9h
  5,100,000/6,550,441  501/s  eta 0.8h
  5,200,000/6,550,441  502/s  eta 0.7h
  5,300,000/6,550,441  503/s  eta 0.7h
  5,400,000/6,550,441  503/s  eta 0.6h
  5,500,000/6,550,441  504/s  eta 0.6h
  5,600,000/6,550,441  505/s  eta 0.5h
  5,700,000/6,550,441  505/s  eta 0.5h
  5,800,000/6,550,441  505/s  eta 0.4h
  5,900,000/6,550,441  506/s  eta 0.4h
  6,000,000/6,550,441  506/s  eta 0.3h
  6,100,000/6,550,441  507/s  eta 0.2h
  6,200,000/6,550,441  507/s  eta 0.2h
  6,300,000/6,550,441  508/s  eta 0.1h
  6,400,000/6,550,441  509/s  eta 0.1h
  6,500,000/6,550,441  509/s  eta 0.0h
labelled 6,550,441 in 214.1 min
=== phase: join ===
{
  "rows": 8000000,
  "unique": 6550441,
  "rows_labelled": 8000000,
  "coverage_pct": 100.0,
  "unique_labelled": 6550441,
  "unique_coverage_pct": 100.0
}
