=== phase: unique ===
rows 40,000,000
unique positions 31,362,459  (78.4% of rows)
=== phase: label ===
chunks 15,682  remaining 15,682  workers 16  depth=8 (ceiling 150000 nodes)  multipv=4  sort_lines=True
  RATE after 100,000: 681 pos/sec aggregate on 16 cores
  100,000/31,362,459  681/s  eta 12.7h
  200,000/31,362,459  779/s  eta 11.1h
  300,000/31,362,459  821/s  eta 10.5h
  400,000/31,362,459  843/s  eta 10.2h
  500,000/31,362,459  855/s  eta 10.0h
  600,000/31,362,459  862/s  eta 9.9h
  700,000/31,362,459  868/s  eta 9.8h
  800,000/31,362,459  873/s  eta 9.7h
  900,000/31,362,459  858/s  eta 9.9h
  1,000,000/31,362,459  862/s  eta 9.8h
  1,100,000/31,362,459  864/s  eta 9.7h
  1,200,000/31,362,459  866/s  eta 9.7h
  1,300,000/31,362,459  870/s  eta 9.6h
  1,400,000/31,362,459  871/s  eta 9.6h
  1,500,000/31,362,459  873/s  eta 9.5h
  1,600,000/31,362,459  875/s  eta 9.4h
  1,700,000/31,362,459  871/s  eta 9.5h
  1,800,000/31,362,459  872/s  eta 9.4h
  1,900,000/31,362,459  872/s  eta 9.4h
  2,000,000/31,362,459  874/s  eta 9.3h
  2,100,000/31,362,459  876/s  eta 9.3h
  2,200,000/31,362,459  879/s  eta 9.2h
  2,300,000/31,362,459  883/s  eta 9.1h
  2,400,000/31,362,459  884/s  eta 9.1h
  2,500,000/31,362,459  881/s  eta 9.1h
  2,600,000/31,362,459  879/s  eta 9.1h
  2,700,000/31,362,459  878/s  eta 9.1h
  2,800,000/31,362,459  878/s  eta 9.0h
  2,900,000/31,362,459  880/s  eta 9.0h
  3,000,000/31,362,459  882/s  eta 8.9h
  3,100,000/31,362,459  885/s  eta 8.9h
  3,200,000/31,362,459  887/s  eta 8.8h
  3,300,000/31,362,459  889/s  eta 8.8h
  3,400,000/31,362,459  890/s  eta 8.7h
  3,500,000/31,362,459  890/s  eta 8.7h
  3,600,000/31,362,459  891/s  eta 8.7h
  3,700,000/31,362,459  891/s  eta 8.6h
  3,800,000/31,362,459  891/s  eta 8.6h
  3,900,000/31,362,459  890/s  eta 8.6h
  4,000,000/31,362,459  890/s  eta 8.5h
  4,100,000/31,362,459  890/s  eta 8.5h
  4,200,000/31,362,459  889/s  eta 8.5h
  4,300,000/31,362,459  889/s  eta 8.5h
  4,400,000/31,362,459  889/s  eta 8.4h
  4,500,000/31,362,459  889/s  eta 8.4h
  4,600,000/31,362,459  889/s  eta 8.4h
  4,700,000/31,362,459  889/s  eta 8.3h
  4,800,000/31,362,459  886/s  eta 8.3h
  4,900,000/31,362,459  884/s  eta 8.3h
  5,000,000/31,362,459  882/s  eta 8.3h
  5,100,000/31,362,459  881/s  eta 8.3h
  5,200,000/31,362,459  880/s  eta 8.3h
  5,300,000/31,362,459  880/s  eta 8.2h
  5,400,000/31,362,459  880/s  eta 8.2h
  5,500,000/31,362,459  879/s  eta 8.2h
  5,600,000/31,362,459  879/s  eta 8.1h
  5,700,000/31,362,459  878/s  eta 8.1h
  5,800,000/31,362,459  878/s  eta 8.1h
  5,900,000/31,362,459  878/s  eta 8.1h
  6,000,000/31,362,459  878/s  eta 8.0h
  6,100,000/31,362,459  879/s  eta 8.0h
  6,200,000/31,362,459  880/s  eta 7.9h
  6,300,000/31,362,459  881/s  eta 7.9h
  6,400,000/31,362,459  882/s  eta 7.9h
  6,500,000/31,362,459  882/s  eta 7.8h
  6,600,000/31,362,459  884/s  eta 7.8h
  6,700,000/31,362,459  885/s  eta 7.7h
  6,800,000/31,362,459  886/s  eta 7.7h
  6,900,000/31,362,459  886/s  eta 7.7h
  7,000,000/31,362,459  885/s  eta 7.6h
  7,100,000/31,362,459  885/s  eta 7.6h
  7,200,000/31,362,459  884/s  eta 7.6h
  7,300,000/31,362,459  883/s  eta 7.6h
  7,400,000/31,362,459  882/s  eta 7.5h
  7,500,000/31,362,459  882/s  eta 7.5h
  7,600,000/31,362,459  882/s  eta 7.5h
  7,700,000/31,362,459  881/s  eta 7.5h
  7,800,000/31,362,459  881/s  eta 7.4h
  7,900,000/31,362,459  880/s  eta 7.4h
  8,000,000/31,362,459  880/s  eta 7.4h
  8,100,000/31,362,459  879/s  eta 7.4h
  8,200,000/31,362,459  878/s  eta 7.3h
  8,300,000/31,362,459  878/s  eta 7.3h
  8,400,000/31,362,459  878/s  eta 7.3h
  8,500,000/31,362,459  878/s  eta 7.2h
  8,600,000/31,362,459  878/s  eta 7.2h
  8,700,000/31,362,459  877/s  eta 7.2h
  8,800,000/31,362,459  876/s  eta 7.2h
  8,900,000/31,362,459  876/s  eta 7.1h
  9,000,000/31,362,459  876/s  eta 7.1h
  9,100,000/31,362,459  876/s  eta 7.1h
  9,200,000/31,362,459  876/s  eta 7.0h
  9,300,000/31,362,459  876/s  eta 7.0h
  9,400,000/31,362,459  876/s  eta 7.0h
  9,500,000/31,362,459  876/s  eta 6.9h
  9,600,000/31,362,459  876/s  eta 6.9h
  9,700,000/31,362,459  876/s  eta 6.9h
  9,800,000/31,362,459  876/s  eta 6.8h
  9,900,000/31,362,459  876/s  eta 6.8h
  10,000,000/31,362,459  876/s  eta 6.8h
  10,100,000/31,362,459  876/s  eta 6.7h
  10,200,000/31,362,459  876/s  eta 6.7h
  10,300,000/31,362,459  876/s  eta 6.7h
  10,400,000/31,362,459  876/s  eta 6.7h
  10,500,000/31,362,459  875/s  eta 6.6h
  10,600,000/31,362,459  876/s  eta 6.6h
  10,700,000/31,362,459  876/s  eta 6.6h
  10,800,000/31,362,459  876/s  eta 6.5h
  10,900,000/31,362,459  876/s  eta 6.5h
  11,000,000/31,362,459  876/s  eta 6.5h
  11,100,000/31,362,459  876/s  eta 6.4h
  11,200,000/31,362,459  876/s  eta 6.4h
  11,300,000/31,362,459  876/s  eta 6.4h
  11,400,000/31,362,459  876/s  eta 6.3h
  11,500,000/31,362,459  876/s  eta 6.3h
  11,600,000/31,362,459  876/s  eta 6.3h
  11,700,000/31,362,459  876/s  eta 6.2h
  11,800,000/31,362,459  876/s  eta 6.2h
  11,900,000/31,362,459  876/s  eta 6.2h
  12,000,000/31,362,459  876/s  eta 6.1h
  12,100,000/31,362,459  876/s  eta 6.1h
  12,200,000/31,362,459  876/s  eta 6.1h
  12,300,000/31,362,459  876/s  eta 6.0h
  12,400,000/31,362,459  877/s  eta 6.0h
  12,500,000/31,362,459  877/s  eta 6.0h
  12,600,000/31,362,459  877/s  eta 5.9h
  12,700,000/31,362,459  877/s  eta 5.9h
  12,800,000/31,362,459  877/s  eta 5.9h
  12,900,000/31,362,459  877/s  eta 5.8h
  13,000,000/31,362,459  877/s  eta 5.8h
  13,100,000/31,362,459  877/s  eta 5.8h
  13,200,000/31,362,459  877/s  eta 5.8h
  13,300,000/31,362,459  877/s  eta 5.7h
  13,400,000/31,362,459  877/s  eta 5.7h
  13,500,000/31,362,459  877/s  eta 5.7h
  13,600,000/31,362,459  877/s  eta 5.6h
  13,700,000/31,362,459  877/s  eta 5.6h
  13,800,000/31,362,459  877/s  eta 5.6h
  13,900,000/31,362,459  877/s  eta 5.5h
  14,000,000/31,362,459  877/s  eta 5.5h
  14,100,000/31,362,459  877/s  eta 5.5h
  14,200,000/31,362,459  877/s  eta 5.4h
  14,300,000/31,362,459  878/s  eta 5.4h
  14,400,000/31,362,459  878/s  eta 5.4h
  14,500,000/31,362,459  878/s  eta 5.3h
  14,600,000/31,362,459  877/s  eta 5.3h
  14,700,000/31,362,459  877/s  eta 5.3h
  14,800,000/31,362,459  877/s  eta 5.2h
  14,900,000/31,362,459  878/s  eta 5.2h
  15,000,000/31,362,459  878/s  eta 5.2h
  15,100,000/31,362,459  878/s  eta 5.1h
  15,200,000/31,362,459  878/s  eta 5.1h
  15,300,000/31,362,459  878/s  eta 5.1h
  15,400,000/31,362,459  878/s  eta 5.1h
  15,500,000/31,362,459  878/s  eta 5.0h
  15,600,000/31,362,459  878/s  eta 5.0h
  15,700,000/31,362,459  878/s  eta 5.0h
  15,800,000/31,362,459  878/s  eta 4.9h
  15,900,000/31,362,459  878/s  eta 4.9h
  16,000,000/31,362,459  878/s  eta 4.9h
  16,100,000/31,362,459  878/s  eta 4.8h
  16,200,000/31,362,459  878/s  eta 4.8h
  16,300,000/31,362,459  878/s  eta 4.8h
  16,400,000/31,362,459  878/s  eta 4.7h
  16,500,000/31,362,459  878/s  eta 4.7h
  16,600,000/31,362,459  878/s  eta 4.7h
  16,700,000/31,362,459  878/s  eta 4.6h
  16,800,000/31,362,459  878/s  eta 4.6h
  16,900,000/31,362,459  878/s  eta 4.6h
  17,000,000/31,362,459  878/s  eta 4.5h
  17,100,000/31,362,459  878/s  eta 4.5h
  17,200,000/31,362,459  878/s  eta 4.5h
  17,300,000/31,362,459  879/s  eta 4.4h
  17,400,000/31,362,459  879/s  eta 4.4h
  17,500,000/31,362,459  879/s  eta 4.4h
  17,600,000/31,362,459  879/s  eta 4.4h
  17,700,000/31,362,459  879/s  eta 4.3h
  17,800,000/31,362,459  879/s  eta 4.3h
  17,900,000/31,362,459  879/s  eta 4.3h
  18,000,000/31,362,459  879/s  eta 4.2h
  18,100,000/31,362,459  879/s  eta 4.2h
  18,200,000/31,362,459  879/s  eta 4.2h
  18,300,000/31,362,459  879/s  eta 4.1h
  18,400,000/31,362,459  879/s  eta 4.1h
  18,500,000/31,362,459  879/s  eta 4.1h
  18,600,000/31,362,459  879/s  eta 4.0h
  18,700,000/31,362,459  879/s  eta 4.0h
  18,800,000/31,362,459  879/s  eta 4.0h
  18,900,000/31,362,459  879/s  eta 3.9h
  19,000,000/31,362,459  879/s  eta 3.9h
  19,100,000/31,362,459  879/s  eta 3.9h
  19,200,000/31,362,459  879/s  eta 3.8h
  19,300,000/31,362,459  879/s  eta 3.8h
  19,400,000/31,362,459  879/s  eta 3.8h
  19,500,000/31,362,459  879/s  eta 3.7h
  19,600,000/31,362,459  879/s  eta 3.7h
  19,700,000/31,362,459  879/s  eta 3.7h
  19,800,000/31,362,459  879/s  eta 3.7h
  19,900,000/31,362,459  880/s  eta 3.6h
  20,000,000/31,362,459  879/s  eta 3.6h
  20,100,000/31,362,459  879/s  eta 3.6h
  20,200,000/31,362,459  879/s  eta 3.5h
  20,300,000/31,362,459  879/s  eta 3.5h
  20,400,000/31,362,459  880/s  eta 3.5h
  20,500,000/31,362,459  880/s  eta 3.4h
  20,600,000/31,362,459  880/s  eta 3.4h
  20,700,000/31,362,459  880/s  eta 3.4h
  20,800,000/31,362,459  881/s  eta 3.3h
  20,900,000/31,362,459  881/s  eta 3.3h
  21,000,000/31,362,459  881/s  eta 3.3h
  21,100,000/31,362,459  882/s  eta 3.2h
  21,200,000/31,362,459  882/s  eta 3.2h
  21,300,000/31,362,459  883/s  eta 3.2h
  21,400,000/31,362,459  883/s  eta 3.1h
  21,500,000/31,362,459  883/s  eta 3.1h
  21,600,000/31,362,459  884/s  eta 3.1h
  21,700,000/31,362,459  884/s  eta 3.0h
  21,800,000/31,362,459  884/s  eta 3.0h
  21,900,000/31,362,459  885/s  eta 3.0h
  22,000,000/31,362,459  885/s  eta 2.9h
  22,100,000/31,362,459  886/s  eta 2.9h
  22,200,000/31,362,459  886/s  eta 2.9h
  22,300,000/31,362,459  886/s  eta 2.8h
  22,400,000/31,362,459  887/s  eta 2.8h
  22,500,000/31,362,459  887/s  eta 2.8h
  22,600,000/31,362,459  887/s  eta 2.7h
  22,700,000/31,362,459  888/s  eta 2.7h
  22,800,000/31,362,459  888/s  eta 2.7h
  22,900,000/31,362,459  888/s  eta 2.6h
  23,000,000/31,362,459  889/s  eta 2.6h
  23,100,000/31,362,459  889/s  eta 2.6h
  23,200,000/31,362,459  889/s  eta 2.5h
  23,300,000/31,362,459  889/s  eta 2.5h
  23,400,000/31,362,459  890/s  eta 2.5h
  23,500,000/31,362,459  890/s  eta 2.5h
  23,600,000/31,362,459  891/s  eta 2.4h
  23,700,000/31,362,459  891/s  eta 2.4h
  23,800,000/31,362,459  891/s  eta 2.4h
  23,900,000/31,362,459  892/s  eta 2.3h
  24,000,000/31,362,459  892/s  eta 2.3h
  24,100,000/31,362,459  892/s  eta 2.3h
  24,200,000/31,362,459  892/s  eta 2.2h
  24,300,000/31,362,459  892/s  eta 2.2h
  24,400,000/31,362,459  893/s  eta 2.2h
  24,500,000/31,362,459  893/s  eta 2.1h
  24,600,000/31,362,459  893/s  eta 2.1h
  24,700,000/31,362,459  894/s  eta 2.1h
  24,800,000/31,362,459  894/s  eta 2.0h
  24,900,000/31,362,459  894/s  eta 2.0h
  25,000,000/31,362,459  894/s  eta 2.0h
  25,100,000/31,362,459  894/s  eta 1.9h
  25,200,000/31,362,459  895/s  eta 1.9h
  25,300,000/31,362,459  895/s  eta 1.9h
  25,400,000/31,362,459  895/s  eta 1.9h
  25,500,000/31,362,459  895/s  eta 1.8h
  25,600,000/31,362,459  896/s  eta 1.8h
  25,700,000/31,362,459  896/s  eta 1.8h
  25,800,000/31,362,459  896/s  eta 1.7h
  25,900,000/31,362,459  896/s  eta 1.7h
  26,000,000/31,362,459  896/s  eta 1.7h
  26,100,000/31,362,459  897/s  eta 1.6h
  26,200,000/31,362,459  897/s  eta 1.6h
  26,300,000/31,362,459  897/s  eta 1.6h
  26,400,000/31,362,459  897/s  eta 1.5h
  26,500,000/31,362,459  897/s  eta 1.5h
  26,600,000/31,362,459  898/s  eta 1.5h
  26,700,000/31,362,459  898/s  eta 1.4h
  26,800,000/31,362,459  898/s  eta 1.4h
  26,900,000/31,362,459  898/s  eta 1.4h
  27,000,000/31,362,459  898/s  eta 1.3h
  27,100,000/31,362,459  898/s  eta 1.3h
  27,200,000/31,362,459  898/s  eta 1.3h
  27,300,000/31,362,459  898/s  eta 1.3h
  27,400,000/31,362,459  898/s  eta 1.2h
  27,500,000/31,362,459  899/s  eta 1.2h
  27,600,000/31,362,459  899/s  eta 1.2h
  27,700,000/31,362,459  899/s  eta 1.1h
  27,800,000/31,362,459  899/s  eta 1.1h
  27,900,000/31,362,459  899/s  eta 1.1h
  28,000,000/31,362,459  899/s  eta 1.0h
  28,100,000/31,362,459  899/s  eta 1.0h
  28,200,000/31,362,459  899/s  eta 1.0h
  28,300,000/31,362,459  899/s  eta 0.9h
  28,400,000/31,362,459  899/s  eta 0.9h
  28,500,000/31,362,459  899/s  eta 0.9h
  28,600,000/31,362,459  899/s  eta 0.9h
  28,700,000/31,362,459  900/s  eta 0.8h
  28,800,000/31,362,459  899/s  eta 0.8h
  28,900,000/31,362,459  900/s  eta 0.8h
  29,000,000/31,362,459  900/s  eta 0.7h
  29,100,000/31,362,459  900/s  eta 0.7h
  29,200,000/31,362,459  900/s  eta 0.7h
  29,300,000/31,362,459  900/s  eta 0.6h
  29,400,000/31,362,459  900/s  eta 0.6h
  29,500,000/31,362,459  900/s  eta 0.6h
  29,600,000/31,362,459  900/s  eta 0.5h
  29,700,000/31,362,459  900/s  eta 0.5h
  29,800,000/31,362,459  900/s  eta 0.5h
  29,900,000/31,362,459  900/s  eta 0.5h
  30,000,000/31,362,459  900/s  eta 0.4h
  30,100,000/31,362,459  900/s  eta 0.4h
  30,200,000/31,362,459  901/s  eta 0.4h
  30,300,000/31,362,459  900/s  eta 0.3h
  30,400,000/31,362,459  901/s  eta 0.3h
  30,500,000/31,362,459  901/s  eta 0.3h
  30,600,000/31,362,459  901/s  eta 0.2h
  30,700,000/31,362,459  901/s  eta 0.2h
  30,800,000/31,362,459  901/s  eta 0.2h
  30,900,000/31,362,459  901/s  eta 0.1h
  31,000,000/31,362,459  901/s  eta 0.1h
  31,100,000/31,362,459  901/s  eta 0.1h
  31,200,000/31,362,459  901/s  eta 0.1h
  31,300,000/31,362,459  901/s  eta 0.0h
labelled 31,362,459 in 579.7 min
=== phase: join ===
{
  "rows": 40000000,
  "unique": 31362459,
  "rows_labelled": 40000000,
  "coverage_pct": 100.0,
  "unique_labelled": 31362459,
  "unique_coverage_pct": 100.0
}
