model d96 x b12: 1,381,050 params
shard /workspace/data/shard_8m n=8,000,000
  loading train: 7,837,574 rows
    10.5 GB in 20s, engine-labelled 100.00%
  loading val: 162,426 rows
    0.2 GB in 0s, engine-labelled 100.00%
steps/epoch 7,653  total 61,224
  e1 step 50/7,653 loss 5.3089 pol 5.1739 val 0.1350 9,478 samples/s
  e1 step 2,000/7,653 loss 3.2466 pol 3.1713 val 0.0753 21,641 samples/s
  e1 step 4,000/7,653 loss 2.7794 pol 2.7142 val 0.0652 24,347 samples/s
  e1 step 6,000/7,653 loss 2.5205 pol 2.4617 val 0.0588 26,128 samples/s
[R0] epoch 1: train_pol 2.3241 val_pol 1.7826 gap +0.5415 | acc 0.4418 (W 0.4416 / B 0.4419) | val_mse 0.0373 | ema_acc 0.4450 | 26,960/s
  e2 step 50/7,653 loss 1.8078 pol 1.7699 val 0.0379 28,242 samples/s
  e2 step 2,000/7,653 loss 1.7811 pol 1.7437 val 0.0374 30,519 samples/s
  e2 step 4,000/7,653 loss 1.7535 pol 1.7175 val 0.0360 28,635 samples/s
  e2 step 6,000/7,653 loss 1.7301 pol 1.6954 val 0.0348 26,008 samples/s
[R0] epoch 2: train_pol 1.6799 val_pol 1.6132 gap +0.0667 | acc 0.4788 (W 0.4790 / B 0.4786) | val_mse 0.0351 | ema_acc 0.4888 | 25,018/s
  e3 step 50/7,653 loss 1.6171 pol 1.5862 val 0.0309 17,970 samples/s
  e3 step 2,000/7,653 loss 1.6153 pol 1.5857 val 0.0296 21,791 samples/s
  e3 step 4,000/7,653 loss 1.6061 pol 1.5770 val 0.0291 21,856 samples/s
  e3 step 6,000/7,653 loss 1.5978 pol 1.5691 val 0.0286 21,859 samples/s
[R0] epoch 3: train_pol 1.5632 val_pol 1.5427 gap +0.0204 | acc 0.4955 (W 0.4954 / B 0.4955) | val_mse 0.0254 | ema_acc 0.5046 | 21,887/s
  e4 step 50/7,653 loss 1.5314 pol 1.5045 val 0.0268 17,896 samples/s
  e4 step 2,000/7,653 loss 1.5351 pol 1.5090 val 0.0262 21,818 samples/s
  e4 step 4,000/7,653 loss 1.5328 pol 1.5070 val 0.0258 21,863 samples/s
  e4 step 6,000/7,653 loss 1.5283 pol 1.5028 val 0.0254 21,903 samples/s
[R0] epoch 4: train_pol 1.4993 val_pol 1.5037 gap -0.0045 | acc 0.5062 (W 0.5068 / B 0.5057) | val_mse 0.0231 | ema_acc 0.5143 | 21,912/s
  e5 step 50/7,653 loss 1.4680 pol 1.4439 val 0.0241 17,591 samples/s
  e5 step 2,000/7,653 loss 1.4810 pol 1.4572 val 0.0238 21,762 samples/s
  e5 step 4,000/7,653 loss 1.4795 pol 1.4559 val 0.0236 21,478 samples/s
  e5 step 6,000/7,653 loss 1.4772 pol 1.4539 val 0.0233 21,641 samples/s
[R0] epoch 5: train_pol 1.4514 val_pol 1.4771 gap -0.0257 | acc 0.5125 (W 0.5121 / B 0.5130) | val_mse 0.0228 | ema_acc 0.5176 | 21,706/s
  e6 step 50/7,653 loss 1.4335 pol 1.4113 val 0.0222 18,217 samples/s
  e6 step 2,000/7,653 loss 1.4386 pol 1.4165 val 0.0221 21,824 samples/s
  e6 step 4,000/7,653 loss 1.4369 pol 1.4150 val 0.0219 21,921 samples/s
  e6 step 6,000/7,653 loss 1.4348 pol 1.4131 val 0.0217 21,913 samples/s
[R0] epoch 6: train_pol 1.4123 val_pol 1.4589 gap -0.0466 | acc 0.5172 (W 0.5175 / B 0.5168) | val_mse 0.0216 | ema_acc 0.5200 | 21,907/s
  e7 step 50/7,653 loss 1.4052 pol 1.3840 val 0.0212 18,244 samples/s
  e7 step 2,000/7,653 loss 1.4034 pol 1.3826 val 0.0208 21,830 samples/s
  e7 step 4,000/7,653 loss 1.4031 pol 1.3823 val 0.0208 21,872 samples/s
  e7 step 6,000/7,653 loss 1.4024 pol 1.3817 val 0.0207 21,872 samples/s
[R0] epoch 7: train_pol 1.3815 val_pol 1.4501 gap -0.0685 | acc 0.5202 (W 0.5205 / B 0.5198) | val_mse 0.0207 | ema_acc 0.5208 | 21,861/s
  e8 step 50/7,653 loss 1.3807 pol 1.3604 val 0.0203 17,887 samples/s
  e8 step 2,000/7,653 loss 1.3842 pol 1.3640 val 0.0202 21,774 samples/s
  e8 step 4,000/7,653 loss 1.3838 pol 1.3637 val 0.0202 21,806 samples/s
  e8 step 6,000/7,653 loss 1.3838 pol 1.3636 val 0.0201 21,821 samples/s
[R0] epoch 8: train_pol 1.3636 val_pol 1.4496 gap -0.0860 | acc 0.5210 (W 0.5212 / B 0.5209) | val_mse 0.0205 | ema_acc 0.5211 | 21,825/s
{
  "epoch": 8,
  "lr": 0.0,
  "train_loss": 1.3836945483657437,
  "train_policy_loss": 1.3635979299372074,
  "train_value_mse": 0.020096619216625197,
  "samples_per_sec": 21825,
  "seconds": 359,
  "val_policy_loss": 1.4496355409142356,
  "val_value_mse": 0.020499882622147508,
  "val_acc": 0.5210372723578738,
  "val_acc_white": 0.5211617546264565,
  "val_acc_black": 0.5209112757364783,
  "ema_val_policy_loss": 1.4496023265070885,
  "ema_val_value_mse": 0.020501293470415304,
  "ema_val_acc": 0.5210618989570636,
  "ema_val_acc_white": 0.5214065406834427,
  "ema_val_acc_black": 0.5207130645920567,
  "train_val_gap": -0.08603761097702822
}
