model d96 x b12: 1,381,050 params
shard /workspace/data/shard_40m n=40,000,000
  loading train: 39,187,501 rows (block-shuffled memmap, 52.7 GB on disk, 5.6 GB buffer)
    engine-labelled 8.84%, 153 blocks of 262,144
  loading val: 812,499 rows (ram)
    1.1 GB in 57s, engine-labelled 8.44%
steps/epoch 38,269  total 306,152
  e1 step 50/38,269 loss 5.9090 pol 5.1887 val 0.7204 2,465 samples/s
  e1 step 2,000/38,269 loss 3.8250 pol 3.1937 val 0.6314 18,635 samples/s
  e1 step 4,000/38,269 loss 3.3559 pol 2.7397 val 0.6162 20,301 samples/s
  e1 step 6,000/38,269 loss 3.0897 pol 2.4818 val 0.6079 20,135 samples/s
  e1 step 8,000/38,269 loss 2.9184 pol 2.3173 val 0.6011 20,614 samples/s
  e1 step 10,000/38,269 loss 2.8005 pol 2.2015 val 0.5990 20,399 samples/s
  e1 step 12,000/38,269 loss 2.7124 pol 2.1154 val 0.5970 20,683 samples/s
  e1 step 14,000/38,269 loss 2.6429 pol 2.0506 val 0.5923 20,539 samples/s
  e1 step 16,000/38,269 loss 2.5865 pol 1.9982 val 0.5883 20,738 samples/s
  e1 step 18,000/38,269 loss 2.5408 pol 1.9545 val 0.5862 20,574 samples/s
  e1 step 20,000/38,269 loss 2.5015 pol 1.9172 val 0.5843 20,724 samples/s
  e1 step 22,000/38,269 loss 2.4675 pol 1.8857 val 0.5819 20,301 samples/s
  e1 step 24,000/38,269 loss 2.4377 pol 1.8581 val 0.5796 20,448 samples/s
  e1 step 26,000/38,269 loss 2.4109 pol 1.8342 val 0.5767 20,169 samples/s
  e1 step 28,000/38,269 loss 2.3869 pol 1.8129 val 0.5740 20,304 samples/s
  e1 step 30,000/38,269 loss 2.3664 pol 1.7937 val 0.5728 20,196 samples/s
  e1 step 32,000/38,269 loss 2.3478 pol 1.7763 val 0.5715 20,313 samples/s
  e1 step 34,000/38,269 loss 2.3307 pol 1.7607 val 0.5701 20,236 samples/s
  e1 step 36,000/38,269 loss 2.3150 pol 1.7464 val 0.5686 20,339 samples/s
  e1 step 38,000/38,269 loss 2.3005 pol 1.7324 val 0.5680 20,349 samples/s
[R1] epoch 1: train_pol 1.7306 val_pol 1.4981 gap +0.2325 | acc 0.5086 (W 0.5075 / B 0.5097) | val_mse 0.5671 | ema_acc 0.5199 | 20,362/s
  e2 step 50/38,269 loss 2.0349 pol 1.4847 val 0.5502 1,789 samples/s
  e2 step 2,000/38,269 loss 2.0280 pol 1.4788 val 0.5491 17,356 samples/s
  e2 step 4,000/38,269 loss 2.0245 pol 1.4765 val 0.5480 19,474 samples/s
  e2 step 6,000/38,269 loss 2.0236 pol 1.4739 val 0.5498 18,892 samples/s
  e2 step 8,000/38,269 loss 2.0205 pol 1.4707 val 0.5499 19,633 samples/s
  e2 step 10,000/38,269 loss 2.0189 pol 1.4706 val 0.5484 19,495 samples/s
  e2 step 12,000/38,269 loss 2.0162 pol 1.4692 val 0.5470 19,421 samples/s
  e2 step 14,000/38,269 loss 2.0139 pol 1.4678 val 0.5462 19,793 samples/s
  e2 step 16,000/38,269 loss 2.0114 pol 1.4661 val 0.5453 19,609 samples/s
  e2 step 18,000/38,269 loss 2.0097 pol 1.4653 val 0.5444 19,878 samples/s
  e2 step 20,000/38,269 loss 2.0074 pol 1.4639 val 0.5435 19,582 samples/s
  e2 step 22,000/38,269 loss 2.0064 pol 1.4618 val 0.5446 19,813 samples/s
  e2 step 24,000/38,269 loss 2.0051 pol 1.4598 val 0.5454 19,625 samples/s
  e2 step 26,000/38,269 loss 2.0034 pol 1.4587 val 0.5448 19,812 samples/s
  e2 step 28,000/38,269 loss 2.0015 pol 1.4574 val 0.5441 19,685 samples/s
  e2 step 30,000/38,269 loss 2.0003 pol 1.4561 val 0.5442 19,845 samples/s
  e2 step 32,000/38,269 loss 1.9988 pol 1.4547 val 0.5441 19,987 samples/s
  e2 step 34,000/38,269 loss 1.9973 pol 1.4528 val 0.5445 19,860 samples/s
  e2 step 36,000/38,269 loss 1.9957 pol 1.4510 val 0.5447 19,989 samples/s
  e2 step 38,000/38,269 loss 1.9945 pol 1.4497 val 0.5448 19,951 samples/s
[R1] epoch 2: train_pol 1.4495 val_pol 1.4294 gap +0.0200 | acc 0.5257 (W 0.5250 / B 0.5265) | val_mse 0.5478 | ema_acc 0.5350 | 19,967/s
  e3 step 50/38,269 loss 1.9586 pol 1.4113 val 0.5473 1,876 samples/s
  e3 step 2,000/38,269 loss 1.9536 pol 1.4139 val 0.5397 17,572 samples/s
  e3 step 4,000/38,269 loss 1.9521 pol 1.4136 val 0.5385 19,645 samples/s
  e3 step 6,000/38,269 loss 1.9525 pol 1.4130 val 0.5395 19,006 samples/s
  e3 step 8,000/38,269 loss 1.9514 pol 1.4119 val 0.5395 19,751 samples/s
  e3 step 10,000/38,269 loss 1.9518 pol 1.4120 val 0.5398 19,453 samples/s
  e3 step 12,000/38,269 loss 1.9508 pol 1.4112 val 0.5396 19,875 samples/s
  e3 step 14,000/38,269 loss 1.9506 pol 1.4109 val 0.5397 19,552 samples/s
  e3 step 16,000/38,269 loss 1.9498 pol 1.4104 val 0.5394 19,865 samples/s
  e3 step 18,000/38,269 loss 1.9496 pol 1.4093 val 0.5403 19,618 samples/s
  e3 step 20,000/38,269 loss 1.9487 pol 1.4081 val 0.5407 19,864 samples/s
  e3 step 22,000/38,269 loss 1.9481 pol 1.4076 val 0.5405 19,655 samples/s
  e3 step 24,000/38,269 loss 1.9473 pol 1.4071 val 0.5402 19,573 samples/s
  e3 step 26,000/38,269 loss 1.9467 pol 1.4063 val 0.5404 19,759 samples/s
  e3 step 28,000/38,269 loss 1.9458 pol 1.4053 val 0.5404 19,707 samples/s
  e3 step 30,000/38,269 loss 1.9451 pol 1.4049 val 0.5402 19,865 samples/s
  e3 step 32,000/38,269 loss 1.9441 pol 1.4043 val 0.5398 19,738 samples/s
  e3 step 34,000/38,269 loss 1.9428 pol 1.4035 val 0.5394 19,880 samples/s
  e3 step 36,000/38,269 loss 1.9413 pol 1.4025 val 0.5388 20,001 samples/s
  e3 step 38,000/38,269 loss 1.9407 pol 1.4017 val 0.5390 20,028 samples/s
[R1] epoch 3: train_pol 1.4016 val_pol 1.3963 gap +0.0053 | acc 0.5346 (W 0.5340 / B 0.5351) | val_mse 0.5467 | ema_acc 0.5419 | 20,043/s
  e4 step 50/38,269 loss 1.8982 pol 1.3588 val 0.5394 2,744 samples/s
  e4 step 2,000/38,269 loss 1.9041 pol 1.3685 val 0.5355 19,000 samples/s
  e4 step 4,000/38,269 loss 1.9019 pol 1.3678 val 0.5341 20,541 samples/s
  e4 step 6,000/38,269 loss 1.9064 pol 1.3715 val 0.5349 19,818 samples/s
  e4 step 8,000/38,269 loss 1.9077 pol 1.3731 val 0.5347 20,396 samples/s
  e4 step 10,000/38,269 loss 1.9093 pol 1.3755 val 0.5338 19,964 samples/s
  e4 step 12,000/38,269 loss 1.9098 pol 1.3771 val 0.5327 20,338 samples/s
  e4 step 14,000/38,269 loss 1.9105 pol 1.3776 val 0.5329 19,959 samples/s
  e4 step 16,000/38,269 loss 1.9107 pol 1.3779 val 0.5328 19,713 samples/s
  e4 step 18,000/38,269 loss 1.9109 pol 1.3772 val 0.5337 19,974 samples/s
  e4 step 20,000/38,269 loss 1.9103 pol 1.3763 val 0.5340 19,795 samples/s
  e4 step 22,000/38,269 loss 1.9105 pol 1.3752 val 0.5353 20,007 samples/s
  e4 step 24,000/38,269 loss 1.9101 pol 1.3741 val 0.5361 19,911 samples/s
  e4 step 26,000/38,269 loss 1.9101 pol 1.3733 val 0.5368 20,082 samples/s
  e4 step 28,000/38,269 loss 1.9095 pol 1.3724 val 0.5371 19,999 samples/s
  e4 step 30,000/38,269 loss 1.9093 pol 1.3724 val 0.5370 20,143 samples/s
  e4 step 32,000/38,269 loss 1.9087 pol 1.3722 val 0.5366 20,268 samples/s
  e4 step 34,000/38,269 loss 1.9087 pol 1.3724 val 0.5363 20,201 samples/s
  e4 step 36,000/38,269 loss 1.9084 pol 1.3725 val 0.5359 20,312 samples/s
  e4 step 38,000/38,269 loss 1.9079 pol 1.3725 val 0.5353 20,334 samples/s
[R1] epoch 4: train_pol 1.3725 val_pol 1.3756 gap -0.0031 | acc 0.5405 (W 0.5398 / B 0.5412) | val_mse 0.5444 | ema_acc 0.5465 | 20,347/s
  e5 step 50/38,269 loss 1.8889 pol 1.3559 val 0.5330 2,687 samples/s
  e5 step 2,000/38,269 loss 1.8873 pol 1.3549 val 0.5324 18,895 samples/s
  e5 step 4,000/38,269 loss 1.8853 pol 1.3536 val 0.5317 20,726 samples/s
  e5 step 6,000/38,269 loss 1.8873 pol 1.3529 val 0.5344 20,053 samples/s
  e5 step 8,000/38,269 loss 1.8872 pol 1.3522 val 0.5351 20,599 samples/s
  e5 step 10,000/38,269 loss 1.8879 pol 1.3527 val 0.5352 20,270 samples/s
  e5 step 12,000/38,269 loss 1.8880 pol 1.3530 val 0.5350 20,588 samples/s
  e5 step 14,000/38,269 loss 1.8876 pol 1.3534 val 0.5342 20,417 samples/s
  e5 step 16,000/38,269 loss 1.8868 pol 1.3534 val 0.5334 20,649 samples/s
  e5 step 18,000/38,269 loss 1.8870 pol 1.3538 val 0.5332 20,449 samples/s
  e5 step 20,000/38,269 loss 1.8866 pol 1.3539 val 0.5327 20,622 samples/s
  e5 step 22,000/38,269 loss 1.8861 pol 1.3535 val 0.5326 20,466 samples/s
  e5 step 24,000/38,269 loss 1.8853 pol 1.3531 val 0.5322 20,608 samples/s
  e5 step 26,000/38,269 loss 1.8850 pol 1.3533 val 0.5317 20,478 samples/s
  e5 step 28,000/38,269 loss 1.8845 pol 1.3534 val 0.5311 20,338 samples/s
  e5 step 30,000/38,269 loss 1.8841 pol 1.3525 val 0.5316 20,460 samples/s
  e5 step 32,000/38,269 loss 1.8835 pol 1.3517 val 0.5319 20,565 samples/s
  e5 step 34,000/38,269 loss 1.8834 pol 1.3511 val 0.5323 20,468 samples/s
  e5 step 36,000/38,269 loss 1.8831 pol 1.3506 val 0.5326 20,566 samples/s
  e5 step 38,000/38,269 loss 1.8824 pol 1.3501 val 0.5323 20,566 samples/s
[R1] epoch 5: train_pol 1.3500 val_pol 1.3572 gap -0.0072 | acc 0.5453 (W 0.5443 / B 0.5463) | val_mse 0.5413 | ema_acc 0.5489 | 20,578/s
  e6 step 50/38,269 loss 1.8743 pol 1.3417 val 0.5326 3,039 samples/s
  e6 step 2,000/38,269 loss 1.8642 pol 1.3364 val 0.5279 19,268 samples/s
  e6 step 4,000/38,269 loss 1.8628 pol 1.3364 val 0.5264 20,677 samples/s
  e6 step 6,000/38,269 loss 1.8647 pol 1.3330 val 0.5317 20,374 samples/s
  e6 step 8,000/38,269 loss 1.8648 pol 1.3313 val 0.5335 20,852 samples/s
  e6 step 10,000/38,269 loss 1.8652 pol 1.3315 val 0.5337 20,433 samples/s
  e6 step 12,000/38,269 loss 1.8650 pol 1.3316 val 0.5335 20,734 samples/s
  e6 step 14,000/38,269 loss 1.8648 pol 1.3323 val 0.5325 20,509 samples/s
  e6 step 16,000/38,269 loss 1.8642 pol 1.3327 val 0.5315 20,724 samples/s
  e6 step 18,000/38,269 loss 1.8627 pol 1.3334 val 0.5294 20,547 samples/s
  e6 step 20,000/38,269 loss 1.8612 pol 1.3337 val 0.5275 20,399 samples/s
  e6 step 22,000/38,269 loss 1.8617 pol 1.3335 val 0.5282 20,567 samples/s
  e6 step 24,000/38,269 loss 1.8618 pol 1.3332 val 0.5286 20,366 samples/s
  e6 step 26,000/38,269 loss 1.8622 pol 1.3329 val 0.5293 20,508 samples/s
  e6 step 28,000/38,269 loss 1.8623 pol 1.3325 val 0.5298 20,376 samples/s
  e6 step 30,000/38,269 loss 1.8621 pol 1.3324 val 0.5297 20,496 samples/s
  e6 step 32,000/38,269 loss 1.8617 pol 1.3322 val 0.5295 20,391 samples/s
  e6 step 34,000/38,269 loss 1.8616 pol 1.3322 val 0.5294 20,499 samples/s
  e6 step 36,000/38,269 loss 1.8613 pol 1.3321 val 0.5292 20,597 samples/s
  e6 step 38,000/38,269 loss 1.8612 pol 1.3315 val 0.5297 20,607 samples/s
[R1] epoch 6: train_pol 1.3314 val_pol 1.3457 gap -0.0143 | acc 0.5485 (W 0.5478 / B 0.5493) | val_mse 0.5418 | ema_acc 0.5502 | 20,619/s
  e7 step 50/38,269 loss 1.8638 pol 1.3257 val 0.5381 2,650 samples/s
  e7 step 2,000/38,269 loss 1.8513 pol 1.3168 val 0.5346 18,837 samples/s
  e7 step 4,000/38,269 loss 1.8497 pol 1.3159 val 0.5337 20,436 samples/s
  e7 step 6,000/38,269 loss 1.8473 pol 1.3188 val 0.5285 20,035 samples/s
  e7 step 8,000/38,269 loss 1.8458 pol 1.3205 val 0.5253 20,599 samples/s
  e7 step 10,000/38,269 loss 1.8475 pol 1.3204 val 0.5270 20,216 samples/s
  e7 step 12,000/38,269 loss 1.8481 pol 1.3201 val 0.5280 20,538 samples/s
  e7 step 14,000/38,269 loss 1.8481 pol 1.3205 val 0.5276 20,254 samples/s
  e7 step 16,000/38,269 loss 1.8476 pol 1.3206 val 0.5271 20,500 samples/s
  e7 step 18,000/38,269 loss 1.8478 pol 1.3198 val 0.5281 20,248 samples/s
  e7 step 20,000/38,269 loss 1.8476 pol 1.3188 val 0.5288 20,068 samples/s
  e7 step 22,000/38,269 loss 1.8473 pol 1.3185 val 0.5288 20,267 samples/s
  e7 step 24,000/38,269 loss 1.8469 pol 1.3182 val 0.5287 20,160 samples/s
  e7 step 26,000/38,269 loss 1.8469 pol 1.3185 val 0.5284 20,313 samples/s
  e7 step 28,000/38,269 loss 1.8469 pol 1.3188 val 0.5281 20,180 samples/s
  e7 step 30,000/38,269 loss 1.8467 pol 1.3185 val 0.5282 20,314 samples/s
  e7 step 32,000/38,269 loss 1.8464 pol 1.3182 val 0.5282 20,429 samples/s
  e7 step 34,000/38,269 loss 1.8458 pol 1.3180 val 0.5278 20,345 samples/s
  e7 step 36,000/38,269 loss 1.8451 pol 1.3178 val 0.5274 20,447 samples/s
  e7 step 38,000/38,269 loss 1.8453 pol 1.3173 val 0.5280 20,455 samples/s
[R1] epoch 7: train_pol 1.3173 val_pol 1.3378 gap -0.0205 | acc 0.5511 (W 0.5502 / B 0.5520) | val_mse 0.5387 | ema_acc 0.5515 | 20,467/s
  e8 step 50/38,269 loss 1.8223 pol 1.3040 val 0.5184 3,095 samples/s
  e8 step 2,000/38,269 loss 1.8253 pol 1.3077 val 0.5177 19,386 samples/s
  e8 step 4,000/38,269 loss 1.8264 pol 1.3085 val 0.5179 18,889 samples/s
  e8 step 6,000/38,269 loss 1.8297 pol 1.3110 val 0.5188 19,920 samples/s
  e8 step 8,000/38,269 loss 1.8313 pol 1.3122 val 0.5192 19,615 samples/s
  e8 step 10,000/38,269 loss 1.8332 pol 1.3118 val 0.5213 20,110 samples/s
  e8 step 12,000/38,269 loss 1.8344 pol 1.3116 val 0.5227 19,935 samples/s
  e8 step 14,000/38,269 loss 1.8349 pol 1.3111 val 0.5238 20,246 samples/s
  e8 step 16,000/38,269 loss 1.8349 pol 1.3104 val 0.5245 20,087 samples/s
  e8 step 18,000/38,269 loss 1.8355 pol 1.3105 val 0.5251 20,311 samples/s
  e8 step 20,000/38,269 loss 1.8359 pol 1.3105 val 0.5254 20,143 samples/s
  e8 step 22,000/38,269 loss 1.8355 pol 1.3097 val 0.5258 20,324 samples/s
  e8 step 24,000/38,269 loss 1.8353 pol 1.3092 val 0.5261 20,202 samples/s
  e8 step 26,000/38,269 loss 1.8357 pol 1.3095 val 0.5262 20,353 samples/s
  e8 step 28,000/38,269 loss 1.8361 pol 1.3098 val 0.5263 20,260 samples/s
  e8 step 30,000/38,269 loss 1.8360 pol 1.3099 val 0.5262 20,387 samples/s
  e8 step 32,000/38,269 loss 1.8361 pol 1.3100 val 0.5260 20,301 samples/s
  e8 step 34,000/38,269 loss 1.8362 pol 1.3096 val 0.5266 20,411 samples/s
  e8 step 36,000/38,269 loss 1.8364 pol 1.3094 val 0.5270 20,512 samples/s
  e8 step 38,000/38,269 loss 1.8364 pol 1.3092 val 0.5273 20,520 samples/s
[R1] epoch 8: train_pol 1.3092 val_pol 1.3363 gap -0.0271 | acc 0.5516 (W 0.5507 / B 0.5525) | val_mse 0.5382 | ema_acc 0.5517 | 20,532/s
{
  "epoch": 8,
  "lr": 0.0,
  "train_loss": 1.8364595756491138,
  "train_policy_loss": 1.3091677708454965,
  "train_value_mse": 0.5272918049461303,
  "samples_per_sec": 20532,
  "seconds": 1909,
  "val_policy_loss": 1.3363077187117762,
  "val_value_mse": 0.5382099105631675,
  "val_acc": 0.551595755810161,
  "val_acc_white": 0.5506688746419582,
  "val_acc_black": 0.5525344457711344,
  "ema_val_policy_loss": 1.3363351445053926,
  "ema_val_value_mse": 0.5382079275826963,
  "ema_val_acc": 0.5516597558889303,
  "ema_val_acc_white": 0.5506615364670602,
  "ema_val_acc_black": 0.5526706929780667,
  "train_val_gap": -0.027139947866279712
}
