model d96 x b12: 1,381,050 params
shard /workspace/data/shard_40m n=40,000,000
  loading train: 39,187,501 rows (block-shuffled memmap, 52.7 GB on disk, 5.6 GB buffer)
    engine-labelled 100.00%, 153 blocks of 262,144
  loading val: 812,499 rows (ram)
    1.1 GB in 61s, engine-labelled 100.00%
steps/epoch 38,269  total 306,152
  e1 step 50/38,269 loss 5.3083 pol 5.1788 val 0.1294 1,735 samples/s
  e1 step 2,000/38,269 loss 3.2368 pol 3.1651 val 0.0717 21,729 samples/s
  e1 step 4,000/38,269 loss 2.7670 pol 2.7046 val 0.0623 25,464 samples/s
  e1 step 6,000/38,269 loss 2.5068 pol 2.4506 val 0.0562 23,347 samples/s
  e1 step 8,000/38,269 loss 2.3403 pol 2.2886 val 0.0517 24,842 samples/s
  e1 step 10,000/38,269 loss 2.2229 pol 2.1744 val 0.0484 24,200 samples/s
  e1 step 12,000/38,269 loss 2.1354 pol 2.0896 val 0.0459 25,090 samples/s
  e1 step 14,000/38,269 loss 2.0697 pol 2.0259 val 0.0438 24,838 samples/s
  e1 step 16,000/38,269 loss 2.0167 pol 1.9747 val 0.0420 25,450 samples/s
  e1 step 18,000/38,269 loss 1.9724 pol 1.9318 val 0.0406 25,017 samples/s
  e1 step 20,000/38,269 loss 1.9348 pol 1.8955 val 0.0393 25,454 samples/s
  e1 step 22,000/38,269 loss 1.9029 pol 1.8647 val 0.0382 24,782 samples/s
  e1 step 24,000/38,269 loss 1.8752 pol 1.8380 val 0.0372 25,189 samples/s
  e1 step 26,000/38,269 loss 1.8510 pol 1.8147 val 0.0363 24,920 samples/s
  e1 step 28,000/38,269 loss 1.8295 pol 1.7940 val 0.0355 25,263 samples/s
  e1 step 30,000/38,269 loss 1.8102 pol 1.7754 val 0.0348 24,982 samples/s
  e1 step 32,000/38,269 loss 1.7926 pol 1.7585 val 0.0341 25,278 samples/s
  e1 step 34,000/38,269 loss 1.7768 pol 1.7433 val 0.0335 25,256 samples/s
  e1 step 36,000/38,269 loss 1.7624 pol 1.7295 val 0.0329 25,509 samples/s
  e1 step 38,000/38,269 loss 1.7483 pol 1.7159 val 0.0324 25,639 samples/s
[R2] epoch 1: train_pol 1.7141 val_pol 1.4844 gap +0.2297 | acc 0.5120 (W 0.5110 / B 0.5130) | val_mse 0.0221 | ema_acc 0.4982 | 25,669/s
  e2 step 50/38,269 loss 1.4947 pol 1.4720 val 0.0228 4,700 samples/s
  e2 step 2,000/38,269 loss 1.4914 pol 1.4688 val 0.0226 27,011 samples/s
  e2 step 4,000/38,269 loss 1.4895 pol 1.4671 val 0.0225 28,760 samples/s
  e2 step 6,000/38,269 loss 1.4869 pol 1.4645 val 0.0224 27,355 samples/s
  e2 step 8,000/38,269 loss 1.4836 pol 1.4613 val 0.0223 28,132 samples/s
  e2 step 10,000/38,269 loss 1.4836 pol 1.4614 val 0.0222 27,866 samples/s
  e2 step 12,000/38,269 loss 1.4823 pol 1.4602 val 0.0221 27,562 samples/s
  e2 step 14,000/38,269 loss 1.4810 pol 1.4590 val 0.0220 27,977 samples/s
  e2 step 16,000/38,269 loss 1.4794 pol 1.4575 val 0.0219 27,777 samples/s
  e2 step 18,000/38,269 loss 1.4786 pol 1.4568 val 0.0218 28,079 samples/s
  e2 step 20,000/38,269 loss 1.4773 pol 1.4557 val 0.0217 27,923 samples/s
  e2 step 22,000/38,269 loss 1.4753 pol 1.4537 val 0.0216 28,159 samples/s
  e2 step 24,000/38,269 loss 1.4734 pol 1.4518 val 0.0215 27,675 samples/s
  e2 step 26,000/38,269 loss 1.4722 pol 1.4508 val 0.0215 27,884 samples/s
  e2 step 28,000/38,269 loss 1.4710 pol 1.4497 val 0.0214 26,481 samples/s
  e2 step 30,000/38,269 loss 1.4698 pol 1.4485 val 0.0213 26,727 samples/s
  e2 step 32,000/38,269 loss 1.4684 pol 1.4472 val 0.0212 26,943 samples/s
  e2 step 34,000/38,269 loss 1.4665 pol 1.4454 val 0.0212 25,937 samples/s
  e2 step 36,000/38,269 loss 1.4647 pol 1.4436 val 0.0211 26,160 samples/s
  e2 step 38,000/38,269 loss 1.4634 pol 1.4424 val 0.0210 26,025 samples/s
[R2] epoch 2: train_pol 1.4422 val_pol 1.4234 gap +0.0188 | acc 0.5270 (W 0.5266 / B 0.5274) | val_mse 0.0197 | ema_acc 0.5367 | 26,053/s
  e3 step 50/38,269 loss 1.4242 pol 1.4040 val 0.0202 1,381 samples/s
  e3 step 2,000/38,269 loss 1.4278 pol 1.4083 val 0.0195 20,085 samples/s
  e3 step 4,000/38,269 loss 1.4276 pol 1.4080 val 0.0196 24,297 samples/s
  e3 step 6,000/38,269 loss 1.4271 pol 1.4076 val 0.0195 21,958 samples/s
  e3 step 8,000/38,269 loss 1.4258 pol 1.4063 val 0.0195 23,644 samples/s
  e3 step 10,000/38,269 loss 1.4259 pol 1.4064 val 0.0195 22,421 samples/s
  e3 step 12,000/38,269 loss 1.4251 pol 1.4056 val 0.0194 23,478 samples/s
  e3 step 14,000/38,269 loss 1.4248 pol 1.4055 val 0.0194 22,223 samples/s
  e3 step 16,000/38,269 loss 1.4243 pol 1.4050 val 0.0193 23,020 samples/s
  e3 step 18,000/38,269 loss 1.4231 pol 1.4038 val 0.0193 22,441 samples/s
  e3 step 20,000/38,269 loss 1.4219 pol 1.4026 val 0.0193 23,064 samples/s
  e3 step 22,000/38,269 loss 1.4214 pol 1.4022 val 0.0192 22,553 samples/s
  e3 step 24,000/38,269 loss 1.4208 pol 1.4017 val 0.0191 22,287 samples/s
  e3 step 26,000/38,269 loss 1.4201 pol 1.4010 val 0.0191 22,770 samples/s
  e3 step 28,000/38,269 loss 1.4191 pol 1.4000 val 0.0191 22,529 samples/s
  e3 step 30,000/38,269 loss 1.4186 pol 1.3996 val 0.0190 22,938 samples/s
  e3 step 32,000/38,269 loss 1.4181 pol 1.3991 val 0.0190 22,610 samples/s
  e3 step 34,000/38,269 loss 1.4172 pol 1.3982 val 0.0189 22,968 samples/s
  e3 step 36,000/38,269 loss 1.4162 pol 1.3974 val 0.0189 23,295 samples/s
  e3 step 38,000/38,269 loss 1.4155 pol 1.3966 val 0.0188 23,492 samples/s
[R2] epoch 3: train_pol 1.3965 val_pol 1.3925 gap +0.0040 | acc 0.5360 (W 0.5359 / B 0.5361) | val_mse 0.0185 | ema_acc 0.5436 | 23,531/s
  e4 step 50/38,269 loss 1.3707 pol 1.3527 val 0.0180 4,946 samples/s
  e4 step 2,000/38,269 loss 1.3816 pol 1.3635 val 0.0180 27,192 samples/s
  e4 step 4,000/38,269 loss 1.3808 pol 1.3627 val 0.0180 28,804 samples/s
  e4 step 6,000/38,269 loss 1.3846 pol 1.3666 val 0.0180 26,607 samples/s
  e4 step 8,000/38,269 loss 1.3862 pol 1.3682 val 0.0180 27,513 samples/s
  e4 step 10,000/38,269 loss 1.3886 pol 1.3706 val 0.0180 24,660 samples/s
  e4 step 12,000/38,269 loss 1.3901 pol 1.3722 val 0.0179 25,502 samples/s
  e4 step 14,000/38,269 loss 1.3907 pol 1.3728 val 0.0179 24,547 samples/s
  e4 step 16,000/38,269 loss 1.3909 pol 1.3731 val 0.0178 23,257 samples/s
  e4 step 18,000/38,269 loss 1.3903 pol 1.3724 val 0.0178 23,906 samples/s
  e4 step 20,000/38,269 loss 1.3894 pol 1.3716 val 0.0178 23,467 samples/s
  e4 step 22,000/38,269 loss 1.3883 pol 1.3705 val 0.0178 23,984 samples/s
  e4 step 24,000/38,269 loss 1.3872 pol 1.3694 val 0.0178 22,921 samples/s
  e4 step 26,000/38,269 loss 1.3864 pol 1.3687 val 0.0178 23,380 samples/s
  e4 step 28,000/38,269 loss 1.3855 pol 1.3678 val 0.0177 22,817 samples/s
  e4 step 30,000/38,269 loss 1.3855 pol 1.3678 val 0.0177 23,218 samples/s
  e4 step 32,000/38,269 loss 1.3853 pol 1.3676 val 0.0177 23,578 samples/s
  e4 step 34,000/38,269 loss 1.3855 pol 1.3678 val 0.0176 23,053 samples/s
  e4 step 36,000/38,269 loss 1.3856 pol 1.3680 val 0.0176 23,378 samples/s
  e4 step 38,000/38,269 loss 1.3856 pol 1.3680 val 0.0176 23,427 samples/s
[R2] epoch 4: train_pol 1.3680 val_pol 1.3714 gap -0.0034 | acc 0.5416 (W 0.5413 / B 0.5419) | val_mse 0.0187 | ema_acc 0.5241 | 23,467/s
  e5 step 50/38,269 loss 1.3662 pol 1.3492 val 0.0170 1,149 samples/s
  e5 step 2,000/38,269 loss 1.3669 pol 1.3498 val 0.0170 18,715 samples/s
  e5 step 4,000/38,269 loss 1.3659 pol 1.3490 val 0.0170 23,268 samples/s
  e5 step 6,000/38,269 loss 1.3652 pol 1.3483 val 0.0169 20,947 samples/s
  e5 step 8,000/38,269 loss 1.3645 pol 1.3476 val 0.0169 22,761 samples/s
  e5 step 10,000/38,269 loss 1.3650 pol 1.3481 val 0.0169 21,575 samples/s
  e5 step 12,000/38,269 loss 1.3653 pol 1.3484 val 0.0168 22,695 samples/s
  e5 step 14,000/38,269 loss 1.3657 pol 1.3489 val 0.0168 21,704 samples/s
  e5 step 16,000/38,269 loss 1.3657 pol 1.3489 val 0.0168 22,529 samples/s
  e5 step 18,000/38,269 loss 1.3663 pol 1.3495 val 0.0168 21,940 samples/s
  e5 step 20,000/38,269 loss 1.3663 pol 1.3495 val 0.0168 22,587 samples/s
  e5 step 22,000/38,269 loss 1.3660 pol 1.3492 val 0.0168 21,968 samples/s
  e5 step 24,000/38,269 loss 1.3655 pol 1.3487 val 0.0167 22,504 samples/s
  e5 step 26,000/38,269 loss 1.3657 pol 1.3490 val 0.0167 22,153 samples/s
  e5 step 28,000/38,269 loss 1.3658 pol 1.3491 val 0.0167 21,716 samples/s
  e5 step 30,000/38,269 loss 1.3649 pol 1.3482 val 0.0167 22,151 samples/s
  e5 step 32,000/38,269 loss 1.3640 pol 1.3474 val 0.0166 22,545 samples/s
  e5 step 34,000/38,269 loss 1.3634 pol 1.3468 val 0.0166 22,618 samples/s
  e5 step 36,000/38,269 loss 1.3629 pol 1.3463 val 0.0166 22,955 samples/s
  e5 step 38,000/38,269 loss 1.3624 pol 1.3458 val 0.0166 23,190 samples/s
[R2] epoch 5: train_pol 1.3458 val_pol 1.3545 gap -0.0088 | acc 0.5460 (W 0.5458 / B 0.5462) | val_mse 0.0162 | ema_acc 0.5494 | 23,230/s
  e6 step 50/38,269 loss 1.3554 pol 1.3387 val 0.0167 1,483 samples/s
  e6 step 2,000/38,269 loss 1.3482 pol 1.3321 val 0.0162 20,595 samples/s
  e6 step 4,000/38,269 loss 1.3482 pol 1.3322 val 0.0161 24,664 samples/s
  e6 step 6,000/38,269 loss 1.3446 pol 1.3286 val 0.0161 24,138 samples/s
  e6 step 8,000/38,269 loss 1.3430 pol 1.3269 val 0.0161 25,389 samples/s
  e6 step 10,000/38,269 loss 1.3432 pol 1.3271 val 0.0161 24,899 samples/s
  e6 step 12,000/38,269 loss 1.3433 pol 1.3273 val 0.0160 25,638 samples/s
  e6 step 14,000/38,269 loss 1.3440 pol 1.3280 val 0.0160 25,225 samples/s
  e6 step 16,000/38,269 loss 1.3443 pol 1.3283 val 0.0160 25,747 samples/s
  e6 step 18,000/38,269 loss 1.3449 pol 1.3290 val 0.0160 25,271 samples/s
  e6 step 20,000/38,269 loss 1.3453 pol 1.3294 val 0.0159 25,124 samples/s
  e6 step 22,000/38,269 loss 1.3450 pol 1.3291 val 0.0159 25,545 samples/s
  e6 step 24,000/38,269 loss 1.3447 pol 1.3288 val 0.0159 25,060 samples/s
  e6 step 26,000/38,269 loss 1.3444 pol 1.3285 val 0.0159 25,376 samples/s
  e6 step 28,000/38,269 loss 1.3440 pol 1.3281 val 0.0159 25,129 samples/s
  e6 step 30,000/38,269 loss 1.3439 pol 1.3280 val 0.0159 25,397 samples/s
  e6 step 32,000/38,269 loss 1.3437 pol 1.3279 val 0.0158 25,214 samples/s
  e6 step 34,000/38,269 loss 1.3437 pol 1.3279 val 0.0158 25,448 samples/s
  e6 step 36,000/38,269 loss 1.3436 pol 1.3278 val 0.0158 25,660 samples/s
  e6 step 38,000/38,269 loss 1.3430 pol 1.3272 val 0.0158 25,667 samples/s
[R2] epoch 6: train_pol 1.3271 val_pol 1.3425 gap -0.0154 | acc 0.5497 (W 0.5494 / B 0.5501) | val_mse 0.0157 | ema_acc 0.5513 | 25,691/s
  e7 step 50/38,269 loss 1.3341 pol 1.3184 val 0.0157 1,556 samples/s
  e7 step 2,000/38,269 loss 1.3283 pol 1.3127 val 0.0156 20,541 samples/s
  e7 step 4,000/38,269 loss 1.3274 pol 1.3119 val 0.0156 24,334 samples/s
  e7 step 6,000/38,269 loss 1.3302 pol 1.3147 val 0.0154 23,313 samples/s
  e7 step 8,000/38,269 loss 1.3319 pol 1.3165 val 0.0154 24,808 samples/s
  e7 step 10,000/38,269 loss 1.3317 pol 1.3164 val 0.0154 24,398 samples/s
  e7 step 12,000/38,269 loss 1.3313 pol 1.3159 val 0.0154 25,268 samples/s
  e7 step 14,000/38,269 loss 1.3316 pol 1.3162 val 0.0153 24,968 samples/s
  e7 step 16,000/38,269 loss 1.3317 pol 1.3164 val 0.0153 25,569 samples/s
  e7 step 18,000/38,269 loss 1.3308 pol 1.3155 val 0.0153 25,224 samples/s
  e7 step 20,000/38,269 loss 1.3299 pol 1.3146 val 0.0153 24,900 samples/s
  e7 step 22,000/38,269 loss 1.3296 pol 1.3142 val 0.0153 25,339 samples/s
  e7 step 24,000/38,269 loss 1.3292 pol 1.3139 val 0.0153 25,020 samples/s
  e7 step 26,000/38,269 loss 1.3295 pol 1.3142 val 0.0153 25,385 samples/s
  e7 step 28,000/38,269 loss 1.3298 pol 1.3145 val 0.0153 25,181 samples/s
  e7 step 30,000/38,269 loss 1.3295 pol 1.3142 val 0.0153 25,488 samples/s
  e7 step 32,000/38,269 loss 1.3292 pol 1.3139 val 0.0153 25,761 samples/s
  e7 step 34,000/38,269 loss 1.3289 pol 1.3136 val 0.0153 24,873 samples/s
  e7 step 36,000/38,269 loss 1.3287 pol 1.3134 val 0.0152 25,140 samples/s
  e7 step 38,000/38,269 loss 1.3282 pol 1.3130 val 0.0152 25,139 samples/s
[R2] epoch 7: train_pol 1.3129 val_pol 1.3345 gap -0.0216 | acc 0.5522 (W 0.5520 / B 0.5525) | val_mse 0.0153 | ema_acc 0.5527 | 25,171/s
  e8 step 50/38,269 loss 1.3152 pol 1.3004 val 0.0148 2,491 samples/s
  e8 step 2,000/38,269 loss 1.3181 pol 1.3031 val 0.0150 23,958 samples/s
  e8 step 4,000/38,269 loss 1.3191 pol 1.3041 val 0.0150 22,393 samples/s
  e8 step 6,000/38,269 loss 1.3212 pol 1.3063 val 0.0150 24,397 samples/s
  e8 step 8,000/38,269 loss 1.3225 pol 1.3076 val 0.0149 23,431 samples/s
  e8 step 10,000/38,269 loss 1.3223 pol 1.3073 val 0.0150 24,472 samples/s
  e8 step 12,000/38,269 loss 1.3220 pol 1.3070 val 0.0150 23,811 samples/s
  e8 step 14,000/38,269 loss 1.3215 pol 1.3065 val 0.0150 24,496 samples/s
  e8 step 16,000/38,269 loss 1.3208 pol 1.3058 val 0.0150 23,891 samples/s
  e8 step 18,000/38,269 loss 1.3209 pol 1.3059 val 0.0150 24,409 samples/s
  e8 step 20,000/38,269 loss 1.3209 pol 1.3059 val 0.0150 24,120 samples/s
  e8 step 22,000/38,269 loss 1.3202 pol 1.3052 val 0.0150 24,531 samples/s
  e8 step 24,000/38,269 loss 1.3197 pol 1.3047 val 0.0150 24,275 samples/s
  e8 step 26,000/38,269 loss 1.3200 pol 1.3050 val 0.0150 24,616 samples/s
  e8 step 28,000/38,269 loss 1.3204 pol 1.3054 val 0.0150 24,340 samples/s
  e8 step 30,000/38,269 loss 1.3204 pol 1.3055 val 0.0150 24,630 samples/s
  e8 step 32,000/38,269 loss 1.3206 pol 1.3056 val 0.0150 24,439 samples/s
  e8 step 34,000/38,269 loss 1.3202 pol 1.3052 val 0.0150 24,690 samples/s
  e8 step 36,000/38,269 loss 1.3199 pol 1.3050 val 0.0150 24,916 samples/s
  e8 step 38,000/38,269 loss 1.3197 pol 1.3047 val 0.0150 24,852 samples/s
[R2] epoch 8: train_pol 1.3047 val_pol 1.3331 gap -0.0284 | acc 0.5528 (W 0.5526 / B 0.5530) | val_mse 0.0152 | ema_acc 0.5528 | 24,879/s
{
  "epoch": 8,
  "lr": 0.0,
  "train_loss": 1.3197082781107001,
  "train_policy_loss": 1.3047364567435655,
  "train_value_mse": 0.014971821678565287,
  "samples_per_sec": 24879,
  "seconds": 1575,
  "val_policy_loss": 1.3331443359629633,
  "val_value_mse": 0.01516225064168649,
  "val_acc": 0.5528339111801984,
  "val_acc_white": 0.5526355055146385,
  "val_acc_black": 0.5530348446038674,
  "ema_val_policy_loss": 1.3331072204359233,
  "ema_val_value_mse": 0.015175320481370092,
  "ema_val_acc": 0.552789603433358,
  "ema_val_acc_white": 0.5525890304069507,
  "ema_val_acc_black": 0.5529927318308157,
  "train_val_gap": -0.028407879219397802
}
