model d128 x b12: 2,438,314 params
shard /workspace/data/shard_40m n=40,000,000
  loading train: 39,187,501 rows (block-shuffled, 52.7 GB on disk; resident 5.6 GB window x2 + 0.4 GB staging)
    value target: blend on 100.00% of rows, outcome elsewhere; 153 blocks of 262,144
  loading val: 812,499 rows (ram)
    1.1 GB in 66s; value target: blend on 100.00% of rows, outcome elsewhere
git edd07b77ee01  shard meta sha256 03d416be8416aac5  value source blend
steps/epoch 38,269  total 306,152
  e1 step 50/38,269 loss 5.1950 pol 4.8824 val 0.3126 4,157 samples/s
  e1 step 2,000/38,269 loss 3.3974 pol 3.1632 val 0.2342 20,574 samples/s
  e1 step 4,000/38,269 loss 2.9220 pol 2.6989 val 0.2231 21,633 samples/s
  e1 step 6,000/38,269 loss 2.6515 pol 2.4361 val 0.2154 21,996 samples/s
  e1 step 8,000/38,269 loss 2.4784 pol 2.2686 val 0.2098 22,195 samples/s
  e1 step 10,000/38,269 loss 2.3577 pol 2.1516 val 0.2061 22,312 samples/s
  e1 step 12,000/38,269 loss 2.2677 pol 2.0648 val 0.2029 22,395 samples/s
  e1 step 14,000/38,269 loss 2.1994 pol 1.9997 val 0.1997 22,449 samples/s
  e1 step 16,000/38,269 loss 2.1445 pol 1.9475 val 0.1971 22,496 samples/s
  e1 step 18,000/38,269 loss 2.0989 pol 1.9038 val 0.1950 22,529 samples/s
  e1 step 20,000/38,269 loss 2.0600 pol 1.8668 val 0.1932 22,559 samples/s
  e1 step 22,000/38,269 loss 2.0270 pol 1.8354 val 0.1916 22,580 samples/s
  e1 step 24,000/38,269 loss 1.9982 pol 1.8081 val 0.1901 22,601 samples/s
  e1 step 26,000/38,269 loss 1.9728 pol 1.7843 val 0.1884 22,613 samples/s
  e1 step 28,000/38,269 loss 1.9502 pol 1.7632 val 0.1869 22,627 samples/s
  e1 step 30,000/38,269 loss 1.9302 pol 1.7443 val 0.1859 22,636 samples/s
  e1 step 32,000/38,269 loss 1.9119 pol 1.7271 val 0.1848 22,646 samples/s
  e1 step 34,000/38,269 loss 1.8955 pol 1.7116 val 0.1839 22,655 samples/s
  e1 step 36,000/38,269 loss 1.8805 pol 1.6975 val 0.1830 22,664 samples/s
  e1 step 38,000/38,269 loss 1.8661 pol 1.6837 val 0.1824 22,672 samples/s
[R7a] epoch 1: train_pol 1.6819 val_pol 1.4495 gap +0.2323 | acc 0.5205 (W 0.5196 / B 0.5215) | val_mse 0.1767 | ema_acc 0.5282 | 22,664/s
  e2 step 50/38,269 loss 1.6011 pol 1.4319 val 0.1692 2,810 samples/s
  e2 step 2,000/38,269 loss 1.5994 pol 1.4315 val 0.1679 19,361 samples/s
  e2 step 4,000/38,269 loss 1.5967 pol 1.4291 val 0.1675 20,951 samples/s
  e2 step 6,000/38,269 loss 1.5947 pol 1.4266 val 0.1681 21,529 samples/s
  e2 step 8,000/38,269 loss 1.5916 pol 1.4235 val 0.1681 21,842 samples/s
  e2 step 10,000/38,269 loss 1.5911 pol 1.4235 val 0.1676 22,024 samples/s
  e2 step 12,000/38,269 loss 1.5893 pol 1.4222 val 0.1671 22,149 samples/s
  e2 step 14,000/38,269 loss 1.5879 pol 1.4209 val 0.1670 22,243 samples/s
  e2 step 16,000/38,269 loss 1.5861 pol 1.4193 val 0.1667 22,311 samples/s
  e2 step 18,000/38,269 loss 1.5850 pol 1.4186 val 0.1664 22,365 samples/s
  e2 step 20,000/38,269 loss 1.5834 pol 1.4174 val 0.1660 22,413 samples/s
  e2 step 22,000/38,269 loss 1.5817 pol 1.4155 val 0.1662 22,465 samples/s
  e2 step 24,000/38,269 loss 1.5799 pol 1.4136 val 0.1663 22,512 samples/s
  e2 step 26,000/38,269 loss 1.5787 pol 1.4126 val 0.1661 22,552 samples/s
  e2 step 28,000/38,269 loss 1.5773 pol 1.4114 val 0.1658 22,589 samples/s
  e2 step 30,000/38,269 loss 1.5760 pol 1.4103 val 0.1658 22,622 samples/s
  e2 step 32,000/38,269 loss 1.5746 pol 1.4090 val 0.1657 22,651 samples/s
  e2 step 34,000/38,269 loss 1.5729 pol 1.4072 val 0.1657 22,676 samples/s
  e2 step 36,000/38,269 loss 1.5710 pol 1.4054 val 0.1656 22,699 samples/s
  e2 step 38,000/38,269 loss 1.5698 pol 1.4042 val 0.1655 22,720 samples/s
[R7a] epoch 2: train_pol 1.4040 val_pol 1.3859 gap +0.0181 | acc 0.5368 (W 0.5362 / B 0.5374) | val_mse 0.1663 | ema_acc 0.5396 | 22,715/s
  e3 step 50/38,269 loss 1.5309 pol 1.3660 val 0.1650 3,140 samples/s
  e3 step 2,000/38,269 loss 1.5296 pol 1.3664 val 0.1632 19,921 samples/s
  e3 step 4,000/38,269 loss 1.5291 pol 1.3662 val 0.1629 21,394 samples/s
  e3 step 6,000/38,269 loss 1.5287 pol 1.3658 val 0.1629 21,926 samples/s
  e3 step 8,000/38,269 loss 1.5275 pol 1.3647 val 0.1627 22,210 samples/s
  e3 step 10,000/38,269 loss 1.5279 pol 1.3650 val 0.1629 22,377 samples/s
  e3 step 12,000/38,269 loss 1.5273 pol 1.3645 val 0.1628 22,495 samples/s
  e3 step 14,000/38,269 loss 1.5270 pol 1.3644 val 0.1626 22,575 samples/s
  e3 step 16,000/38,269 loss 1.5263 pol 1.3639 val 0.1624 22,640 samples/s
  e3 step 18,000/38,269 loss 1.5255 pol 1.3629 val 0.1626 22,688 samples/s
  e3 step 20,000/38,269 loss 1.5245 pol 1.3618 val 0.1627 22,729 samples/s
  e3 step 22,000/38,269 loss 1.5240 pol 1.3615 val 0.1625 22,761 samples/s
  e3 step 24,000/38,269 loss 1.5234 pol 1.3610 val 0.1624 22,788 samples/s
  e3 step 26,000/38,269 loss 1.5228 pol 1.3603 val 0.1624 22,811 samples/s
  e3 step 28,000/38,269 loss 1.5219 pol 1.3595 val 0.1624 22,831 samples/s
  e3 step 30,000/38,269 loss 1.5214 pol 1.3591 val 0.1624 22,847 samples/s
  e3 step 32,000/38,269 loss 1.5208 pol 1.3586 val 0.1622 22,862 samples/s
  e3 step 34,000/38,269 loss 1.5198 pol 1.3578 val 0.1621 22,876 samples/s
  e3 step 36,000/38,269 loss 1.5188 pol 1.3569 val 0.1619 22,889 samples/s
  e3 step 38,000/38,269 loss 1.5181 pol 1.3562 val 0.1619 22,900 samples/s
[R7a] epoch 3: train_pol 1.3561 val_pol 1.3543 gap +0.0018 | acc 0.5460 (W 0.5452 / B 0.5468) | val_mse 0.1633 | ema_acc 0.5523 | 22,893/s
  e4 step 50/38,269 loss 1.4702 pol 1.3089 val 0.1613 3,091 samples/s
  e4 step 2,000/38,269 loss 1.4797 pol 1.3194 val 0.1603 19,877 samples/s
  e4 step 4,000/38,269 loss 1.4788 pol 1.3189 val 0.1599 21,370 samples/s
  e4 step 6,000/38,269 loss 1.4832 pol 1.3230 val 0.1602 21,911 samples/s
  e4 step 8,000/38,269 loss 1.4851 pol 1.3250 val 0.1602 22,197 samples/s
  e4 step 10,000/38,269 loss 1.4873 pol 1.3275 val 0.1598 22,367 samples/s
  e4 step 12,000/38,269 loss 1.4886 pol 1.3292 val 0.1595 22,487 samples/s
  e4 step 14,000/38,269 loss 1.4894 pol 1.3299 val 0.1596 22,569 samples/s
  e4 step 16,000/38,269 loss 1.4898 pol 1.3302 val 0.1596 22,633 samples/s
  e4 step 18,000/38,269 loss 1.4894 pol 1.3297 val 0.1597 22,683 samples/s
  e4 step 20,000/38,269 loss 1.4886 pol 1.3288 val 0.1597 22,724 samples/s
  e4 step 22,000/38,269 loss 1.4879 pol 1.3279 val 0.1600 22,756 samples/s
  e4 step 24,000/38,269 loss 1.4871 pol 1.3269 val 0.1602 22,783 samples/s
  e4 step 26,000/38,269 loss 1.4866 pol 1.3262 val 0.1604 22,806 samples/s
  e4 step 28,000/38,269 loss 1.4859 pol 1.3255 val 0.1604 22,826 samples/s
  e4 step 30,000/38,269 loss 1.4858 pol 1.3255 val 0.1603 22,843 samples/s
  e4 step 32,000/38,269 loss 1.4856 pol 1.3253 val 0.1602 22,859 samples/s
  e4 step 34,000/38,269 loss 1.4858 pol 1.3256 val 0.1601 22,873 samples/s
  e4 step 36,000/38,269 loss 1.4858 pol 1.3258 val 0.1600 22,886 samples/s
  e4 step 38,000/38,269 loss 1.4857 pol 1.3259 val 0.1598 22,898 samples/s
[R7a] epoch 4: train_pol 1.3259 val_pol 1.3353 gap -0.0094 | acc 0.5506 (W 0.5496 / B 0.5516) | val_mse 0.1626 | ema_acc 0.5562 | 22,892/s
  e5 step 50/38,269 loss 1.4672 pol 1.3078 val 0.1594 3,078 samples/s
  e5 step 2,000/38,269 loss 1.4636 pol 1.3046 val 0.1590 19,864 samples/s
  e5 step 4,000/38,269 loss 1.4625 pol 1.3037 val 0.1587 21,368 samples/s
  e5 step 6,000/38,269 loss 1.4624 pol 1.3031 val 0.1593 21,911 samples/s
  e5 step 8,000/38,269 loss 1.4617 pol 1.3024 val 0.1593 22,200 samples/s
  e5 step 10,000/38,269 loss 1.4625 pol 1.3032 val 0.1593 22,372 samples/s
  e5 step 12,000/38,269 loss 1.4628 pol 1.3036 val 0.1592 22,493 samples/s
  e5 step 14,000/38,269 loss 1.4632 pol 1.3042 val 0.1590 22,577 samples/s
  e5 step 16,000/38,269 loss 1.4631 pol 1.3043 val 0.1588 22,643 samples/s
  e5 step 18,000/38,269 loss 1.4637 pol 1.3050 val 0.1587 22,692 samples/s
  e5 step 20,000/38,269 loss 1.4637 pol 1.3051 val 0.1586 22,734 samples/s
  e5 step 22,000/38,269 loss 1.4634 pol 1.3049 val 0.1585 22,765 samples/s
  e5 step 24,000/38,269 loss 1.4628 pol 1.3045 val 0.1584 22,794 samples/s
  e5 step 26,000/38,269 loss 1.4629 pol 1.3048 val 0.1582 22,817 samples/s
  e5 step 28,000/38,269 loss 1.4628 pol 1.3049 val 0.1579 22,837 samples/s
  e5 step 30,000/38,269 loss 1.4622 pol 1.3041 val 0.1581 22,854 samples/s
  e5 step 32,000/38,269 loss 1.4615 pol 1.3033 val 0.1582 22,871 samples/s
  e5 step 34,000/38,269 loss 1.4612 pol 1.3029 val 0.1583 22,883 samples/s
  e5 step 36,000/38,269 loss 1.4608 pol 1.3024 val 0.1584 22,895 samples/s
  e5 step 38,000/38,269 loss 1.4603 pol 1.3020 val 0.1583 22,906 samples/s
[R7a] epoch 5: train_pol 1.3020 val_pol 1.3194 gap -0.0174 | acc 0.5555 (W 0.5548 / B 0.5562) | val_mse 0.1601 | ema_acc 0.5587 | 22,900/s
  e6 step 50/38,269 loss 1.4474 pol 1.2890 val 0.1584 3,045 samples/s
  e6 step 2,000/38,269 loss 1.4417 pol 1.2852 val 0.1566 19,818 samples/s
  e6 step 4,000/38,269 loss 1.4415 pol 1.2853 val 0.1562 21,335 samples/s
  e6 step 6,000/38,269 loss 1.4397 pol 1.2820 val 0.1577 21,883 samples/s
  e6 step 8,000/38,269 loss 1.4385 pol 1.2802 val 0.1582 22,177 samples/s
  e6 step 10,000/38,269 loss 1.4389 pol 1.2807 val 0.1581 22,350 samples/s
  e6 step 12,000/38,269 loss 1.4391 pol 1.2810 val 0.1580 22,473 samples/s
  e6 step 14,000/38,269 loss 1.4395 pol 1.2818 val 0.1577 22,557 samples/s
  e6 step 16,000/38,269 loss 1.4396 pol 1.2821 val 0.1574 22,625 samples/s
  e6 step 18,000/38,269 loss 1.4396 pol 1.2828 val 0.1568 22,674 samples/s
  e6 step 20,000/38,269 loss 1.4394 pol 1.2831 val 0.1563 22,714 samples/s
  e6 step 22,000/38,269 loss 1.4395 pol 1.2830 val 0.1565 22,747 samples/s
  e6 step 24,000/38,269 loss 1.4394 pol 1.2828 val 0.1566 22,774 samples/s
  e6 step 26,000/38,269 loss 1.4395 pol 1.2826 val 0.1569 22,797 samples/s
  e6 step 28,000/38,269 loss 1.4393 pol 1.2823 val 0.1570 22,818 samples/s
  e6 step 30,000/38,269 loss 1.4393 pol 1.2823 val 0.1570 22,835 samples/s
  e6 step 32,000/38,269 loss 1.4391 pol 1.2822 val 0.1569 22,851 samples/s
  e6 step 34,000/38,269 loss 1.4392 pol 1.2823 val 0.1569 22,865 samples/s
  e6 step 36,000/38,269 loss 1.4391 pol 1.2822 val 0.1569 22,878 samples/s
  e6 step 38,000/38,269 loss 1.4387 pol 1.2817 val 0.1570 22,890 samples/s
[R7a] epoch 6: train_pol 1.2816 val_pol 1.3082 gap -0.0266 | acc 0.5585 (W 0.5583 / B 0.5587) | val_mse 0.1593 | ema_acc 0.5604 | 22,883/s
  e7 step 50/38,269 loss 1.4306 pol 1.2718 val 0.1588 3,036 samples/s
  e7 step 2,000/38,269 loss 1.4227 pol 1.2648 val 0.1579 19,811 samples/s
  e7 step 4,000/38,269 loss 1.4214 pol 1.2637 val 0.1577 21,331 samples/s
  e7 step 6,000/38,269 loss 1.4228 pol 1.2665 val 0.1563 21,882 samples/s
  e7 step 8,000/38,269 loss 1.4237 pol 1.2683 val 0.1555 22,174 samples/s
  e7 step 10,000/38,269 loss 1.4243 pol 1.2684 val 0.1559 22,341 samples/s
  e7 step 12,000/38,269 loss 1.4243 pol 1.2681 val 0.1562 22,428 samples/s
  e7 step 14,000/38,269 loss 1.4245 pol 1.2685 val 0.1561 22,486 samples/s
  e7 step 16,000/38,269 loss 1.4245 pol 1.2686 val 0.1559 22,536 samples/s
  e7 step 18,000/38,269 loss 1.4240 pol 1.2678 val 0.1562 22,569 samples/s
  e7 step 20,000/38,269 loss 1.4233 pol 1.2670 val 0.1564 22,597 samples/s
  e7 step 22,000/38,269 loss 1.4232 pol 1.2667 val 0.1564 22,622 samples/s
  e7 step 24,000/38,269 loss 1.4229 pol 1.2665 val 0.1565 22,641 samples/s
  e7 step 26,000/38,269 loss 1.4231 pol 1.2667 val 0.1564 22,659 samples/s
  e7 step 28,000/38,269 loss 1.4234 pol 1.2671 val 0.1563 22,673 samples/s
  e7 step 30,000/38,269 loss 1.4232 pol 1.2669 val 0.1563 22,686 samples/s
  e7 step 32,000/38,269 loss 1.4229 pol 1.2666 val 0.1563 22,698 samples/s
  e7 step 34,000/38,269 loss 1.4225 pol 1.2663 val 0.1562 22,707 samples/s
  e7 step 36,000/38,269 loss 1.4222 pol 1.2662 val 0.1561 22,715 samples/s
  e7 step 38,000/38,269 loss 1.4220 pol 1.2658 val 0.1562 22,725 samples/s
[R7a] epoch 7: train_pol 1.2657 val_pol 1.3022 gap -0.0365 | acc 0.5608 (W 0.5603 / B 0.5613) | val_mse 0.1586 | ema_acc 0.5608 | 22,717/s
  e8 step 50/38,269 loss 1.4030 pol 1.2504 val 0.1527 2,941 samples/s
  e8 step 2,000/38,269 loss 1.4072 pol 1.2540 val 0.1532 19,554 samples/s
  e8 step 4,000/38,269 loss 1.4079 pol 1.2546 val 0.1533 21,075 samples/s
  e8 step 6,000/38,269 loss 1.4104 pol 1.2570 val 0.1534 21,639 samples/s
  e8 step 8,000/38,269 loss 1.4119 pol 1.2584 val 0.1534 21,955 samples/s
  e8 step 10,000/38,269 loss 1.4125 pol 1.2584 val 0.1541 22,160 samples/s
  e8 step 12,000/38,269 loss 1.4128 pol 1.2582 val 0.1546 22,310 samples/s
  e8 step 14,000/38,269 loss 1.4126 pol 1.2577 val 0.1549 22,417 samples/s
  e8 step 16,000/38,269 loss 1.4122 pol 1.2571 val 0.1551 22,494 samples/s
  e8 step 18,000/38,269 loss 1.4125 pol 1.2573 val 0.1552 22,546 samples/s
  e8 step 20,000/38,269 loss 1.4126 pol 1.2573 val 0.1553 22,588 samples/s
  e8 step 22,000/38,269 loss 1.4121 pol 1.2566 val 0.1555 22,621 samples/s
  e8 step 24,000/38,269 loss 1.4118 pol 1.2562 val 0.1556 22,650 samples/s
  e8 step 26,000/38,269 loss 1.4122 pol 1.2565 val 0.1557 22,674 samples/s
  e8 step 28,000/38,269 loss 1.4127 pol 1.2569 val 0.1557 22,695 samples/s
  e8 step 30,000/38,269 loss 1.4127 pol 1.2570 val 0.1557 22,712 samples/s
  e8 step 32,000/38,269 loss 1.4127 pol 1.2571 val 0.1556 22,728 samples/s
  e8 step 34,000/38,269 loss 1.4124 pol 1.2567 val 0.1557 22,742 samples/s
  e8 step 36,000/38,269 loss 1.4123 pol 1.2565 val 0.1558 22,755 samples/s
  e8 step 38,000/38,269 loss 1.4121 pol 1.2563 val 0.1559 22,768 samples/s
[R7a] epoch 8: train_pol 1.2562 val_pol 1.3018 gap -0.0455 | acc 0.5611 (W 0.5605 / B 0.5617) | val_mse 0.1585 | ema_acc 0.5608 | 22,760/s
{
  "epoch": 8,
  "lr": 0.0,
  "train_loss": 1.4121050692360946,
  "train_policy_loss": 1.2562433609773942,
  "train_value_mse": 0.1558617082139217,
  "samples_per_sec": 22760,
  "seconds": 1722,
  "val_policy_loss": 1.3017771978222152,
  "val_value_mse": 0.15846106384690822,
  "val_acc": 0.5610813059462227,
  "val_acc_white": 0.5604849065972638,
  "val_acc_black": 0.5616853036330937,
  "ema_val_policy_loss": 1.3017867336645534,
  "ema_val_value_mse": 0.1584590587680526,
  "ema_val_acc": 0.5608253056311454,
  "ema_val_acc_white": 0.560382172148691,
  "ema_val_acc_black": 0.5612740847903527,
  "train_val_gap": -0.04553383684482104
}
