AI CHESSATHON MATCH LOG
=======================

MATCH
  Round          Rated 9
  Team           Team1
  Colour         White
  Opponent       Blunder Buss
  Opening        English Symmetrical
  Start FEN      r1bqk2r/pp1pppbp/2n2np1/2p5/Q1P5/2N2NP1/PP1PPPBP/R1B1K2R b KQkq - 5 6
  You moved      Second
  Machine        w-2b4afc
  Finished       2026-09-04 15:05:53 UTC
  Match ID       7a3925b6-56d9-4faa-bd7a-be59bc11a3c8

INIT
  Ready in       NA
  Budget         90.0 s
  Used           NA

CLOCK
  Base           120.0 s plus 0.5 s per move
  Moves          60
  Time used      145.5 s
  Slowest        3.6 s on move 26
  Fastest        0.7 s on move 60
  Average        2.4 s
  Left at end    4.5 s

RESULT
  Drawn by threefold repetition
  Game lasted 281.5 s

MOVES
    #  move          time     clock left
    1  O-O           3.5 s      117.0 s
    2  d3            3.5 s      114.0 s
    3  Rb1           3.5 s      111.0 s
    4  a3            3.5 s      108.0 s
    5  b4            3.5 s      105.1 s
    6  Be3           3.5 s      102.1 s
    7  Qd1           3.5 s       99.1 s
    8  Bd2           3.5 s       96.0 s
    9  bxc5          3.5 s       93.0 s
   10  e4            3.5 s       90.0 s
   11  Nxd4          3.5 s       87.0 s
   12  Qc2           3.5 s       84.0 s
   13  Be3           3.5 s       81.0 s
   14  a4            3.5 s       78.0 s
   15  h3            3.5 s       74.9 s
   16  Rb2           3.5 s       71.9 s
   17  Rfb1          3.5 s       68.9 s
   18  h4            3.5 s       65.8 s
   19  Ra2           3.6 s       62.8 s
   20  Nb5           3.5 s       59.7 s
   21  Bh3           3.6 s       56.7 s
   22  Bxd7          3.6 s       53.6 s
   23  Nc3           3.6 s       50.6 s
   24  a5            3.6 s       47.5 s
   25  Nd5           3.6 s       44.4 s
   26  Nb4           3.6 s       41.3 s
   27  Rxa6          3.4 s       38.5 s
   28  Qa2           3.2 s       35.8 s
   29  Rxb4          3.0 s       33.4 s
   30  Rb5           2.8 s       31.1 s
   31  h5            2.6 s       28.9 s
   32  hxg6          2.5 s       27.0 s
   33  Qd2           2.3 s       25.1 s
   34  Qd5+          2.2 s       23.4 s
   35  Ra5           2.1 s       21.9 s
   36  Bxc5          2.0 s       20.4 s
   37  Qxc5          1.9 s       19.0 s
   38  Qa7           1.8 s       17.8 s
   39  Qb8+          1.7 s       16.6 s
   40  Qc7           1.6 s       15.5 s
   41  Qc8+          1.5 s       14.5 s
   42  Qb7           1.4 s       13.5 s
   43  Qa8+          1.4 s       12.7 s
   44  Qb7           1.3 s       11.8 s
   45  Qb3           1.3 s       11.1 s
   46  Rxe5          1.2 s       10.4 s
   47  Kxf2          1.1 s        9.7 s
   48  c5            1.1 s        9.1 s
   49  c6            1.1 s        8.6 s
   50  Qa3           1.0 s        8.1 s
   51  Kg2           1.0 s        7.6 s
   52  Qc5           0.9 s        7.1 s
   53  e5            0.9 s        6.7 s
   54  Qe7           0.9 s        6.3 s
   55  c7            0.9 s        6.0 s
   56  Qxc7          0.8 s        5.6 s
   57  Qe7           0.8 s        5.3 s
   58  Kh3           0.8 s        5.0 s
   59  Kg2           0.8 s        4.8 s
   60  Kh3           0.7 s        4.5 s

OUTPUT
  NA. This game was played before agent logs were kept, so the output
  and the init time were never recorded. Everything above comes from
  the clocks in the game itself.

Email hello@aichessathon.com with this file if anything here is unclear.
