AI CHESSATHON MATCH LOG
=======================

MATCH
  Round          Rated 4
  Team           Team1
  Colour         Black
  Opponent       Tobias Carlsen
  Opening        Pirc Defence
  Start FEN      rnbq1rk1/ppp1ppbp/3p1np1/8/3PP3/2N2N2/PPP1BPPP/R1BQ1RK1 b - - 5 6
  You moved      First
  Machine        w-909a54
  Finished       2026-09-04 10:12:31 UTC
  Match ID       69e42a25-8236-4a49-b1e1-6cf44b7e2ebd

INIT
  Ready in       NA
  Budget         90.0 s
  Used           NA

CLOCK
  Base           120.0 s plus 0.5 s per move
  Moves          52
  Time used      138.6 s
  Slowest        3.5 s on move 27
  Fastest        1.0 s on move 52
  Average        2.7 s
  Left at end    7.4 s

RESULT
  Won by checkmate
  Game lasted 254.8 s

MOVES
    #  move          time     clock left
    1  Nc6           3.4 s      117.1 s
    2  Ne5           3.4 s      114.2 s
    3  dxe5          3.4 s      111.3 s
    4  h6            3.4 s      108.4 s
    5  e6            3.4 s      105.4 s
    6  exd5          3.4 s      102.5 s
    7  Kh7           3.4 s       99.6 s
    8  Ng4           3.4 s       96.7 s
    9  Re8           3.4 s       93.8 s
   10  Nf6           3.4 s       90.8 s
   11  b6            3.4 s       87.9 s
   12  Bb7           3.4 s       84.9 s
   13  Rf8           3.4 s       82.0 s
   14  Bxc6          3.4 s       79.1 s
   15  Qe8           3.4 s       76.1 s
   16  Qxc6          3.4 s       73.2 s
   17  Qxc3          3.5 s       70.2 s
   18  Rad8          3.5 s       67.3 s
   19  e4            3.5 s       64.3 s
   20  exf3+         3.5 s       61.3 s
   21  Rfe8          3.5 s       58.4 s
   22  Rxd8          3.5 s       55.4 s
   23  Nd7           3.5 s       52.4 s
   24  Bf6           3.5 s       49.4 s
   25  Ne5+          3.5 s       46.4 s
   26  Nxg4          3.5 s       43.4 s
   27  Bxb2          3.5 s       40.4 s
   28  Nf6           3.3 s       37.6 s
   29  Bxf6          3.1 s       35.0 s
   30  Kg7           2.9 s       32.6 s
   31  c5            2.7 s       30.4 s
   32  Rd7           2.6 s       28.3 s
   33  g5            2.4 s       26.4 s
   34  gxh4          2.3 s       24.6 s
   35  Bg5           2.2 s       22.9 s
   36  Kg6           2.0 s       21.4 s
   37  f5            1.9 s       19.9 s
   38  Rd2+          1.8 s       18.6 s
   39  a6            1.7 s       17.4 s
   40  b5            1.6 s       16.2 s
   41  Rxc2          1.6 s       15.2 s
   42  axb5          1.5 s       14.2 s
   43  b4            1.4 s       13.3 s
   44  b3            1.4 s       12.4 s
   45  b2            1.3 s       11.6 s
   46  Rc1           1.2 s       10.9 s
   47  Rxf1+         1.2 s       10.2 s
   48  b1=Q          1.1 s        9.6 s
   49  Qe1           1.1 s        9.0 s
   50  Qe2+          1.0 s        8.4 s
   51  Qxf2+         1.0 s        7.9 s
   52  Rh1#          1.0 s        7.4 s

OUTPUT
  NA. This game was played before agent logs were kept, so the output
  and the init time were never recorded. Everything above comes from
  the clocks in the game itself.

Email hello@aichessathon.com with this file if anything here is unclear.
