AI CHESSATHON MATCH LOG
=======================

MATCH
  Round          Rated 22
  Team           Team1
  Colour         White
  Opponent       Lubina
  Opening        Sicilian Closed
  Start FEN      1rbqk1nr/pp2ppbp/2np2p1/2p5/P3P3/2NP2P1/1PP1NPBP/R1BQK2R b KQk - 0 7
  You moved      Second
  Machine        w-682c3a
  Finished       2026-09-05 13:06:48 UTC
  Match ID       0711cea4-a918-4d8d-831c-2d68af9000b4

INIT
  Ready in       16.6 s
  Budget         90.0 s
  Used           18 percent

CLOCK
  Base           120.0 s plus 0.5 s per move
  Moves          91
  Time used      160.3 s
  Slowest        4.0 s on move 23
  Fastest        0.1 s on move 80
  Average        1.8 s
  Left at end    5.2 s

RESULT
  Drawn by insufficient material
  Game lasted 300.7 s

MOVES
    #  move          time     clock left
    1  O-O           3.4 s      117.1 s
    2  Be3           2.1 s      115.6 s
    3  Qd2           3.5 s      112.6 s
    4  Bg5           2.3 s      110.7 s
    5  Be3           2.1 s      109.2 s
    6  f4            2.7 s      107.0 s
    7  Rf2           3.0 s      104.4 s
    8  Raf1          2.3 s      102.6 s
    9  Kh1           3.3 s       99.8 s
   10  Ng1           3.1 s       97.2 s
   11  fxe5          2.4 s       95.4 s
   12  Bh6           1.5 s       94.4 s
   13  Qxh6          1.9 s       93.1 s
   14  Nf3           2.7 s       90.8 s
   15  Rxf3          2.0 s       89.3 s
   16  h4            3.5 s       86.3 s
   17  exf5          2.6 s       84.3 s
   18  Re3           2.5 s       82.3 s
   19  cxd3          1.8 s       81.0 s
   20  Kh2           2.1 s       79.5 s
   21  Rxe5          2.0 s       77.9 s
   22  Re3           2.2 s       76.2 s
   23  Bh3           4.0 s       72.7 s
   24  h5            2.3 s       70.9 s
   25  Qf4           1.5 s       69.9 s
   26  Ne2           3.0 s       67.4 s
   27  Rc1           3.5 s       64.3 s
   28  d4            2.5 s       62.3 s
   29  Bg2           3.6 s       59.2 s
   30  Bxd5          2.9 s       56.8 s
   31  Rcc3          3.3 s       54.0 s
   32  Kg1           3.4 s       51.2 s
   33  Qf3           2.7 s       48.9 s
   34  Rxf3          1.3 s       48.1 s
   35  Kf2           3.8 s       44.9 s
   36  Rc4           3.0 s       42.4 s
   37  Rb3           3.4 s       39.5 s
   38  Re3           2.6 s       37.4 s
   39  Rf3           2.3 s       35.6 s
   40  Rc7           3.0 s       33.2 s
   41  Rb7           1.9 s       31.8 s
   42  Rb3           2.5 s       29.8 s
   43  R3xb6         1.6 s       28.7 s
   44  Ke1           1.0 s       28.3 s
   45  Rb8           0.6 s       28.2 s
   46  Rxe8+         0.8 s       27.9 s
   47  Rb5           0.9 s       27.5 s
   48  Kf1           2.2 s       25.8 s
   49  Kf2           1.7 s       24.6 s
   50  Rxa5          1.2 s       23.9 s
   51  Rd5           1.2 s       23.2 s
   52  Kf3           1.1 s       22.6 s
   53  Kf4           0.7 s       22.3 s
   54  Nd4           0.4 s       22.5 s
   55  Rxf5          1.0 s       21.9 s
   56  Ke3           0.8 s       21.6 s
   57  a5            1.4 s       20.7 s
   58  Kd3           1.4 s       19.8 s
   59  Nb3           1.8 s       18.5 s
   60  Kc3           1.4 s       17.7 s
   61  Rf3           1.6 s       16.5 s
   62  Re3           0.7 s       16.3 s
   63  h6            1.4 s       15.4 s
   64  Re2           1.5 s       14.4 s
   65  Rg2           1.3 s       13.6 s
   66  Nd4+          1.0 s       13.2 s
   67  Nc2           0.8 s       12.8 s
   68  a6            0.7 s       12.6 s
   69  Rd2+          1.3 s       11.8 s
   70  Re2+          0.9 s       11.4 s
   71  Rf2+          1.0 s       10.9 s
   72  Rf4           1.2 s       10.3 s
   73  Re4           1.1 s        9.6 s
   74  Re6+          1.0 s        9.1 s
   75  Ne3           1.0 s        8.6 s
   76  Kd2           0.8 s        8.3 s
   77  Re4           1.0 s        7.8 s
   78  Re5           0.7 s        7.6 s
   79  Rxe3          0.7 s        7.4 s
   80  Kxe3          0.1 s        7.7 s
   81  Kf2           0.3 s        8.0 s
   82  Kf3           1.0 s        7.5 s
   83  Kg2           0.8 s        7.2 s
   84  Kh2           0.7 s        7.0 s
   85  Kh3           0.9 s        6.6 s
   86  Kh4           0.8 s        6.3 s
   87  Kh5           0.8 s        6.0 s
   88  g4            0.8 s        5.7 s
   89  Kh6           0.8 s        5.4 s
   90  g5            0.6 s        5.3 s
   91  Kxh7          0.6 s        5.2 s

OUTPUT
  6,341 bytes on stderr

  net: [('model.onnx', 5.04)] -> model.onnx
  init: {'d_model': 96, 'n_heads': 4, 'n_blocks': 12, 'params': 1381050, 'forward_ms': 5.044, 'chosen': 'model.onnx', 'sha256': 'ea52cc6aac7704abec84b8628a86cbd9df8999ea178bcf75c199a8f245c9ac5a'}
  init: opening pre-search sims=928
  move 8: e1g1 sims=800 reused=0 pondered=0 q=-0.01 t=3.35s pruned
  move 9: c1e3 sims=480 reused=146 pondered=8 q=+0.02 t=2.05s pruned
  move 10: d1d2 sims=736 reused=152 pondered=7 q=-0.04 t=3.52s pruned
  move 11: e3g5 sims=416 reused=125 pondered=8 q=+0.08 t=2.35s pruned
  move 12: g5e3 sims=416 reused=118 pondered=7 q=+0.04 t=2.05s pruned
  move 13: f2f4 sims=544 reused=62 pondered=8 q=+0.03 t=2.71s pruned
  move 14: f1f2 sims=576 reused=69 pondered=8 q=+0.02 t=3.04s pruned
  move 15: a1f1 sims=480 reused=28 pondered=7 q=-0.01 t=2.29s pruned
  move 16: g1h1 sims=640 reused=124 pondered=7 q=-0.01 t=3.29s pruned
  move 17: e2g1 sims=608 reused=16 pondered=7 q=-0.00 t=3.08s pruned
  move 18: f4e5 sims=480 reused=20 pondered=7 q=+0.06 t=2.36s pruned
  move 19: e3h6 sims=256 reused=301 pondered=8 q=+0.10 t=1.47s pruned
  move 20: d2h6 sims=320 reused=29 pondered=6 q=+0.09 t=1.85s pruned
  move 21: g1f3 sims=544 reused=0 pondered=8 q=+0.16 t=2.75s pruned
  move 22: f2f3 sims=384 reused=166 pondered=7 q=+0.15 t=1.97s pruned
  move 23: h2h4 sims=672 reused=32 pondered=7 q=+0.18 t=3.48s pruned
  move 24: e4f5 sims=448 reused=7 pondered=7 q=+0.12 t=2.55s pruned
  move 25: f3e3 sims=480 reused=227 pondered=8 q=+0.17 t=2.47s pruned
  move 26: c2d3 sims=352 reused=262 pondered=7 q=+0.15 t=1.77s pruned
  move 27: h1h2 sims=416 reused=56 pondered=7 q=+0.21 t=2.09s pruned
  move 28: e3e5 sims=352 reused=1 pondered=7 q=+0.36 t=2.03s pruned
  move 29: e5e3 sims=448 reused=186 pondered=7 q=+0.37 t=2.23s pruned
  move 30: g2h3 sims=768 reused=19 pondered=8 q=+0.52 t=3.99s pruned
  move 31: h4h5 sims=448 reused=73 pondered=8 q=+0.57 t=2.30s pruned
  move 32: h6f4 sims=320 reused=339 pondered=8 q=+0.58 t=1.51s pruned
  move 33: c3e2 sims=576 reused=186 pondered=9 q=+0.60 t=3.04s pruned
  move 34: f1c1 sims=704 reused=46 pondered=9 q=+0.60 t=3.52s pruned
  move 35: d3d4 sims=480 reused=30 pondered=7 q=+0.64 t=2.52s pruned
  move 36: h3g2 sims=736 reused=4 pondered=8 q=+0.49 t=3.59s pruned
  move 37: g2d5 sims=544 reused=113 pondered=8 q=+0.49 t=2.92s pruned
  move 38: c1c3 sims=608 reused=310 pondered=6 q=+0.55 t=3.28s pruned
  move 39: h2g1 sims=608 reused=13 pondered=8 q=+0.65 t=3.35s pruned
  move 40: f4f3 sims=512 reused=30 pondered=7 q=+0.70 t=2.74s pruned
  move 41: e3f3 sims=256 reused=189 pondered=8 q=+0.61 t=1.27s pruned
  move 42: g1f2 sims=768 reused=39 pondered=7 q=+0.65 t=3.78s pruned
  move 43: c3c4 sims=640 reused=100 pondered=7 q=+0.62 t=2.98s pruned
  move 44: f3b3 sims=768 reused=13 pondered=8 q=+0.66 t=3.43s pruned
  move 45: b3e3 sims=544 reused=105 pondered=8 q=+0.60 t=2.56s pruned
  move 46: e3f3 sims=480 reused=69 pondered=8 q=+0.57 t=2.25s pruned
  move 47: c4c7 sims=630 reused=24 pondered=8 q=+0.59 t=2.95s
  move 48: c7b7 sims=352 reused=57 pondered=7 q=+0.54 t=1.86s pruned
  move 49: f3b3 sims=544 reused=114 pondered=8 q=+0.49 t=2.54s pruned
  move 50: b3b6 sims=320 reused=79 pondered=9 q=+0.56 t=1.57s pruned
  move 51: f2e1 sims=192 reused=155 pondered=9 q=+0.62 t=0.96s pruned
  move 52: b7b8 sims=96 reused=218 pondered=8 q=+0.63 t=0.56s pruned
  move 53: b8e8 sims=160 reused=134 pondered=8 q=+0.63 t=0.84s pruned
  move 54: b6b5 sims=160 reused=275 pondered=7 q=+0.67 t=0.85s pruned
  move 55: e1f1 sims=480 reused=106 pondered=9 q=+0.67 t=2.18s pruned
  move 56: f1f2 sims=384 reused=46 pondered=7 q=+0.69 t=1.74s pruned
  move 57: b5a5 sims=224 reused=14 pondered=8 q=+0.67 t=1.19s pruned
  move 58: a5d5 sims=256 reused=110 pondered=8 q=+0.61 t=1.21s pruned
  move 59: f2f3 sims=224 reused=193 pondered=8 q=+0.57 t=1.10s pruned
  move 60: f3f4 sims=160 reused=158 pondered=8 q=+0.49 t=0.73s pruned
  move 61: e2d4 sims=64 reused=243 pondered=10 q=+0.48 t=0.36s pruned
  move 62: d5f5 sims=192 reused=16 pondered=9 q=+0.60 t=1.04s pruned
  move 63: f4e3 sims=160 reused=110 pondered=7 q=+0.68 t=0.83s pruned
  move 64: a4a5 sims=256 reused=12 pondered=8 q=+0.73 t=1.40s pruned
  move 65: e3d3 sims=288 reused=125 pondered=8 q=+0.72 t=1.36s pruned
  move 66: d4b3 sims=376 reused=62 pondered=7 q=+0.79 t=1.82s
  move 67: d3c3 sims=288 reused=10 pondered=8 q=+0.79 t=1.36s pruned
  move 68: f5f3 sims=320 reused=30 pondered=8 q=+0.69 t=1.62s pruned
  move 69: f3e3 sims=128 reused=40 pondered=7 q=+0.60 t=0.71s pruned
  move 70: h5h6 sims=256 reused=109 pondered=8 q=+0.57 t=1.42s pruned
  move 71: e3e2 sims=304 reused=23 pondered=7 q=+0.63 t=1.50s
  move 72: e2g2 sims=224 reused=75 pondered=6 q=+0.60 t=1.26s pruned
  move 73: b3d4 sims=192 reused=15 pondered=18 q=+0.48 t=0.97s pruned
  move 74: d4c2 sims=160 reused=40 pondered=7 q=+0.60 t=0.82s pruned
  move 75: a5a6 sims=128 reused=27 pondered=8 q=+0.64 t=0.74s pruned
  move 76: g2d2 sims=247 reused=30 pondered=9 q=+0.34 t=1.30s
  move 77: d2e2 sims=160 reused=75 pondered=7 q=+0.25 t=0.85s pruned
  move 78: e2f2 sims=192 reused=57 pondered=7 q=+0.17 t=0.99s pruned
  move 79: f2f4 sims=219 reused=67 pondered=7 q=+0.04 t=1.18s
  move 80: f4e4 sims=214 reused=59 pondered=7 q=+0.02 t=1.13s
  move 81: e4e6 sims=192 reused=28 pondered=7 q=-0.04 t=1.05s pruned
  move 82: c2e3 sims=192 reused=31 pondered=7 q=+0.01 t=0.95s pruned
  move 83: c3d2 sims=160 reused=13 pondered=8 q=+0.01 t=0.82s pruned
  move 84: e6e4 sims=209 reused=37 pondered=7 q=+0.03 t=1.00s
  move 85: e4e5 sims=160 reused=12 pondered=7 q=+0.04 t=0.72s pruned
  move 86: e5e3 sims=160 reused=36 pondered=8 q=-0.05 t=0.68s pruned
  move 87: d2e3 sims=32 reused=127 pondered=7 q=-0.01 t=0.14s pruned
  move 88: e3f2 sims=64 reused=110 pondered=7 q=-0.01 t=0.26s pruned
  move 89: f2f3 sims=288 reused=16 pondered=8 q=-0.02 t=0.97s pruned
  move 90: f3g2 sims=288 reused=55 pondered=12 q=-0.00 t=0.84s pruned
  move 91: g2h2 sims=224 reused=64 pondered=20 q=-0.01 t=0.65s pruned
  move 92: h2h3 sims=270 reused=27 pondered=12 q=-0.01 t=0.90s
  move 93: h3h4 sims=192 reused=2 pondered=7 q=+0.03 t=0.79s pruned
  move 94: h4h5 sims=288 reused=8 pondered=14 q=+0.06 t=0.83s pruned
  move 95: g3g4 sims=352 reused=25 pondered=11 q=+0.08 t=0.81s pruned
  move 96: h5h6 sims=416 reused=45 pondered=10 q=+0.06 t=0.78s pruned
  move 97: g4g5 sims=512 reused=125 pondered=27 q=+0.03 t=0.57s pruned
  move 98: h6h7 sims=7680 reused=71 pondered=8 q=+0.00 t=0.62s pruned

Email hello@aichessathon.com with this file if anything here is unclear.
