AI CHESSATHON MATCH LOG
=======================

MATCH
  Round          Rated 14
  Team           Team1
  Colour         Black
  Opponent       pgn
  Opening        Sicilian Closed
  Start FEN      r1bq1rk1/pp2npbp/2np2p1/2p1p3/4P3/P1NP2PP/1PP1NPB1/R1BQK2R w KQ - 3 9
  You moved      Second
  Machine        w-1af86c
  Finished       2026-09-04 20:05:26 UTC
  Match ID       f87acb9c-cb85-4b76-91fa-a3236a87ec89

INIT
  Ready in       6.0 s
  Budget         90.0 s
  Used           7 percent

CLOCK
  Base           120.0 s plus 0.5 s per move
  Moves          102
  Time used      168.6 s
  Slowest        6.9 s on move 10
  Fastest        0.0 s on move 102
  Average        1.7 s
  Left at end    2.4 s

RESULT
  Drawn by stalemate
  Game lasted 292.8 s

MOVES
    #  move          time     clock left
    1  Be6           3.7 s      116.8 s
    2  Qd7           3.7 s      113.7 s
    3  f5            3.7 s      110.5 s
    4  Nd4           3.7 s      107.4 s
    5  Nxd5          3.7 s      104.2 s
    6  Bf7           3.7 s      101.0 s
    7  Nxe2          3.7 s       97.9 s
    8  h6            3.7 s       94.7 s
    9  Rae8          3.7 s       91.5 s
   10  g5            6.9 s       85.1 s
   11  b6            3.6 s       82.0 s
   12  Bg6           3.6 s       79.0 s
   13  h5            3.6 s       75.9 s
   14  bxc5          3.6 s       72.8 s
   15  Qf7           3.6 s       69.8 s
   16  Re7           3.6 s       66.7 s
   17  g4            3.6 s       63.6 s
   18  Bf6           3.6 s       60.5 s
   19  Rfe8          3.6 s       57.4 s
   20  Kh7           3.6 s       54.3 s
   21  hxg4          3.6 s       51.2 s
   22  Kg7           3.6 s       48.1 s
   23  Rh8           3.6 s       45.0 s
   24  Qg8           3.6 s       41.9 s
   25  Qh7           3.4 s       39.0 s
   26  Rf7           3.2 s       36.3 s
   27  Be7           3.0 s       33.8 s
   28  Rhf8          2.8 s       31.5 s
   29  Kh8           2.7 s       29.3 s
   30  f4            2.5 s       27.3 s
   31  exf4          2.4 s       25.5 s
   32  Bf6           4.0 s       22.0 s
   33  Rxf6          2.0 s       20.5 s
   34  Qh6           1.9 s       19.1 s
   35  Qh5           1.8 s       17.9 s
   36  f3            1.7 s       16.7 s
   37  fxg2          1.6 s       15.6 s
   38  Rxf6          1.5 s       14.6 s
   39  Be8           1.4 s       13.6 s
   40  Qxe8          1.4 s       12.7 s
   41  Kg7           1.3 s       11.9 s
   42  Kf7           1.3 s       11.2 s
   43  Ke7           1.2 s       10.5 s
   44  Rf3           1.2 s        9.8 s
   45  Rxd3          1.1 s        9.2 s
   46  Kf6           1.1 s        8.6 s
   47  Rc3           1.0 s        8.1 s
   48  Ke5           1.0 s        7.6 s
   49  Kd4           1.0 s        7.2 s
   50  Kxc4          0.9 s        6.8 s
   51  Rxa3          0.9 s        6.4 s
   52  Rd3           0.9 s        6.0 s
   53  Kd5           0.8 s        5.7 s
   54  Ke6           0.8 s        5.4 s
   55  Kxd7          0.8 s        5.1 s
   56  Ke6           0.8 s        4.8 s
   57  Kf6           0.7 s        4.6 s
   58  Rb3           0.7 s        4.3 s
   59  Ra3           0.7 s        4.1 s
   60  Rb3           0.7 s        3.9 s
   61  Ra3           0.7 s        3.7 s
   62  Rb3           0.7 s        3.5 s
   63  Ra3           0.7 s        3.4 s
   64  Rb3           0.6 s        3.2 s
   65  Ra3           0.6 s        3.1 s
   66  Rc3           0.6 s        3.0 s
   67  Ra3           0.6 s        2.8 s
   68  Rb3           0.6 s        2.7 s
   69  Ra3           0.6 s        2.6 s
   70  Rb3           0.6 s        2.5 s
   71  Rc3           0.6 s        2.5 s
   72  Rb3           0.6 s        2.4 s
   73  Ra3           0.6 s        2.3 s
   74  Rb3           0.6 s        2.2 s
   75  Ra3           0.6 s        2.2 s
   76  Rb3           0.6 s        2.1 s
   77  Ra3           0.6 s        2.0 s
   78  Rb3           0.6 s        2.0 s
   79  Ra3           0.0 s        2.5 s
   80  Ra2+          0.6 s        2.4 s
   81  Kf5           0.6 s        2.3 s
   82  Kf6           1.1 s        1.8 s
   83  Ra3+          0.0 s        2.2 s
   84  Ra4+          0.6 s        2.2 s
   85  Ra3+          0.8 s        1.9 s
   86  Ra1           0.0 s        2.4 s
   87  Kf7           0.6 s        2.3 s
   88  Rg1+          0.6 s        2.2 s
   89  Ra1           0.6 s        2.2 s
   90  Kf8           0.6 s        2.1 s
   91  Ra6+          0.6 s        2.0 s
   92  Rb6           0.6 s        2.0 s
   93  Ra6           0.0 s        2.5 s
   94  Rc6           0.6 s        2.4 s
   95  Rb6           0.6 s        2.3 s
   96  Rxh6          0.6 s        2.2 s
   97  Kf7           0.6 s        2.2 s
   98  Kg7           0.6 s        2.1 s
   99  Kf7           0.6 s        2.1 s
  100  Kf8           0.6 s        2.0 s
  101  Kg8           0.5 s        2.0 s
  102  Kf8           0.0 s        2.4 s

OUTPUT
  6,312 bytes on stderr

  net: [('model.onnx', 6.17)] -> model.onnx
  init: {'d_model': 96, 'n_heads': 4, 'n_blocks': 12, 'params': 1381050, 'forward_ms': 6.17, 'chosen': 'model.onnx', 'sha256': 'ea52cc6aac7704abec84b8628a86cbd9df8999ea178bcf75c199a8f245c9ac5a'}
  init: opening pre-search sims=882
  move 9: c8e6 sims=530 reused=0 pondered=0 q=+0.00 t=3.65s
  move 10: d8d7 sims=503 reused=162 pondered=201 q=-0.03 t=3.65s
  move 11: f7f5 sims=582 reused=442 pondered=158 q=-0.03 t=3.65s
  move 12: c6d4 sims=511 reused=19 pondered=438 q=+0.09 t=3.67s
  move 13: e7d5 sims=484 reused=0 pondered=217 q=+0.07 t=3.66s
  move 14: e6f7 sims=585 reused=590 pondered=317 q=+0.07 t=3.66s
  move 15: d4e2 sims=511 reused=332 pondered=204 q=+0.11 t=3.66s
  move 16: h7h6 sims=514 reused=1000 pondered=202 q=+0.11 t=3.67s
  move 17: a8e8 sims=638 reused=1293 pondered=257 q=+0.14 t=3.67s
  move 18: g6g5 sims=674 reused=383 pondered=351 q=+0.20 t=3.67s
  move 19: b7b6 sims=481 reused=765 pondered=186 q=+0.17 t=3.55s
  move 20: f7g6 sims=514 reused=28 pondered=222 q=+0.27 t=3.56s
  move 21: h6h5 sims=500 reused=43 pondered=272 q=+0.32 t=3.56s
  move 22: b6c5 sims=457 reused=190 pondered=134 q=+0.26 t=3.56s
  move 23: d7f7 sims=444 reused=0 pondered=182 q=+0.46 t=3.57s
  move 24: e8e7 sims=449 reused=26 pondered=255 q=+0.44 t=3.58s
  move 25: g5g4 sims=444 reused=38 pondered=169 q=+0.42 t=3.58s
  move 26: g7f6 sims=463 reused=215 pondered=223 q=+0.41 t=3.58s
  move 27: f8e8 sims=475 reused=369 pondered=449 q=+0.35 t=3.59s
  move 28: g8h7 sims=401 reused=411 pondered=132 q=+0.34 t=3.59s
  move 29: h5g4 sims=502 reused=1 pondered=136 q=+0.42 t=3.60s
  move 30: h7g7 sims=524 reused=119 pondered=119 q=+0.45 t=3.60s
  move 31: e8h8 sims=482 reused=326 pondered=124 q=+0.37 t=3.61s
  move 32: f7g8 sims=495 reused=15 pondered=152 q=+0.58 t=3.62s
  move 33: g8h7 sims=551 reused=8 pondered=211 q=+0.59 t=3.40s
  move 34: e7f7 sims=523 reused=315 pondered=223 q=+0.56 t=3.19s
  move 35: f6e7 sims=422 reused=239 pondered=139 q=+0.59 t=2.99s
  move 36: h8f8 sims=369 reused=1 pondered=238 q=+0.70 t=2.82s
  move 37: g7h8 sims=360 reused=11 pondered=119 q=+0.65 t=2.65s
  move 38: f5f4 sims=332 reused=364 pondered=391 q=+0.57 t=2.50s
  move 39: e5f4 sims=322 reused=312 pondered=321 q=+0.54 t=2.36s
  move 40: e7f6 sims=400 reused=39 pondered=190 q=+0.50 t=2.23s
  move 41: f7f6 sims=321 reused=569 pondered=214 q=+0.49 t=1.97s
  move 42: h7h6 sims=310 reused=564 pondered=319 q=+0.55 t=1.87s
  move 43: h6h5 sims=233 reused=0 pondered=330 q=+0.69 t=1.77s
  move 44: f4f3 sims=238 reused=9 pondered=301 q=+0.82 t=1.68s
  move 45: f3g2 sims=209 reused=3 pondered=255 q=+0.73 t=1.59s
  move 46: f8f6 sims=278 reused=182 pondered=167 q=-0.44 t=1.51s
  move 47: g6e8 sims=246 reused=668 pondered=216 q=-0.45 t=1.44s
  move 48: h5e8 sims=212 reused=1060 pondered=196 q=-0.47 t=1.38s
  move 49: h8g7 sims=196 reused=1477 pondered=227 q=-0.47 t=1.31s
  move 50: g7f7 sims=212 reused=806 pondered=153 q=-0.43 t=1.26s
  move 51: f7e7 sims=184 reused=9 pondered=216 q=-0.18 t=1.21s
  move 52: f6f3 sims=157 reused=95 pondered=153 q=-0.10 t=1.15s
  move 53: f3d3 sims=176 reused=363 pondered=199 q=-0.18 t=1.10s
  move 54: e7f6 sims=169 reused=187 pondered=404 q=-0.06 t=1.06s
  move 55: d3c3 sims=169 reused=476 pondered=162 q=-0.05 t=1.02s
  move 56: f6e5 sims=206 reused=458 pondered=176 q=-0.07 t=0.98s
  move 57: e5d4 sims=228 reused=792 pondered=209 q=-0.08 t=0.94s
  move 58: d4c4 sims=243 reused=886 pondered=295 q=-0.10 t=0.91s
  move 59: c3a3 sims=138 reused=764 pondered=144 q=-0.09 t=0.89s
  move 60: a3d3 sims=142 reused=911 pondered=183 q=-0.12 t=0.86s
  move 61: c4d5 sims=128 reused=798 pondered=143 q=-0.13 t=0.83s
  move 62: d5e6 sims=156 reused=442 pondered=143 q=-0.09 t=0.81s
  move 63: e6d7 sims=134 reused=573 pondered=322 q=-0.12 t=0.79s
  move 64: d7e6 sims=134 reused=522 pondered=154 q=-0.12 t=0.76s
  move 65: e6f6 sims=123 reused=20 pondered=202 q=-0.04 t=0.74s
  move 66: d3b3 sims=131 reused=14 pondered=152 q=-0.05 t=0.73s
  move 67: b3a3 sims=165 reused=3 pondered=170 q=-0.04 t=0.71s
  move 68: a3b3 sims=161 reused=101 pondered=192 q=-0.06 t=0.70s
  move 69: b3a3 sims=122 reused=32 pondered=169 q=-0.05 t=0.68s
  move 70: a3b3 sims=122 reused=6 pondered=181 q=-0.06 t=0.67s
  move 71: b3a3 sims=119 reused=47 pondered=197 q=-0.04 t=0.66s
  move 72: a3b3 sims=117 reused=19 pondered=198 q=-0.04 t=0.65s
  move 73: b3a3 sims=98 reused=11 pondered=153 q=-0.03 t=0.64s
  move 74: a3c3 sims=127 reused=60 pondered=184 q=-0.05 t=0.63s
  move 75: c3a3 sims=108 reused=41 pondered=129 q=-0.03 t=0.62s
  move 76: a3b3 sims=122 reused=47 pondered=163 q=-0.03 t=0.61s
  move 77: b3a3 sims=104 reused=50 pondered=157 q=-0.03 t=0.60s
  move 78: a3b3 sims=123 reused=31 pondered=165 q=-0.02 t=0.59s
  move 79: b3c3 sims=92 reused=44 pondered=165 q=-0.02 t=0.59s
  move 80: c3b3 sims=108 reused=163 pondered=291 q=-0.02 t=0.58s
  move 81: b3a3 sims=127 reused=18 pondered=206 q=-0.02 t=0.57s
  move 82: a3b3 sims=97 reused=39 pondered=158 q=-0.02 t=0.57s
  move 83: b3a3 sims=114 reused=7 pondered=154 q=-0.01 t=0.56s
  move 84: a3b3 sims=112 reused=18 pondered=132 q=-0.02 t=0.56s
  move 85: b3a3 sims=102 reused=35 pondered=167 q=-0.01 t=0.55s
  move 86: a3b3 sims=111 reused=21 pondered=199 q=-0.01 t=0.55s
  move 88: a3a2 sims=76 reused=26 pondered=152 q=-0.01 t=0.58s
  move 89: f6f5 sims=87 reused=69 pondered=163 q=-0.02 t=0.57s
  move 90: f5f6 sims=97 reused=100 pondered=153 q=-0.02 t=0.57s
  move 92: a3a4 sims=83 reused=99 pondered=169 q=-0.01 t=0.56s
  move 93: a4a3 sims=98 reused=234 pondered=172 q=-0.02 t=0.56s
  move 95: f6f7 sims=83 reused=105 pondered=155 q=-0.03 t=0.57s
  move 96: a1g1 sims=72 reused=69 pondered=106 q=-0.02 t=0.57s
  move 97: g1a1 sims=73 reused=129 pondered=92 q=-0.01 t=0.56s
  move 98: f7f8 sims=82 reused=120 pondered=101 q=-0.01 t=0.56s
  move 99: a1a6 sims=86 reused=29 pondered=120 q=-0.02 t=0.56s
  move 100: a6b6 sims=107 reused=111 pondered=136 q=-0.04 t=0.55s
  move 102: a6c6 sims=95 reused=39 pondered=201 q=-0.10 t=0.58s
  move 103: c6b6 sims=146 reused=60 pondered=372 q=-0.05 t=0.58s
  move 104: b6h6 sims=77 reused=44 pondered=273 q=-0.05 t=0.57s
  move 105: f8f7 sims=114 reused=152 pondered=113 q=-0.10 t=0.56s
  move 106: f7g7 sims=165 reused=396 pondered=178 q=-0.10 t=0.56s
  move 107: g7f7 sims=209 reused=602 pondered=247 q=-0.11 t=0.55s
  move 108: f7f8 sims=334 reused=966 pondered=343 q=-0.10 t=0.55s
  move 109: f8g8 sims=550 reused=314 pondered=5 q=-0.09 t=0.54s

Email hello@aichessathon.com with this file if anything here is unclear.
