AI CHESSATHON MATCH LOG
=======================

MATCH
  Round          Rated 19
  Team           Team1
  Colour         Black
  Opponent       Gijs Smit
  Opening        Two Knights Defence
  Start FEN      r1bqk2r/ppp1bppp/2np1n2/4p3/P1B1P3/2NP1N2/1PP2PPP/R1BQK2R b KQkq - 0 6
  You moved      First
  Machine        w-46f5fd
  Finished       2026-09-05 10:04:23 UTC
  Match ID       48b6387d-d076-4dcf-bd3e-f165e47701a3

INIT
  Ready in       5.6 s
  Budget         90.0 s
  Used           6 percent

CLOCK
  Base           120.0 s plus 0.5 s per move
  Moves          38
  Time used      85.9 s
  Slowest        3.8 s on move 14
  Fastest        0.8 s on move 28
  Average        2.3 s
  Left at end    53.1 s

RESULT
  Drawn by threefold repetition
  Game lasted 180.5 s

MOVES
    #  move          time     clock left
    1  O-O           2.3 s      118.2 s
    2  Bg4           3.0 s      115.6 s
    3  Bh5           1.8 s      114.3 s
    4  Nxd5          2.6 s      112.3 s
    5  Qc8           3.5 s      109.3 s
    6  Kh8           2.6 s      107.2 s
    7  Bg6           1.5 s      106.1 s
    8  Nd8           1.9 s      104.7 s
    9  Ne6           3.4 s      101.8 s
   10  c6            3.0 s       99.3 s
   11  f6            3.6 s       96.2 s
   12  Bf7           1.4 s       95.3 s
   13  Qd7           2.1 s       93.7 s
   14  Rad8          3.8 s       90.3 s
   15  d5            2.8 s       88.1 s
   16  Ng5           2.7 s       85.8 s
   17  Ra8           2.0 s       84.3 s
   18  g6            3.7 s       81.1 s
   19  cxd5          1.5 s       80.0 s
   20  Bxd5          1.5 s       79.1 s
   21  gxh5          1.2 s       78.4 s
   22  Rg8           3.1 s       75.8 s
   23  Bd6           2.1 s       74.2 s
   24  Raf8          2.5 s       72.2 s
   25  Nh3           2.7 s       70.0 s
   26  Nf4           1.6 s       68.9 s
   27  Rg5           0.9 s       68.5 s
   28  fxg5          0.8 s       68.2 s
   29  Nh3           2.3 s       66.5 s
   30  Qf5           3.1 s       63.9 s
   31  Nf4           2.3 s       62.1 s
   32  gxf4          1.1 s       61.5 s
   33  Rg8           1.0 s       61.0 s
   34  Qg5           2.5 s       59.0 s
   35  Qg1+          1.3 s       58.2 s
   36  Qf1+          1.8 s       56.9 s
   37  Qg1+          3.4 s       54.0 s
   38  Qf1+          1.4 s       53.1 s

OUTPUT
  2,826 bytes on stderr

  net: [('model.onnx', 5.53)] -> model.onnx
  init: {'d_model': 96, 'n_heads': 4, 'n_blocks': 12, 'params': 1381050, 'forward_ms': 5.529, 'chosen': 'model.onnx', 'sha256': 'ea52cc6aac7704abec84b8628a86cbd9df8999ea178bcf75c199a8f245c9ac5a'}
  init: opening pre-search sims=832
  move 6: e8g8 sims=448 reused=0 pondered=0 q=-0.05 t=2.34s pruned
  move 7: c8g4 sims=544 reused=40 pondered=7 q=-0.01 t=3.03s pruned
  move 8: g4h5 sims=288 reused=102 pondered=7 q=-0.03 t=1.79s pruned
  move 9: f6d5 sims=480 reused=9 pondered=7 q=-0.03 t=2.56s pruned
  move 10: d8c8 sims=672 reused=223 pondered=9 q=-0.01 t=3.45s pruned
  move 11: g8h8 sims=480 reused=71 pondered=7 q=-0.01 t=2.65s pruned
  move 12: h5g6 sims=256 reused=74 pondered=7 q=-0.04 t=1.53s pruned
  move 13: c6d8 sims=352 reused=119 pondered=6 q=-0.03 t=1.90s pruned
  move 14: d8e6 sims=704 reused=0 pondered=7 q=-0.08 t=3.41s pruned
  move 15: c7c6 sims=544 reused=33 pondered=8 q=-0.03 t=3.01s pruned
  move 16: f7f6 sims=672 reused=17 pondered=7 q=-0.03 t=3.64s pruned
  move 17: g6f7 sims=224 reused=205 pondered=6 q=-0.06 t=1.37s pruned
  move 18: c8d7 sims=448 reused=169 pondered=8 q=-0.04 t=2.14s pruned
  move 19: a8d8 sims=672 reused=55 pondered=9 q=-0.05 t=3.82s pruned
  move 20: d6d5 sims=448 reused=6 pondered=8 q=-0.08 t=2.79s pruned
  move 21: e6g5 sims=448 reused=65 pondered=6 q=-0.05 t=2.74s pruned
  move 22: d8a8 sims=352 reused=89 pondered=7 q=+0.09 t=2.01s pruned
  move 23: g7g6 sims=704 reused=0 pondered=6 q=+0.13 t=3.74s pruned
  move 24: c6d5 sims=256 reused=172 pondered=7 q=+0.10 t=1.52s pruned
  move 25: f7d5 sims=256 reused=182 pondered=8 q=+0.04 t=1.47s pruned
  move 26: g6h5 sims=192 reused=351 pondered=7 q=+0.06 t=1.21s pruned
  move 27: f8g8 sims=544 reused=180 pondered=7 q=+0.03 t=3.06s pruned
  move 28: e7d6 sims=384 reused=9 pondered=8 q=+0.17 t=2.12s pruned
  move 29: a8f8 sims=384 reused=244 pondered=8 q=+0.13 t=2.45s pruned
  move 30: g5h3 sims=448 reused=0 pondered=7 q=+0.17 t=2.73s pruned
  move 31: h3f4 sims=256 reused=204 pondered=6 q=+0.14 t=1.57s pruned
  move 32: g8g5 sims=128 reused=344 pondered=7 q=+0.18 t=0.88s pruned
  move 33: f6g5 sims=128 reused=343 pondered=7 q=+0.16 t=0.78s pruned
  move 34: f4h3 sims=352 reused=414 pondered=7 q=+0.17 t=2.27s pruned
  move 35: d7f5 sims=512 reused=294 pondered=8 q=+0.10 t=3.09s pruned
  move 36: h3f4 sims=384 reused=268 pondered=7 q=+0.06 t=2.27s pruned
  move 37: g5f4 sims=160 reused=283 pondered=8 q=+0.04 t=1.05s pruned
  move 38: f8g8 sims=160 reused=374 pondered=7 q=+0.07 t=1.03s pruned
  move 39: f5g5 sims=480 reused=0 pondered=8 q=+0.57 t=2.52s pruned
  move 40: g5g1 sims=224 reused=296 pondered=9 q=+0.52 t=1.27s pruned
  move 41: g1f1 sims=320 reused=448 pondered=7 q=+0.46 t=1.80s pruned
  move 42: f1g1 sims=736 reused=479 pondered=9 q=+0.38 t=3.43s pruned
  move 43: g1f1 sims=256 reused=637 pondered=7 q=+0.42 t=1.39s pruned

Email hello@aichessathon.com with this file if anything here is unclear.
