AI CHESSATHON MATCH LOG
=======================

MATCH
  Round          Rated 39
  Team           Team1
  Colour         Black
  Opponent       adashima
  Opening        Caro-Kann Classical
  Start FEN      rn1qkb1r/pp2pppp/2p2nb1/8/3P1B2/5NN1/PPP2PPP/R2QKB1R b KQkq - 6 7
  You moved      First
  Machine        w-235788
  Finished       2026-09-06 15:06:20 UTC
  Match ID       42601422-bb3d-48a0-bba8-1ad82b03101e

INIT
  Ready in       4.9 s
  Budget         90.0 s
  Used           5 percent

CLOCK
  Base           120.0 s plus 0.5 s per move
  Moves          92
  Time used      163.4 s
  Slowest        4.0 s on move 30
  Fastest        0.4 s on move 92
  Average        1.8 s
  Left at end    2.6 s

RESULT
  Won by checkmate
  Game lasted 312.7 s

MOVES
    #  move          time     clock left
    1  Nbd7          2.7 s      117.8 s
    2  Nh5           3.4 s      114.8 s
    3  Bxh5          1.2 s      114.1 s
    4  e6            3.5 s      111.1 s
    5  Be7           2.9 s      108.8 s
    6  Nxe5          3.2 s      106.1 s
    7  Bxe2          2.2 s      104.4 s
    8  Qd5           1.7 s      103.2 s
    9  O-O-O         1.7 s      102.1 s
   10  Qa5           3.2 s       99.4 s
   11  Qxd8          2.7 s       97.1 s
   12  Qc7           3.2 s       94.4 s
   13  Rd8           3.0 s       91.9 s
   14  b6            1.9 s       90.5 s
   15  Qxb6          1.1 s       89.9 s
   16  Qc7           2.6 s       87.9 s
   17  Qd7           2.0 s       86.3 s
   18  Bc5           1.5 s       85.4 s
   19  Qd5           2.3 s       83.6 s
   20  Bb6           2.8 s       81.3 s
   21  Rg8           2.3 s       79.5 s
   22  Rd8           3.7 s       76.3 s
   23  Bc7           3.9 s       72.9 s
   24  h6            3.9 s       69.5 s
   25  Qb3           2.1 s       67.9 s
   26  Kb8           1.8 s       66.6 s
   27  Qc2+          1.8 s       65.3 s
   28  Rd5           1.3 s       64.5 s
   29  Qc3+          3.0 s       62.0 s
   30  Rd3           4.0 s       58.5 s
   31  Qc2+          2.2 s       56.8 s
   32  Qd1           1.6 s       55.7 s
   33  Rc3           1.5 s       54.7 s
   34  Rc1           2.0 s       53.2 s
   35  Qh1           3.2 s       50.5 s
   36  Rc3+          1.9 s       49.1 s
   37  Qc1           1.2 s       48.4 s
   38  Rxc4          1.2 s       47.8 s
   39  Qxc4          1.7 s       46.5 s
   40  Qc3+          3.4 s       43.6 s
   41  Qf3           3.4 s       40.7 s
   42  Qxf4          2.3 s       38.9 s
   43  Qxe5          3.1 s       36.3 s
   44  Qe4           2.9 s       33.9 s
   45  Qxb4          2.8 s       31.6 s
   46  Qc4+          2.5 s       29.6 s
   47  Ka7           2.5 s       27.6 s
   48  Qd4+          2.4 s       25.7 s
   49  Qxg4          2.2 s       24.1 s
   50  Qxh5          1.9 s       22.6 s
   51  Ka6           2.0 s       21.1 s
   52  Qe8+          1.9 s       19.7 s
   53  h5            1.8 s       18.4 s
   54  Qf7+          1.7 s       17.2 s
   55  Qd5           1.6 s       16.1 s
   56  h4            1.5 s       15.0 s
   57  Qd2+          1.5 s       14.1 s
   58  Bxa5          1.4 s       13.1 s
   59  Qd1+          1.3 s       12.3 s
   60  h3+           1.3 s       11.5 s
   61  Qh1+          1.2 s       10.8 s
   62  Qg1+          1.2 s       10.1 s
   63  Bb6           1.1 s        9.6 s
   64  Kb7           1.1 s        9.0 s
   65  Qb1+          1.0 s        8.5 s
   66  Qxc2+         0.8 s        8.2 s
   67  Qc3+          1.0 s        7.7 s
   68  Qd4+          1.0 s        7.2 s
   69  Kc8           0.9 s        6.8 s
   70  Qe5+          0.9 s        6.4 s
   71  Kd7           1.6 s        5.3 s
   72  Bf2+          0.8 s        5.0 s
   73  Qg3+          0.7 s        4.8 s
   74  Qd3+          0.7 s        4.5 s
   75  Qd6+          0.7 s        4.3 s
   76  Qe6+          0.7 s        4.1 s
   77  Qe3+          0.7 s        3.9 s
   78  Bh4           0.7 s        3.8 s
   79  Qg5+          0.7 s        3.6 s
   80  Qf5+          0.7 s        3.4 s
   81  Bf2+          0.6 s        3.3 s
   82  Qc2+          0.6 s        3.1 s
   83  Ke6           0.6 s        3.0 s
   84  Be3+          0.6 s        2.9 s
   85  Qf2+          0.6 s        2.8 s
   86  Bg5           0.6 s        2.7 s
   87  Qc5           0.6 s        2.6 s
   88  Qc2+          0.5 s        2.6 s
   89  Kf5           0.6 s        2.5 s
   90  Be3           0.5 s        2.5 s
   91  Bf4           0.5 s        2.5 s
   92  Qh2#          0.4 s        2.6 s

OUTPUT
  6,872 bytes on stderr

  net: [('model.int8.onnx', 2.83), ('model.fused.onnx', 3.45), ('model.onnx', 4.48)] -> model.int8.onnx
  init: {'d_model': 96, 'n_heads': 4, 'n_blocks': 12, 'params': 1381050, 'checkpoint': {'file': 'R8_e8_ema.pt', 'sha256': '912e617bc501995bd632009fcca0ebde6c6be70d9926dd3a4688c763da38225e'}, 'forward_ms': 2.83, 'chosen': 'model.int8.onnx', 'sha256': '36be50365fffa677075524dd53e61eeff65a7f71c4533196eb51ff6418e6fa18'}
  init: opening pre-search sims=1344
  move 7: b8d7 sims=864 reused=0 pondered=0 q=-0.01 t=2.70s pruned
  move 8: f6h5 sims=1056 reused=177 pondered=11 q=-0.03 t=3.45s pruned
  move 9: g6h5 sims=384 reused=278 pondered=13 q=-0.05 t=1.21s pruned
  move 10: e7e6 sims=1152 reused=174 pondered=14 q=-0.07 t=3.52s pruned
  move 11: f8e7 sims=960 reused=75 pondered=11 q=-0.08 t=2.86s pruned
  move 12: d7e5 sims=1184 reused=22 pondered=13 q=-0.05 t=3.17s pruned
  move 13: h5e2 sims=640 reused=315 pondered=12 q=-0.07 t=2.16s pruned
  move 14: d8d5 sims=512 reused=505 pondered=15 q=-0.05 t=1.69s pruned
  move 15: e8c8 sims=512 reused=522 pondered=12 q=-0.04 t=1.66s pruned
  move 16: d5a5 sims=1024 reused=349 pondered=12 q=-0.06 t=3.20s pruned
  move 17: a5d8 sims=864 reused=68 pondered=12 q=-0.17 t=2.73s pruned
  move 18: d8c7 sims=1056 reused=19 pondered=14 q=-0.21 t=3.23s pruned
  move 19: h8d8 sims=960 reused=193 pondered=13 q=-0.21 t=2.99s pruned
  move 20: b7b6 sims=576 reused=12 pondered=14 q=-0.02 t=1.89s pruned
  move 21: c7b6 sims=352 reused=419 pondered=14 q=-0.03 t=1.10s pruned
  move 22: b6c7 sims=832 reused=668 pondered=11 q=-0.00 t=2.55s pruned
  move 23: c7d7 sims=608 reused=67 pondered=13 q=+0.11 t=2.01s pruned
  move 24: e7c5 sims=480 reused=423 pondered=12 q=+0.12 t=1.46s pruned
  move 25: d7d5 sims=768 reused=60 pondered=13 q=+0.24 t=2.28s pruned
  move 26: c5b6 sims=896 reused=314 pondered=13 q=+0.22 t=2.82s pruned
  move 27: d8g8 sims=736 reused=31 pondered=14 q=+0.36 t=2.32s pruned
  move 28: g8d8 sims=1184 reused=475 pondered=14 q=+0.34 t=3.68s pruned
  move 29: b6c7 sims=1568 reused=28 pondered=12 q=+0.21 t=3.90s pruned
  move 30: h7h6 sims=1696 reused=252 pondered=13 q=+0.09 t=3.87s pruned
  move 31: d5b3 sims=672 reused=19 pondered=16 q=+0.23 t=2.06s pruned
  move 32: c8b8 sims=736 reused=132 pondered=12 q=+0.15 t=1.80s pruned
  move 33: b3c2 sims=640 reused=734 pondered=13 q=+0.19 t=1.78s pruned
  move 34: d8d5 sims=416 reused=782 pondered=12 q=+0.27 t=1.31s pruned
  move 35: c2c3 sims=1024 reused=0 pondered=13 q=+0.27 t=3.00s pruned
  move 36: d5d3 sims=1696 reused=452 pondered=14 q=+0.17 t=3.99s pruned
  move 37: c3c2 sims=928 reused=614 pondered=15 q=+0.25 t=2.22s pruned
  move 38: c2d1 sims=544 reused=228 pondered=12 q=+0.38 t=1.63s pruned
  move 39: d3c3 sims=512 reused=371 pondered=10 q=+0.45 t=1.49s pruned
  move 40: c3c1 sims=640 reused=28 pondered=13 q=+0.72 t=1.96s pruned
  move 41: d1h1 sims=1120 reused=269 pondered=11 q=+0.77 t=3.21s pruned
  move 42: c1c3 sims=640 reused=120 pondered=19 q=+0.83 t=1.90s pruned
  move 43: h1c1 sims=416 reused=549 pondered=17 q=+0.88 t=1.19s pruned
  move 44: c3c4 sims=384 reused=462 pondered=13 q=+0.91 t=1.17s pruned
  move 45: c1c4 sims=576 reused=33 pondered=13 q=+0.96 t=1.71s pruned
  move 46: c4c3 sims=1376 reused=75 pondered=12 q=+0.96 t=3.45s pruned
  move 47: c3f3 sims=1440 reused=100 pondered=18 q=+0.97 t=3.43s pruned
  move 48: f3f4 sims=864 reused=36 pondered=18 q=+0.98 t=2.25s pruned
  move 49: f4e5 sims=1088 reused=74 pondered=15 q=+0.98 t=3.11s pruned
  move 50: e5e4 sims=1024 reused=74 pondered=18 q=+0.96 t=2.91s pruned
  move 51: e4b4 sims=896 reused=28 pondered=15 q=+0.96 t=2.75s pruned
  move 52: b4c4 sims=832 reused=11 pondered=16 q=+0.96 t=2.50s pruned
  move 53: b8a7 sims=896 reused=40 pondered=16 q=+0.96 t=2.52s pruned
  move 54: c4d4 sims=791 reused=17 pondered=13 q=+0.94 t=2.37s
  move 55: d4g4 sims=736 reused=14 pondered=26 q=+0.94 t=2.17s pruned
  move 56: g4h5 sims=672 reused=44 pondered=13 q=+0.95 t=1.95s pruned
  move 57: a7a6 sims=672 reused=9 pondered=14 q=+0.95 t=1.98s pruned
  move 58: h5e8 sims=672 reused=31 pondered=14 q=+0.95 t=1.91s pruned
  move 59: h6h5 sims=649 reused=31 pondered=14 q=+0.95 t=1.81s
  move 60: e8f7 sims=640 reused=7 pondered=13 q=+0.95 t=1.71s pruned
  move 61: f7d5 sims=640 reused=36 pondered=21 q=+0.95 t=1.62s pruned
  move 62: h5h4 sims=543 reused=5 pondered=12 q=+0.96 t=1.55s
  move 63: d5d2 sims=480 reused=9 pondered=10 q=+0.92 t=1.45s pruned
  move 64: c7a5 sims=453 reused=38 pondered=19 q=+0.96 t=1.40s
  move 65: d2d1 sims=445 reused=5 pondered=11 q=+0.94 t=1.34s
  move 66: h4h3 sims=416 reused=101 pondered=15 q=+0.95 t=1.26s pruned
  move 67: d1h1 sims=416 reused=36 pondered=15 q=+0.94 t=1.21s pruned
  move 68: h1g1 sims=412 reused=29 pondered=12 q=+0.94 t=1.17s
  move 69: a5b6 sims=352 reused=23 pondered=15 q=+0.94 t=1.09s pruned
  move 70: a6b7 sims=320 reused=18 pondered=13 q=+0.94 t=1.06s pruned
  move 71: g1b1 sims=384 reused=12 pondered=14 q=+0.94 t=1.04s pruned
  move 72: b1c2 sims=256 reused=15 pondered=18 q=+0.91 t=0.80s pruned
  move 73: c2c3 sims=336 reused=28 pondered=18 q=+0.92 t=0.98s
  move 74: c3d4 sims=312 reused=3 pondered=12 q=+0.92 t=0.95s
  move 75: b7c8 sims=305 reused=21 pondered=13 q=+0.92 t=0.92s
  move 76: d4e5 sims=287 reused=10 pondered=15 q=+0.93 t=0.89s
  move 77: c8d7 sims=295 reused=48 pondered=185 q=+0.94 t=0.86s
  move 78: b6f2 sims=256 reused=11 pondered=15 q=+0.95 t=0.78s pruned
  move 79: e5g3 sims=256 reused=24 pondered=12 q=+0.91 t=0.72s pruned
  move 80: g3d3 sims=256 reused=29 pondered=21 q=+0.93 t=0.72s pruned
  move 81: d3d6 sims=248 reused=8 pondered=14 q=+0.92 t=0.73s
  move 82: d6e6 sims=224 reused=15 pondered=15 q=+0.83 t=0.70s pruned
  move 83: e6e3 sims=235 reused=20 pondered=18 q=+0.84 t=0.70s
  move 84: f2h4 sims=224 reused=23 pondered=18 q=+0.91 t=0.66s pruned
  move 85: e3g5 sims=252 reused=18 pondered=15 q=+0.90 t=0.67s
  move 86: g5f5 sims=222 reused=32 pondered=14 q=+0.91 t=0.66s
  move 87: h4f2 sims=203 reused=13 pondered=20 q=+0.90 t=0.65s
  move 88: f5c2 sims=195 reused=12 pondered=13 q=+0.91 t=0.63s
  move 89: d7e6 sims=207 reused=22 pondered=14 q=+0.95 t=0.63s
  move 90: f2e3 sims=213 reused=20 pondered=18 q=+0.92 t=0.62s
  move 91: c2f2 sims=192 reused=12 pondered=16 q=+0.87 t=0.58s pruned
  move 92: e3g5 sims=195 reused=24 pondered=13 q=+0.89 t=0.60s
  move 93: f2c5 sims=235 reused=38 pondered=13 q=+0.93 t=0.59s
  move 94: c5c2 sims=192 reused=36 pondered=22 q=+0.92 t=0.55s pruned
  move 95: e6f5 sims=192 reused=31 pondered=18 q=+0.94 t=0.55s pruned
  move 96: g5e3 sims=224 reused=43 pondered=17 q=+0.96 t=0.50s pruned
  move 97: e3f4 sims=320 reused=33 pondered=30 q=+0.99 t=0.50s pruned
  move 98: c2h2 sims=1536 reused=178 pondered=71 q=+1.00 t=0.40s pruned
  Traceback (most recent call last):
    File "/agent/agent.py", line 132, in _ponder
      result = _MCTS.run(
               ^^^^^^^^^^
    File "/agent/chessml/search.py", line 179, in run
      raise ValueError("no legal moves at search root")
  ValueError: no legal moves at search root

Email hello@aichessathon.com with this file if anything here is unclear.
