AI CHESSATHON MATCH LOG
=======================

MATCH
  Round          Rated 12
  Team           Team1
  Colour         White
  Opponent       zak
  Opening        Sicilian Taimanov
  Start FEN      r1bqk1nr/pp1p1ppp/2n1p3/2b5/4P3/PN6/1PP2PPP/RNBQKB1R b KQkq - 2 6
  You moved      Second
  Machine        w-aed3b9
  Finished       2026-09-04 18:05:06 UTC
  Match ID       e0461921-49ee-4d4f-9e1f-d89a12c519c2

INIT
  Ready in       6.0 s
  Budget         90.0 s
  Used           7 percent

CLOCK
  Base           120.0 s plus 0.5 s per move
  Moves          62
  Time used      146.9 s
  Slowest        3.6 s on move 26
  Fastest        0.7 s on move 62
  Average        2.4 s
  Left at end    4.1 s

RESULT
  Won by checkmate
  Game lasted 260.9 s

MOVES
    #  move          time     clock left
    1  Nc3           3.5 s      117.0 s
    2  Qe2           3.5 s      114.0 s
    3  Bg5           3.5 s      111.0 s
    4  e5            3.5 s      108.1 s
    5  Bh4           3.5 s      105.1 s
    6  Nd2           3.5 s      102.1 s
    7  Qd3           3.5 s       99.1 s
    8  exf6          3.5 s       96.1 s
    9  fxg7          3.5 s       93.1 s
   10  O-O-O         3.5 s       90.1 s
   11  Nc4           3.5 s       87.0 s
   12  Nd6           3.5 s       84.0 s
   13  Kb1           3.5 s       81.0 s
   14  Qe4           3.5 s       78.0 s
   15  Nxa4          3.5 s       75.0 s
   16  Bb5           3.5 s       71.9 s
   17  h4            3.5 s       68.9 s
   18  h5            3.5 s       65.9 s
   19  hxg6          3.5 s       62.8 s
   20  gxf7          3.5 s       59.8 s
   21  Rdf1          3.6 s       56.7 s
   22  Rxf1          3.6 s       53.7 s
   23  Qg4+          3.6 s       50.6 s
   24  Qd4+          3.6 s       47.5 s
   25  Qc5           3.6 s       44.5 s
   26  Nb6           3.6 s       41.4 s
   27  Qxb6          3.4 s       38.5 s
   28  Qe3           3.2 s       35.9 s
   29  Qb6           3.0 s       33.4 s
   30  Rf3           2.8 s       31.1 s
   31  Rg3+          2.6 s       29.0 s
   32  Qe3           2.5 s       27.0 s
   33  Bd3           2.3 s       25.2 s
   34  Rg6           2.2 s       23.5 s
   35  Bxg6          2.1 s       21.9 s
   36  Bd3           2.0 s       20.4 s
   37  Qe5+          1.9 s       19.1 s
   38  Qc7           1.8 s       17.8 s
   39  Qxb7          1.7 s       16.6 s
   40  Bb5           1.6 s       15.5 s
   41  Qxb5+         1.5 s       14.5 s
   42  a4            1.4 s       13.6 s
   43  a5            1.4 s       12.7 s
   44  Ka2           1.3 s       11.9 s
   45  a6            1.3 s       11.1 s
   46  a7            1.2 s       10.4 s
   47  Qb8           1.1 s        9.8 s
   48  axb8=Q        1.1 s        9.2 s
   49  Qd8+          1.1 s        8.6 s
   50  Qxh4          1.0 s        8.1 s
   51  Qf6+          1.0 s        7.6 s
   52  Qxe5+         1.0 s        7.2 s
   53  Qxd5+         0.9 s        6.7 s
   54  b4            0.9 s        6.4 s
   55  b5            0.9 s        6.0 s
   56  b6            0.8 s        5.7 s
   57  b7            0.8 s        5.4 s
   58  b8=Q          0.8 s        5.1 s
   59  Qbe5+         0.8 s        4.8 s
   60  Qdd6+         0.8 s        4.6 s
   61  Qee7+         0.7 s        4.3 s
   62  Qdd8#         0.7 s        4.1 s

OUTPUT
  4,422 bytes on stderr

  net: [('model.onnx', 5.67)] -> model.onnx
  init: {'d_model': 96, 'n_heads': 4, 'n_blocks': 12, 'params': 1381050, 'forward_ms': 5.672, 'chosen': 'model.onnx', 'sha256': 'ea52cc6aac7704abec84b8628a86cbd9df8999ea178bcf75c199a8f245c9ac5a'}
  init: opening pre-search sims=873
  move 7: b1c3 sims=669 reused=0 pondered=0 q=-0.01 t=3.48s
  move 8: d1e2 sims=576 reused=79 pondered=284 q=+0.08 t=3.48s
  move 9: c1g5 sims=625 reused=270 pondered=572 q=+0.11 t=3.49s
  move 10: e4e5 sims=663 reused=11 pondered=330 q=+0.32 t=3.48s
  move 11: g5h4 sims=714 reused=178 pondered=292 q=+0.36 t=3.49s
  move 12: b3d2 sims=624 reused=1027 pondered=490 q=+0.18 t=3.49s
  move 13: e2d3 sims=653 reused=1301 pondered=320 q=+0.16 t=3.50s
  move 14: e5f6 sims=643 reused=1672 pondered=180 q=+0.13 t=3.50s
  move 15: f6g7 sims=697 reused=1400 pondered=215 q=+0.11 t=3.50s
  move 16: e1c1 sims=780 reused=2149 pondered=485 q=+0.08 t=3.51s
  move 17: d2c4 sims=753 reused=25 pondered=328 q=+0.25 t=3.51s
  move 18: c4d6 sims=609 reused=97 pondered=168 q=+0.41 t=3.51s
  move 19: c1b1 sims=676 reused=563 pondered=434 q=+0.34 t=3.52s
  move 20: d3e4 sims=612 reused=92 pondered=330 q=+0.43 t=3.52s
  move 21: c3a4 sims=633 reused=442 pondered=295 q=+0.46 t=3.52s
  move 22: f1b5 sims=620 reused=12 pondered=587 q=+0.75 t=3.53s
  move 23: h2h4 sims=661 reused=18 pondered=215 q=+0.75 t=3.53s
  move 24: h4h5 sims=612 reused=66 pondered=256 q=+0.77 t=3.54s
  move 25: h5g6 sims=686 reused=75 pondered=343 q=+0.73 t=3.54s
  move 26: g6f7 sims=656 reused=526 pondered=336 q=+0.70 t=3.55s
  move 27: d1f1 sims=674 reused=291 pondered=424 q=+0.81 t=3.55s
  move 28: h1f1 sims=714 reused=652 pondered=285 q=+0.79 t=3.56s
  move 29: e4g4 sims=701 reused=1385 pondered=475 q=+0.78 t=3.56s
  move 30: g4d4 sims=713 reused=1620 pondered=235 q=+0.79 t=3.56s
  move 31: d4c5 sims=670 reused=12 pondered=151 q=+0.82 t=3.57s
  move 32: a4b6 sims=651 reused=314 pondered=186 q=+0.83 t=3.58s
  move 33: c5b6 sims=593 reused=299 pondered=169 q=+0.85 t=3.36s
  move 34: b6e3 sims=609 reused=501 pondered=216 q=+0.86 t=3.15s
  move 35: e3b6 sims=577 reused=364 pondered=390 q=+0.88 t=2.97s
  move 36: f1f3 sims=516 reused=79 pondered=153 q=+0.91 t=2.79s
  move 37: f3g3 sims=523 reused=35 pondered=271 q=+0.93 t=2.63s
  move 38: b6e3 sims=531 reused=283 pondered=486 q=+0.94 t=2.47s
  move 39: b5d3 sims=456 reused=496 pondered=423 q=+0.92 t=2.33s
  move 40: g3g6 sims=484 reused=192 pondered=327 q=+0.95 t=2.20s
  move 41: d3g6 sims=443 reused=122 pondered=405 q=+0.96 t=2.08s
  move 42: g6d3 sims=420 reused=831 pondered=377 q=+0.95 t=1.97s
  move 43: e3e5 sims=457 reused=60 pondered=273 q=+0.94 t=1.86s
  move 44: e5c7 sims=368 reused=501 pondered=334 q=+0.95 t=1.77s
  move 45: c7b7 sims=325 reused=122 pondered=414 q=+0.94 t=1.67s
  move 46: d3b5 sims=316 reused=418 pondered=281 q=+0.94 t=1.59s
  move 47: b7b5 sims=346 reused=376 pondered=262 q=+0.93 t=1.51s
  move 48: a3a4 sims=297 reused=636 pondered=237 q=+0.93 t=1.44s
  move 49: a4a5 sims=317 reused=598 pondered=345 q=+0.92 t=1.37s
  move 50: b1a2 sims=431 reused=160 pondered=398 q=+0.96 t=1.31s
  move 51: a5a6 sims=321 reused=51 pondered=368 q=+0.96 t=1.25s
  move 52: a6a7 sims=303 reused=155 pondered=226 q=+0.96 t=1.20s
  move 53: b5b8 sims=238 reused=303 pondered=595 q=+0.97 t=1.14s
  move 54: a7b8q sims=255 reused=163 pondered=187 q=+0.95 t=1.10s
  move 55: b8d8 sims=293 reused=133 pondered=614 q=+0.95 t=1.06s
  move 56: d8h4 sims=196 reused=55 pondered=183 q=+0.94 t=1.02s
  move 57: h4f6 sims=177 reused=90 pondered=167 q=+0.92 t=0.98s
  move 58: f6e5 sims=246 reused=2 pondered=225 q=+0.95 t=0.95s
  move 59: e5d5 sims=200 reused=49 pondered=673 q=+0.96 t=0.91s
  move 60: b2b4 sims=247 reused=83 pondered=79 q=+0.98 t=0.88s
  move 61: b4b5 sims=381 reused=88 pondered=1 q=+0.98 t=0.85s
  move 62: b5b6 sims=578 reused=110 pondered=6 q=+0.98 t=0.83s
  move 63: b6b7 sims=531 reused=418 pondered=4 q=+0.98 t=0.81s
  move 64: b7b8q sims=814 reused=349 pondered=1 q=+0.98 t=0.78s
  move 65: b8e5 sims=535 reused=577 pondered=2 q=+0.98 t=0.77s
  move 66: d5d6 sims=757 reused=328 pondered=1 q=+1.00 t=0.75s
  move 67: e5e7 sims=4326 reused=252 pondered=61 q=+1.00 t=0.73s
  move 68: d6d8 sims=18282 reused=3759 pondered=73 q=+1.00 t=0.71s
  Traceback (most recent call last):
    File "/agent/agent.py", line 90, in _ponder
      result = _MCTS.run(
               ^^^^^^^^^^
    File "/agent/chessml/search.py", line 89, in run
      raise ValueError("no legal moves at search root")
  ValueError: no legal moves at search root

Email hello@aichessathon.com with this file if anything here is unclear.
