AI CHESSATHON MATCH LOG
=======================

MATCH
  Round          Rated 25
  Team           Team1
  Colour         Black
  Opponent       pheanup
  Opening        Ruy Lopez, Closed
  Start FEN      r1bqk2r/2p1bppp/p1np1n2/1p2p3/4P3/1B1P1N2/PPP2PPP/RNBQR1K1 b kq - 0 8
  You moved      First
  Machine        w-53f6ad
  Finished       2026-09-05 16:05:21 UTC
  Match ID       c1f6ef61-a173-4af0-a260-1090c42ade4d

INIT
  Ready in       5.6 s
  Budget         90.0 s
  Used           6 percent

CLOCK
  Base           120.0 s plus 0.5 s per move
  Moves          55
  Time used      124.9 s
  Slowest        4.0 s on move 29
  Fastest        0.6 s on move 24
  Average        2.3 s
  Left at end    22.6 s

RESULT
  Lost by checkmate
  Game lasted 261.9 s

MOVES
    #  move          time     clock left
    1  Na5           2.3 s      118.2 s
    2  Nxb3          2.3 s      116.3 s
    3  O-O           2.4 s      114.4 s
    4  c5            2.3 s      112.6 s
    5  cxb4          3.4 s      109.7 s
    6  Bg4           3.1 s      107.1 s
    7  axb5          1.7 s      105.9 s
    8  Qxa8          1.1 s      105.3 s
    9  Qc8           3.1 s      102.7 s
   10  Bh5           1.8 s      101.5 s
   11  Qe6           3.1 s       98.9 s
   12  h6            3.3 s       96.1 s
   13  Qb3           3.3 s       93.3 s
   14  Qe6           2.2 s       91.6 s
   15  Rd8           2.8 s       89.3 s
   16  g6            2.4 s       87.4 s
   17  Qd7           3.5 s       84.4 s
   18  Qe8           3.5 s       81.4 s
   19  Ra8           2.1 s       79.8 s
   20  Rc8           1.6 s       78.7 s
   21  Rc1+          3.8 s       75.3 s
   22  Rc2           3.5 s       72.4 s
   23  Bxd6          1.5 s       71.3 s
   24  Bxf3          0.6 s       71.2 s
   25  Nd7           2.4 s       69.3 s
   26  Qe6           1.7 s       68.2 s
   27  Kg7           1.0 s       67.6 s
   28  g5            0.8 s       67.3 s
   29  Kf6           4.0 s       63.8 s
   30  Kxe7          2.5 s       61.9 s
   31  Kd6           1.2 s       61.1 s
   32  fxe6          1.2 s       60.4 s
   33  Rxb2          2.8 s       58.1 s
   34  Nc5           3.7 s       54.9 s
   35  Rb8           3.5 s       51.9 s
   36  Nb3           2.5 s       49.9 s
   37  Nd4           2.4 s       48.0 s
   38  Rf8           2.3 s       46.2 s
   39  Kxe5          1.3 s       45.5 s
   40  Rg8+          2.2 s       43.8 s
   41  Rf8           1.8 s       42.5 s
   42  Rf4           3.2 s       39.8 s
   43  Kd6           1.8 s       38.5 s
   44  Ke7           1.1 s       37.9 s
   45  Kf6           2.9 s       35.6 s
   46  Ke5           1.8 s       34.2 s
   47  Kd4           2.2 s       32.5 s
   48  e5            2.7 s       30.3 s
   49  Kc3           2.6 s       28.2 s
   50  Kc4           1.1 s       27.6 s
   51  Kb5           1.5 s       26.6 s
   52  Kc6           1.6 s       25.5 s
   53  Kd7           1.2 s       24.8 s
   54  Ke8           1.4 s       23.9 s
   55  Kd7           1.8 s       22.6 s

OUTPUT
  3,966 bytes on stderr

  net: [('model.onnx', 5.2)] -> model.onnx
  init: {'d_model': 96, 'n_heads': 4, 'n_blocks': 12, 'params': 1381050, 'forward_ms': 5.202, 'chosen': 'model.onnx', 'sha256': 'ea52cc6aac7704abec84b8628a86cbd9df8999ea178bcf75c199a8f245c9ac5a'}
  init: opening pre-search sims=928
  move 8: c6a5 sims=480 reused=0 pondered=0 q=-0.02 t=2.33s pruned
  move 9: a5b3 sims=512 reused=33 pondered=7 q=+0.01 t=2.35s pruned
  move 10: e8g8 sims=480 reused=344 pondered=8 q=-0.01 t=2.40s pruned
  move 11: c7c5 sims=448 reused=71 pondered=6 q=+0.07 t=2.30s pruned
  move 12: c5b4 sims=704 reused=37 pondered=8 q=+0.01 t=3.44s pruned
  move 13: c8g4 sims=704 reused=185 pondered=7 q=+0.02 t=3.07s pruned
  move 14: a6b5 sims=352 reused=51 pondered=8 q=+0.01 t=1.74s pruned
  move 15: d8a8 sims=192 reused=240 pondered=7 q=-0.03 t=1.05s pruned
  move 16: a8c8 sims=512 reused=242 pondered=6 q=+0.00 t=3.05s pruned
  move 17: g4h5 sims=352 reused=200 pondered=7 q=-0.03 t=1.77s pruned
  move 18: c8e6 sims=544 reused=189 pondered=7 q=-0.02 t=3.06s pruned
  move 19: h7h6 sims=640 reused=17 pondered=7 q=-0.04 t=3.29s pruned
  move 20: e6b3 sims=640 reused=33 pondered=8 q=-0.06 t=3.29s pruned
  move 21: b3e6 sims=480 reused=182 pondered=7 q=-0.11 t=2.23s pruned
  move 22: f8d8 sims=576 reused=187 pondered=7 q=-0.14 t=2.75s pruned
  move 23: g7g6 sims=480 reused=45 pondered=7 q=-0.17 t=2.41s pruned
  move 24: e6d7 sims=640 reused=217 pondered=8 q=-0.18 t=3.53s pruned
  move 25: d7e8 sims=704 reused=112 pondered=6 q=-0.08 t=3.51s pruned
  move 26: d8a8 sims=448 reused=70 pondered=7 q=-0.14 t=2.06s pruned
  move 27: a8c8 sims=416 reused=188 pondered=8 q=-0.13 t=1.63s pruned
  move 28: c8c1 sims=768 reused=303 pondered=7 q=-0.24 t=3.85s pruned
  move 29: c1c2 sims=672 reused=147 pondered=7 q=-0.36 t=3.46s pruned
  move 30: e7d6 sims=320 reused=218 pondered=8 q=-0.42 t=1.55s pruned
  move 31: h5f3 sims=96 reused=427 pondered=7 q=-0.41 t=0.57s pruned
  move 32: f6d7 sims=512 reused=140 pondered=6 q=-0.33 t=2.42s pruned
  move 33: e8e6 sims=320 reused=254 pondered=8 q=-0.47 t=1.67s pruned
  move 34: g8g7 sims=224 reused=382 pondered=7 q=-0.51 t=1.04s pruned
  move 35: g6g5 sims=160 reused=513 pondered=6 q=-0.54 t=0.78s pruned
  move 36: g7f6 sims=687 reused=20 pondered=7 q=-0.70 t=4.00s
  move 37: f6e7 sims=576 reused=0 pondered=6 q=-0.69 t=2.46s pruned
  move 38: e7d6 sims=288 reused=410 pondered=8 q=-0.75 t=1.23s pruned
  move 39: f7e6 sims=256 reused=598 pondered=7 q=-0.75 t=1.20s pruned
  move 40: c2b2 sims=704 reused=71 pondered=7 q=-0.81 t=2.84s pruned
  move 41: d7c5 sims=1056 reused=310 pondered=9 q=-0.80 t=3.65s pruned
  move 42: b2b8 sims=768 reused=334 pondered=8 q=-0.74 t=3.50s pruned
  move 43: c5b3 sims=480 reused=14 pondered=7 q=-0.70 t=2.50s pruned
  move 44: b3d4 sims=512 reused=10 pondered=6 q=-0.76 t=2.44s pruned
  move 45: b8f8 sims=448 reused=329 pondered=7 q=-0.74 t=2.26s pruned
  move 46: d6e5 sims=256 reused=338 pondered=6 q=-0.77 t=1.28s pruned
  move 47: f8g8 sims=416 reused=94 pondered=7 q=-0.81 t=2.16s pruned
  move 48: g8f8 sims=352 reused=71 pondered=11 q=-0.76 t=1.76s pruned
  move 49: f8f4 sims=640 reused=221 pondered=9 q=-0.83 t=3.20s pruned
  move 50: e5d6 sims=448 reused=252 pondered=7 q=-0.91 t=1.80s pruned
  move 51: d6e7 sims=192 reused=452 pondered=6 q=-0.93 t=1.07s pruned
  move 52: e7f6 sims=576 reused=50 pondered=6 q=-0.92 t=2.86s pruned
  move 53: f6e5 sims=384 reused=38 pondered=7 q=-0.91 t=1.84s pruned
  move 54: e5d4 sims=416 reused=122 pondered=6 q=-0.95 t=2.24s pruned
  move 55: e6e5 sims=604 reused=263 pondered=7 q=-0.94 t=2.73s
  move 56: d4c3 sims=686 reused=161 pondered=9 q=-0.95 t=2.57s
  move 57: c3c4 sims=352 reused=269 pondered=8 q=-0.97 t=1.09s pruned
  move 58: c4b5 sims=544 reused=320 pondered=7 q=-0.97 t=1.50s pruned
  move 59: b5c6 sims=640 reused=299 pondered=7 q=-0.97 t=1.59s pruned
  move 60: c6d7 sims=384 reused=183 pondered=8 q=-0.96 t=1.20s pruned
  move 61: d7e8 sims=416 reused=24 pondered=6 q=-0.97 t=1.41s pruned
  move 62: e8d7 sims=3264 reused=25 pondered=7 q=-0.99 t=1.83s pruned

Email hello@aichessathon.com with this file if anything here is unclear.
