AI CHESSATHON MATCH LOG
=======================

MATCH
  Round          Rated 13
  Team           Team1
  Colour         Black
  Opponent       Alien Gambit
  Opening        Sicilian Closed
  Start FEN      r1bqk2r/pp2npbp/2np2p1/2p1p3/4P3/P1NP2PP/1PP2PB1/R1BQK1NR w KQkq - 1 8
  You moved      Second
  Machine        w-aac959
  Finished       2026-09-04 19:04:47 UTC
  Match ID       c3510eaf-3c84-43cf-a612-bfa25219f087

INIT
  Ready in       6.1 s
  Budget         90.0 s
  Used           7 percent

CLOCK
  Base           120.0 s plus 0.5 s per move
  Moves          43
  Time used      129.4 s
  Slowest        3.7 s on move 25
  Fastest        1.3 s on move 43
  Average        3.0 s
  Left at end    12.1 s

RESULT
  Won by checkmate
  Game lasted 220.9 s

MOVES
    #  move          time     clock left
    1  O-O           3.6 s      116.9 s
    2  Nd4           3.6 s      113.9 s
    3  Be6           3.6 s      110.8 s
    4  Nxd5          3.6 s      107.7 s
    5  Nxe2+         3.6 s      104.7 s
    6  Bd7           3.6 s      101.6 s
    7  f5            3.6 s       98.5 s
    8  f4            3.6 s       95.4 s
    9  Qf6           3.6 s       92.3 s
   10  cxb4          3.6 s       89.2 s
   11  Rf7           3.6 s       86.1 s
   12  Raf8          3.6 s       83.0 s
   13  h5            3.6 s       79.9 s
   14  gxh5          3.6 s       76.8 s
   15  Qg5           3.6 s       73.7 s
   16  Rf6           3.6 s       70.6 s
   17  Rg6           3.6 s       67.5 s
   18  Rf7           3.6 s       64.4 s
   19  bxa6          3.6 s       61.3 s
   20  e4            3.6 s       58.1 s
   21  Bd4           3.6 s       55.0 s
   22  Bg4           3.6 s       51.8 s
   23  hxg4          3.6 s       48.7 s
   24  Qh4+          3.7 s       45.6 s
   25  f3            3.7 s       42.4 s
   26  fxe2          3.4 s       39.5 s
   27  Qxd8          3.2 s       36.7 s
   28  Kh7           3.0 s       34.2 s
   29  Kxg6          2.8 s       31.9 s
   30  Qh4           2.7 s       29.7 s
   31  Be5           2.5 s       27.6 s
   32  Bxf4          2.4 s       25.8 s
   33  e1=Q          2.2 s       24.0 s
   34  g3            2.1 s       22.4 s
   35  Qh2+          2.0 s       20.9 s
   36  Qxf1          1.9 s       19.5 s
   37  Qfg2+         1.8 s       18.2 s
   38  gxf2          1.7 s       17.0 s
   39  Qxf2+         1.6 s       15.9 s
   40  Qxe5          1.5 s       14.8 s
   41  Qfd4+         1.5 s       13.9 s
   42  Qexd5+        1.4 s       13.0 s
   43  Qb6#          1.3 s       12.1 s

OUTPUT
  3,230 bytes on stderr

  net: [('model.onnx', 6.11)] -> model.onnx
  init: {'d_model': 96, 'n_heads': 4, 'n_blocks': 12, 'params': 1381050, 'forward_ms': 6.113, 'chosen': 'model.onnx', 'sha256': 'ea52cc6aac7704abec84b8628a86cbd9df8999ea178bcf75c199a8f245c9ac5a'}
  init: opening pre-search sims=813
  move 8: e8g8 sims=619 reused=0 pondered=0 q=+0.02 t=3.57s
  move 9: c6d4 sims=626 reused=693 pondered=394 q=+0.06 t=3.57s
  move 10: c8e6 sims=588 reused=0 pondered=787 q=+0.07 t=3.56s
  move 11: e7d5 sims=708 reused=67 pondered=490 q=+0.07 t=3.57s
  move 12: d4e2 sims=620 reused=752 pondered=385 q=+0.10 t=3.57s
  move 13: e6d7 sims=642 reused=1136 pondered=379 q=+0.09 t=3.57s
  move 14: f7f5 sims=560 reused=427 pondered=738 q=+0.13 t=3.58s
  move 15: f5f4 sims=521 reused=343 pondered=419 q=+0.13 t=3.58s
  move 16: d8f6 sims=570 reused=8 pondered=319 q=+0.24 t=3.59s
  move 17: c5b4 sims=576 reused=439 pondered=385 q=+0.11 t=3.59s
  move 18: f8f7 sims=572 reused=666 pondered=255 q=+0.14 t=3.59s
  move 19: a8f8 sims=578 reused=66 pondered=453 q=+0.07 t=3.59s
  move 20: h7h5 sims=522 reused=363 pondered=212 q=+0.15 t=3.60s
  move 21: g6h5 sims=519 reused=1042 pondered=407 q=+0.18 t=3.60s
  move 22: f6g5 sims=516 reused=725 pondered=364 q=+0.23 t=3.61s
  move 23: f7f6 sims=523 reused=374 pondered=146 q=+0.21 t=3.61s
  move 24: f6g6 sims=874 reused=7 pondered=693 q=+0.13 t=3.61s
  move 25: f8f7 sims=580 reused=849 pondered=363 q=+0.08 t=3.62s
  move 26: b7a6 sims=506 reused=2 pondered=371 q=+0.24 t=3.62s
  move 27: e5e4 sims=566 reused=679 pondered=409 q=+0.04 t=3.63s
  move 28: g7d4 sims=692 reused=1421 pondered=323 q=+0.03 t=3.64s
  move 29: d7g4 sims=589 reused=16 pondered=320 q=+0.55 t=3.64s
  move 30: h5g4 sims=550 reused=237 pondered=337 q=+0.21 t=3.64s
  move 31: g5h4 sims=884 reused=4 pondered=215 q=+0.87 t=3.65s
  move 32: f4f3 sims=658 reused=1093 pondered=353 q=+0.86 t=3.66s
  move 33: f3e2 sims=697 reused=1083 pondered=513 q=+0.86 t=3.43s
  move 34: h4d8 sims=715 reused=977 pondered=338 q=+0.88 t=3.22s
  move 35: g8h7 sims=863 reused=1927 pondered=389 q=+0.91 t=3.03s
  move 36: h7g6 sims=908 reused=2949 pondered=313 q=+0.92 t=2.85s
  move 37: d8h4 sims=1064 reused=1804 pondered=616 q=+0.95 t=2.68s
  move 38: d4e5 sims=1564 reused=570 pondered=1742 q=+0.98 t=2.52s
  move 39: e5f4 sims=813 reused=0 pondered=2137 q=+0.96 t=2.38s
  move 40: e2e1q sims=626 reused=348 pondered=7 q=+0.97 t=2.25s
  move 41: g4g3 sims=909 reused=65 pondered=3 q=+0.99 t=2.12s
  move 42: h4h2 sims=693 reused=429 pondered=60 q=+0.98 t=2.00s
  move 43: e1f1 sims=598 reused=594 pondered=1 q=+0.98 t=1.89s
  move 44: f1g2 sims=576 reused=81 pondered=11 q=+0.99 t=1.79s
  move 45: g3f2 sims=426 reused=77 pondered=46 q=+0.99 t=1.70s
  move 46: g2f2 sims=543 reused=13 pondered=1 q=+0.98 t=1.62s
  move 47: h2e5 sims=737 reused=397 pondered=1 q=+0.98 t=1.54s
  move 48: f2d4 sims=963 reused=289 pondered=4 q=+0.98 t=1.46s
  move 49: e5d5 sims=3002 reused=495 pondered=12 q=+1.00 t=1.39s
  move 50: d4b6 sims=16039 reused=2841 pondered=76 q=+1.00 t=1.33s
  Traceback (most recent call last):
    File "/agent/agent.py", line 90, in _ponder
      result = _MCTS.run(
               ^^^^^^^^^^
    File "/agent/chessml/search.py", line 89, in run
      raise ValueError("no legal moves at search root")
  ValueError: no legal moves at search root

Email hello@aichessathon.com with this file if anything here is unclear.
