AI CHESSATHON MATCH LOG
=======================

MATCH
  Round          Rated 7
  Team           Team1
  Colour         White
  Opponent       Asher Falcon
  Opening        King's Indian Classical
  Start FEN      rnbq1rk1/ppp2pbp/5np1/4p3/2P1P3/2N1BN2/PP2BPPP/R2QK2R b KQ - 1 8
  You moved      Second
  Machine        w-b1bbdd
  Finished       2026-09-04 13:06:20 UTC
  Match ID       5852b2e9-e611-4364-9930-fef0ca4e60df

INIT
  Ready in       NA
  Budget         90.0 s
  Used           NA

CLOCK
  Base           120.0 s plus 0.5 s per move
  Moves          73
  Time used      154.1 s
  Slowest        3.7 s on move 24
  Fastest        0.6 s on move 73
  Average        2.1 s
  Left at end    2.4 s

RESULT
  Lost by checkmate
  Game lasted 310.0 s

MOVES
    #  move          time     clock left
    1  O-O           3.7 s      116.8 s
    2  h3            3.7 s      113.7 s
    3  Bxf3          3.7 s      110.5 s
    4  Nb5           3.7 s      107.4 s
    5  Nc3           3.7 s      104.2 s
    6  Nd5           3.7 s      101.1 s
    7  Bxd4          3.7 s       97.9 s
    8  Qb3           3.7 s       94.7 s
    9  cxd5          3.7 s       91.5 s
   10  Rac1          3.7 s       88.4 s
   11  Rc4           3.7 s       85.2 s
   12  Qxb7          3.7 s       82.0 s
   13  Qc6           3.7 s       78.8 s
   14  b3            3.7 s       75.6 s
   15  Qa4           3.7 s       72.4 s
   16  Bg4           3.7 s       69.2 s
   17  Qxc4          3.7 s       66.0 s
   18  Rd1           3.7 s       62.8 s
   19  Qc5           3.7 s       59.6 s
   20  Qc4           3.7 s       56.4 s
   21  bxa4          3.7 s       53.2 s
   22  Rf1           3.7 s       49.9 s
   23  Bd1           3.7 s       46.7 s
   24  Bb3           3.7 s       43.5 s
   25  Qc6           3.5 s       40.4 s
   26  a5            3.3 s       37.6 s
   27  Qc4           3.1 s       35.0 s
   28  Qxd3          2.9 s       32.6 s
   29  Qf3           2.7 s       30.4 s
   30  Qg4           2.6 s       28.3 s
   31  Qxh4          2.4 s       26.4 s
   32  Qxf2          2.3 s       24.6 s
   33  Rxf2          2.2 s       22.9 s
   34  Rf1           2.0 s       21.4 s
   35  d6            1.9 s       20.0 s
   36  Rxf7+         1.8 s       18.6 s
   37  Rf1           1.7 s       17.4 s
   38  Rd1           1.7 s       16.2 s
   39  Rf1           1.6 s       15.2 s
   40  Kh1           1.5 s       14.2 s
   41  Bd1           1.4 s       13.3 s
   42  Re1           1.4 s       12.4 s
   43  Rf1           1.3 s       11.6 s
   44  Bf3           1.2 s       10.9 s
   45  Kg1           1.2 s       10.2 s
   46  Kh1           1.1 s        9.6 s
   47  Bxe2          1.1 s        9.0 s
   48  Rf3           1.1 s        8.4 s
   49  Kh2           1.0 s        7.9 s
   50  Kh1           1.0 s        7.4 s
   51  Kh2           0.9 s        7.0 s
   52  Rg3           0.9 s        6.6 s
   53  h4            0.9 s        6.2 s
   54  Kh3           0.8 s        5.9 s
   55  Rf3           0.8 s        5.5 s
   56  Rg3           0.8 s        5.2 s
   57  Rg4           0.8 s        5.0 s
   58  Kg3           0.8 s        4.7 s
   59  Rf4           0.7 s        4.4 s
   60  Kg4           0.7 s        4.2 s
   61  g3            0.7 s        4.0 s
   62  Kh3           0.7 s        3.8 s
   63  Kg4           0.7 s        3.6 s
   64  Rf6           0.7 s        3.5 s
   65  Rf4           0.7 s        3.3 s
   66  Rf2           0.6 s        3.2 s
   67  Kh3           0.6 s        3.0 s
   68  Rf4           0.6 s        2.9 s
   69  Kg4           0.6 s        2.8 s
   70  Rf3           0.6 s        2.7 s
   71  Kf4           0.6 s        2.6 s
   72  Kg4           0.6 s        2.5 s
   73  Kf4           0.6 s        2.4 s

OUTPUT
  NA. This game was played before agent logs were kept, so the output
  and the init time were never recorded. Everything above comes from
  the clocks in the game itself.

Email hello@aichessathon.com with this file if anything here is unclear.
