AI CHESSATHON MATCH LOG
=======================

MATCH
  Round          Rated 11
  Team           Team1
  Colour         Black
  Opponent       IM_master
  Opening        English Symmetrical
  Start FEN      r1bqk2r/pp2ppbp/2n3p1/2pn4/8/2N1PNP1/PP1P1PBP/R1BQ1RK1 b kq - 1 8
  You moved      First
  Machine        w-75c226
  Finished       2026-09-04 17:04:49 UTC
  Match ID       943b2c15-c4a8-450c-8827-c8dfdf233acd

INIT
  Ready in       5.8 s
  Budget         90.0 s
  Used           6 percent

CLOCK
  Base           120.0 s plus 0.5 s per move
  Moves          40
  Time used      125.2 s
  Slowest        3.7 s on move 25
  Fastest        1.5 s on move 40
  Average        3.1 s
  Left at end    14.8 s

RESULT
  Won by checkmate
  Game lasted 236.2 s

MOVES
    #  move          time     clock left
    1  O-O           3.6 s      116.9 s
    2  Qxd5          3.6 s      113.9 s
    3  Qd6           3.6 s      110.8 s
    4  bxc6          3.6 s      107.7 s
    5  Bf5           3.6 s      104.7 s
    6  Bh3           3.6 s      101.6 s
    7  Rab8          3.6 s       98.5 s
    8  Qe5           3.6 s       95.4 s
    9  Rfc8          3.6 s       92.3 s
   10  Qc7           3.6 s       89.2 s
   11  c4            3.6 s       86.2 s
   12  Qa5           3.6 s       83.1 s
   13  h5            3.6 s       80.0 s
   14  Rb6           3.6 s       76.9 s
   15  Rd6           3.6 s       73.8 s
   16  h4            3.6 s       70.6 s
   17  Qh5           3.6 s       67.5 s
   18  hxg3          3.6 s       64.4 s
   19  Bg4           3.6 s       61.3 s
   20  g5            3.6 s       58.2 s
   21  Rh6           3.6 s       55.0 s
   22  f5            3.6 s       51.9 s
   23  Rd8           3.6 s       48.7 s
   24  e5            3.7 s       45.6 s
   25  Rf8           3.7 s       42.4 s
   26  Kh8           3.4 s       39.5 s
   27  Bf3           3.2 s       36.8 s
   28  Bxe5          3.0 s       34.2 s
   29  Bxg2          2.8 s       31.9 s
   30  Qh2+          2.7 s       29.7 s
   31  g4+           2.5 s       27.7 s
   32  fxg4+         2.4 s       25.8 s
   33  Qxg3          2.2 s       24.0 s
   34  Qxe1          2.1 s       22.4 s
   35  Rc8+          2.0 s       20.9 s
   36  Qd1+          1.9 s       19.5 s
   37  Rxc1          1.8 s       18.2 s
   38  Qxc1          1.7 s       17.0 s
   39  Rb6+          1.6 s       15.9 s
   40  Qc5#          1.5 s       14.8 s

OUTPUT
  3,045 bytes on stderr

  net: [('model.onnx', 4.53)] -> model.onnx
  init: {'d_model': 96, 'n_heads': 4, 'n_blocks': 12, 'params': 1381050, 'forward_ms': 4.534, 'chosen': 'model.onnx', 'sha256': 'ea52cc6aac7704abec84b8628a86cbd9df8999ea178bcf75c199a8f245c9ac5a'}
  init: opening pre-search sims=1070
  move 8: e8g8 sims=712 reused=0 pondered=0 q=+0.04 t=3.56s
  move 9: d8d5 sims=732 reused=63 pondered=740 q=+0.18 t=3.56s
  move 10: d5d6 sims=742 reused=241 pondered=714 q=+0.24 t=3.57s
  move 11: b7c6 sims=793 reused=1450 pondered=752 q=+0.24 t=3.57s
  move 12: c8f5 sims=767 reused=737 pondered=540 q=+0.32 t=3.57s
  move 13: f5h3 sims=748 reused=0 pondered=644 q=+0.29 t=3.58s
  move 14: a8b8 sims=755 reused=758 pondered=559 q=+0.31 t=3.58s
  move 15: d6e5 sims=741 reused=514 pondered=623 q=+0.31 t=3.58s
  move 16: f8c8 sims=750 reused=86 pondered=466 q=+0.22 t=3.58s
  move 17: e5c7 sims=731 reused=1069 pondered=734 q=+0.21 t=3.59s
  move 18: c5c4 sims=749 reused=8 pondered=709 q=+0.49 t=3.59s
  move 19: c7a5 sims=779 reused=431 pondered=669 q=+0.59 t=3.59s
  move 20: h7h5 sims=771 reused=151 pondered=693 q=+0.66 t=3.60s
  move 21: b8b6 sims=771 reused=155 pondered=668 q=+0.71 t=3.60s
  move 22: b6d6 sims=732 reused=125 pondered=463 q=+0.74 t=3.60s
  move 23: h5h4 sims=754 reused=14 pondered=423 q=+0.81 t=3.61s
  move 24: a5h5 sims=842 reused=24 pondered=582 q=+0.84 t=3.61s
  move 25: h4g3 sims=785 reused=410 pondered=544 q=+0.83 t=3.62s
  move 26: h3g4 sims=804 reused=641 pondered=561 q=+0.82 t=3.62s
  move 27: g6g5 sims=793 reused=56 pondered=545 q=+0.86 t=3.63s
  move 28: d6h6 sims=829 reused=521 pondered=454 q=+0.84 t=3.63s
  move 29: f7f5 sims=781 reused=1489 pondered=663 q=+0.79 t=3.64s
  move 30: c8d8 sims=783 reused=888 pondered=601 q=+0.78 t=3.64s
  move 31: e7e5 sims=831 reused=83 pondered=494 q=+0.84 t=3.65s
  move 32: d8f8 sims=803 reused=37 pondered=551 q=+0.85 t=3.66s
  move 33: g8h8 sims=773 reused=826 pondered=505 q=+0.80 t=3.43s
  move 34: g4f3 sims=686 reused=129 pondered=546 q=+0.87 t=3.22s
  move 35: g7e5 sims=723 reused=29 pondered=529 q=+0.91 t=3.03s
  move 36: f3g2 sims=770 reused=213 pondered=495 q=+0.91 t=2.84s
  move 37: h5h2 sims=956 reused=1087 pondered=605 q=+0.93 t=2.68s
  move 38: g5g4 sims=611 reused=901 pondered=690 q=+0.99 t=2.53s
  move 39: f5g4 sims=573 reused=1279 pondered=2 q=+0.99 t=2.38s
  move 40: h2g3 sims=541 reused=1941 pondered=216 q=+0.98 t=2.24s
  move 41: g3e1 sims=487 reused=178 pondered=398 q=+0.98 t=2.12s
  move 42: f8c8 sims=554 reused=52 pondered=350 q=+0.98 t=2.00s
  move 43: e1d1 sims=539 reused=56 pondered=111 q=+0.99 t=1.90s
  move 44: c8c1 sims=499 reused=57 pondered=2 q=+0.99 t=1.80s
  move 45: d1c1 sims=634 reused=235 pondered=52 q=+0.99 t=1.70s
  move 46: h6b6 sims=1001 reused=160 pondered=3 q=+1.00 t=1.62s
  move 47: c1c5 sims=9612 reused=427 pondered=8 q=+1.00 t=1.54s
  Traceback (most recent call last):
    File "/agent/agent.py", line 90, in _ponder
      result = _MCTS.run(
               ^^^^^^^^^^
    File "/agent/chessml/search.py", line 89, in run
      raise ValueError("no legal moves at search root")
  ValueError: no legal moves at search root

Email hello@aichessathon.com with this file if anything here is unclear.
