AI CHESSATHON MATCH LOG
=======================

MATCH
  Round          Rated 29
  Team           Team1
  Colour         Black
  Opponent       Amplifirm
  Opening        Grunfeld Defence
  Start FEN      rnbq1rk1/ppp1ppbp/6p1/8/3PP3/2P5/P3BPPP/1RBQK1NR b K - 4 8
  You moved      First
  Machine        w-53f6ad
  Finished       2026-09-05 20:05:57 UTC
  Match ID       0e60471c-2108-465c-8373-c57cc90395eb

INIT
  Ready in       5.6 s
  Budget         90.0 s
  Used           6 percent

CLOCK
  Base           120.0 s plus 0.5 s per move
  Moves          56
  Time used      129.2 s
  Slowest        4.0 s on move 25
  Fastest        0.5 s on move 48
  Average        2.3 s
  Left at end    18.8 s

RESULT
  Drawn by threefold repetition
  Game lasted 267.0 s

MOVES
    #  move          time     clock left
    1  c5            2.5 s      118.0 s
    2  cxd4          3.2 s      115.3 s
    3  Qa5+          1.7 s      114.1 s
    4  Qxd2+         2.3 s      112.3 s
    5  b6            1.3 s      111.5 s
    6  e6            2.1 s      109.9 s
    7  Bb7           2.0 s      108.4 s
    8  Bxe4          1.6 s      107.3 s
    9  Bd5           1.8 s      106.0 s
   10  Rd8           1.3 s      105.2 s
   11  Nc6           1.8 s      103.9 s
   12  Bxc6          1.2 s      103.3 s
   13  Rac8          1.1 s      102.7 s
   14  Rxc8          1.3 s      101.9 s
   15  Rc2           2.8 s       99.6 s
   16  Rxa2          1.6 s       98.5 s
   17  a5            3.7 s       95.3 s
   18  Rc2           2.3 s       93.5 s
   19  a4            1.1 s       92.9 s
   20  Rc8           2.6 s       90.8 s
   21  Rc7           3.1 s       88.2 s
   22  b5            3.0 s       85.7 s
   23  Bf8           2.9 s       83.3 s
   24  Rc8           3.8 s       80.0 s
   25  f6            4.0 s       76.5 s
   26  Kf7           3.1 s       73.9 s
   27  f5            3.9 s       70.5 s
   28  Bd6           2.4 s       68.7 s
   29  Ke7           1.9 s       67.3 s
   30  e5            3.3 s       64.5 s
   31  Bxe5          1.5 s       63.5 s
   32  Bh8           3.9 s       60.1 s
   33  Bf6           3.5 s       57.1 s
   34  Bc3           2.3 s       55.3 s
   35  Ke6           3.2 s       52.7 s
   36  Kd5           3.7 s       49.4 s
   37  Rc5           3.9 s       46.0 s
   38  Ke6           2.3 s       44.2 s
   39  gxf5          0.9 s       43.8 s
   40  Kf7           3.2 s       41.1 s
   41  Bf6           2.5 s       39.1 s
   42  Kg7           2.8 s       36.8 s
   43  Bc3           2.4 s       34.8 s
   44  Rc4           1.5 s       33.8 s
   45  Kh8           2.7 s       31.6 s
   46  Rh4           2.0 s       30.1 s
   47  Rh1+          1.1 s       29.4 s
   48  a3            0.5 s       29.4 s
   49  Rb1           1.5 s       28.4 s
   50  Rb2+          2.1 s       26.8 s
   51  b4            2.1 s       25.2 s
   52  a2            0.9 s       24.9 s
   53  Kh7           2.2 s       23.2 s
   54  Kh8           2.1 s       21.6 s
   55  Kh7           1.9 s       20.2 s
   56  Kh8           1.8 s       18.8 s

OUTPUT
  4,012 bytes on stderr

  net: [('model.onnx', 5.32)] -> model.onnx
  init: {'d_model': 96, 'n_heads': 4, 'n_blocks': 12, 'params': 1381050, 'forward_ms': 5.319, 'chosen': 'model.onnx', 'sha256': 'ea52cc6aac7704abec84b8628a86cbd9df8999ea178bcf75c199a8f245c9ac5a'}
  init: opening pre-search sims=896
  move 8: c7c5 sims=480 reused=0 pondered=0 q=-0.02 t=2.47s pruned
  move 9: c5d4 sims=640 reused=237 pondered=7 q=-0.05 t=3.24s pruned
  move 10: d8a5 sims=352 reused=311 pondered=7 q=-0.06 t=1.69s pruned
  move 11: a5d2 sims=448 reused=120 pondered=6 q=-0.06 t=2.26s pruned
  move 12: b7b6 sims=256 reused=351 pondered=6 q=-0.01 t=1.32s pruned
  move 13: e7e6 sims=416 reused=274 pondered=8 q=+0.09 t=2.12s pruned
  move 14: c8b7 sims=416 reused=32 pondered=7 q=+0.10 t=1.98s pruned
  move 15: b7e4 sims=320 reused=112 pondered=6 q=+0.08 t=1.61s pruned
  move 16: e4d5 sims=384 reused=31 pondered=7 q=+0.18 t=1.78s pruned
  move 17: f8d8 sims=256 reused=293 pondered=7 q=+0.22 t=1.29s pruned
  move 18: b8c6 sims=512 reused=77 pondered=7 q=+0.44 t=1.80s pruned
  move 19: d5c6 sims=224 reused=244 pondered=6 q=+0.50 t=1.15s pruned
  move 20: a8c8 sims=224 reused=383 pondered=7 q=+0.56 t=1.12s pruned
  move 21: d8c8 sims=256 reused=242 pondered=7 q=+0.58 t=1.26s pruned
  move 22: c8c2 sims=512 reused=85 pondered=8 q=+0.65 t=2.75s pruned
  move 23: c2a2 sims=288 reused=162 pondered=7 q=+0.64 t=1.59s pruned
  move 24: a7a5 sims=704 reused=16 pondered=6 q=+0.68 t=3.72s pruned
  move 25: a2c2 sims=448 reused=121 pondered=7 q=+0.62 t=2.27s pruned
  move 26: a5a4 sims=224 reused=338 pondered=7 q=+0.65 t=1.13s pruned
  move 27: c2c8 sims=576 reused=144 pondered=7 q=+0.68 t=2.60s pruned
  move 28: c8c7 sims=576 reused=107 pondered=7 q=+0.69 t=3.07s pruned
  move 29: b6b5 sims=608 reused=71 pondered=7 q=+0.75 t=2.99s pruned
  move 30: g7f8 sims=576 reused=0 pondered=9 q=+0.76 t=2.90s pruned
  move 31: c7c8 sims=800 reused=127 pondered=6 q=+0.79 t=3.80s pruned
  move 32: f7f6 sims=818 reused=8 pondered=6 q=+0.71 t=4.00s
  move 33: g8f7 sims=512 reused=35 pondered=7 q=+0.67 t=3.13s pruned
  move 34: f6f5 sims=832 reused=33 pondered=6 q=+0.65 t=3.87s pruned
  move 35: f8d6 sims=448 reused=62 pondered=8 q=+0.68 t=2.38s pruned
  move 36: f7e7 sims=384 reused=90 pondered=6 q=+0.71 t=1.87s pruned
  move 37: e6e5 sims=608 reused=240 pondered=6 q=+0.70 t=3.33s pruned
  move 38: d6e5 sims=288 reused=166 pondered=6 q=+0.68 t=1.45s pruned
  move 39: e5h8 sims=896 reused=158 pondered=7 q=+0.67 t=3.94s pruned
  move 40: h8f6 sims=768 reused=54 pondered=7 q=+0.67 t=3.47s pruned
  move 41: f6c3 sims=480 reused=58 pondered=8 q=+0.68 t=2.27s pruned
  move 42: e7e6 sims=672 reused=46 pondered=6 q=+0.70 t=3.16s pruned
  move 43: e6d5 sims=736 reused=3 pondered=8 q=+0.73 t=3.72s pruned
  move 44: c8c5 sims=763 reused=22 pondered=7 q=+0.65 t=3.94s
  move 45: d5e6 sims=480 reused=10 pondered=7 q=+0.46 t=2.30s pruned
  move 46: g6f5 sims=160 reused=217 pondered=6 q=+0.37 t=0.90s pruned
  move 47: e6f7 sims=640 reused=288 pondered=7 q=+0.29 t=3.21s pruned
  move 48: c3f6 sims=544 reused=177 pondered=7 q=+0.31 t=2.48s pruned
  move 49: f7g7 sims=608 reused=48 pondered=7 q=+0.26 t=2.84s pruned
  move 50: f6c3 sims=416 reused=10 pondered=7 q=+0.38 t=2.44s pruned
  move 51: c5c4 sims=288 reused=84 pondered=7 q=+0.41 t=1.53s pruned
  move 52: g7h8 sims=576 reused=80 pondered=8 q=+0.38 t=2.69s pruned
  move 53: c4h4 sims=384 reused=10 pondered=7 q=+0.41 t=2.03s pruned
  move 54: h4h1 sims=224 reused=66 pondered=9 q=+0.46 t=1.15s pruned
  move 55: a4a3 sims=96 reused=250 pondered=6 q=+0.51 t=0.52s pruned
  move 56: h1b1 sims=288 reused=268 pondered=7 q=+0.47 t=1.46s pruned
  move 57: b1b2 sims=480 reused=136 pondered=7 q=+0.37 t=2.10s pruned
  move 58: b5b4 sims=928 reused=219 pondered=8 q=+0.14 t=2.11s pruned
  move 59: a3a2 sims=544 reused=481 pondered=7 q=+0.08 t=0.87s pruned
  move 60: h8h7 sims=13589 reused=717 pondered=8 q=+0.01 t=2.18s
  move 61: h7h8 sims=40118 reused=14143 pondered=7 q=+0.00 t=2.06s
  move 62: h8h7 sims=83488 reused=0 pondered=587 q=+0.00 t=1.94s
  move 63: h7h8 sims=72724 reused=0 pondered=8 q=+0.00 t=1.84s

Email hello@aichessathon.com with this file if anything here is unclear.
