AI CHESSATHON MATCH LOG
=======================

MATCH
  Round          Rated 10
  Team           Team1
  Colour         Black
  Opponent       MeshPotato
  Opening        Sicilian Classical
  Start FEN      r1bqkb1r/pp2pppp/2np1n2/8/4P3/1NN5/PPP2PPP/R1BQKB1R b KQkq - 4 6
  You moved      First
  Machine        w-b1bbdd
  Finished       2026-09-04 16:05:29 UTC
  Match ID       f2ba4214-3390-4778-9d3b-96d8d3302538

INIT
  Ready in       6.0 s
  Budget         90.0 s
  Used           7 percent

CLOCK
  Base           120.0 s plus 0.5 s per move
  Moves          47
  Time used      133.3 s
  Slowest        3.5 s on move 27
  Fastest        1.2 s on move 47
  Average        2.8 s
  Left at end    10.2 s

RESULT
  Lost by checkmate
  Game lasted 247.9 s

MOVES
    #  move          time     clock left
    1  g6            3.4 s      117.1 s
    2  Bg7           3.4 s      114.2 s
    3  O-O           3.4 s      111.3 s
    4  Be6           3.4 s      108.4 s
    5  Rc8           3.4 s      105.5 s
    6  Na5           3.4 s      102.5 s
    7  Nc4           3.4 s       99.6 s
    8  Bxc4          3.4 s       96.7 s
    9  Qa5           3.4 s       93.8 s
   10  b5            3.4 s       90.8 s
   11  b4            3.4 s       87.9 s
   12  Qxb4          3.4 s       85.0 s
   13  Bxe2          3.4 s       82.0 s
   14  e6            3.4 s       79.1 s
   15  Rc4           3.5 s       76.1 s
   16  Rfc8          3.5 s       73.2 s
   17  Qc5+          3.5 s       70.2 s
   18  Qc6           3.5 s       67.3 s
   19  Rxc3          3.5 s       64.3 s
   20  Qxc3          3.5 s       61.3 s
   21  Rxc3          3.5 s       58.4 s
   22  Bf8           3.5 s       55.4 s
   23  Rxc2          3.5 s       52.4 s
   24  Rc7           3.5 s       49.4 s
   25  Nd5           3.5 s       46.4 s
   26  Rc4           3.5 s       43.4 s
   27  Kg7           3.5 s       40.4 s
   28  Nxb6          3.3 s       37.6 s
   29  g5            3.1 s       35.0 s
   30  Re4           2.9 s       32.6 s
   31  Re2           2.7 s       30.4 s
   32  Be7           2.6 s       28.3 s
   33  Kg6           2.4 s       26.4 s
   34  h5            2.3 s       24.6 s
   35  Kh7           2.2 s       22.9 s
   36  hxg4          2.0 s       21.4 s
   37  Bxg5          1.9 s       20.0 s
   38  Kg6           1.8 s       18.6 s
   39  Kh5           1.7 s       17.4 s
   40  Kh4           1.6 s       16.2 s
   41  Kg3           1.6 s       15.2 s
   42  Re1+          1.5 s       14.2 s
   43  Rxe5          1.4 s       13.3 s
   44  Kh4           1.4 s       12.4 s
   45  Rg5           1.3 s       11.6 s
   46  Rh5           1.2 s       10.9 s
   47  Rxh8          1.2 s       10.2 s

OUTPUT
  3,211 bytes on stderr

  net: [('model.onnx', 5.34)] -> model.onnx
  init: {'d_model': 96, 'n_heads': 4, 'n_blocks': 12, 'params': 1381050, 'forward_ms': 5.342, 'chosen': 'model.onnx', 'sha256': 'ea52cc6aac7704abec84b8628a86cbd9df8999ea178bcf75c199a8f245c9ac5a'}
  init: opening pre-search sims=900
  move 6: g7g6 sims=654 reused=0 pondered=0 q=-0.03 t=3.40s
  move 7: f8g7 sims=771 reused=658 pondered=733 q=-0.04 t=3.41s
  move 8: e8g8 sims=873 reused=363 pondered=776 q=-0.01 t=3.41s
  move 9: c8e6 sims=652 reused=737 pondered=595 q=+0.02 t=3.41s
  move 10: a8c8 sims=627 reused=704 pondered=597 q=+0.03 t=3.41s
  move 11: c6a5 sims=588 reused=7 pondered=524 q=+0.10 t=3.41s
  move 12: a5c4 sims=629 reused=11 pondered=512 q=+0.17 t=3.42s
  move 13: e6c4 sims=577 reused=797 pondered=515 q=+0.15 t=3.42s
  move 14: d8a5 sims=670 reused=1055 pondered=459 q=+0.08 t=3.43s
  move 15: b7b5 sims=597 reused=81 pondered=455 q=-0.01 t=3.43s
  move 16: b5b4 sims=636 reused=73 pondered=409 q=+0.07 t=3.43s
  move 17: a5b4 sims=636 reused=914 pondered=416 q=+0.10 t=3.43s
  move 18: c4e2 sims=609 reused=1411 pondered=427 q=+0.04 t=3.44s
  move 19: e7e6 sims=629 reused=1334 pondered=380 q=+0.03 t=3.44s
  move 20: c8c4 sims=594 reused=150 pondered=389 q=+0.14 t=3.45s
  move 21: f8c8 sims=599 reused=201 pondered=340 q=+0.13 t=3.45s
  move 22: b4c5 sims=669 reused=46 pondered=358 q=+0.17 t=3.45s
  move 23: c5c6 sims=617 reused=194 pondered=360 q=+0.18 t=3.46s
  move 24: c4c3 sims=613 reused=0 pondered=363 q=-0.01 t=3.46s
  move 25: c6c3 sims=740 reused=542 pondered=335 q=-0.03 t=3.46s
  move 26: c8c3 sims=720 reused=1496 pondered=329 q=+0.02 t=3.47s
  move 27: g7f8 sims=811 reused=2499 pondered=370 q=+0.06 t=3.47s
  move 28: c3c2 sims=777 reused=2888 pondered=551 q=+0.04 t=3.48s
  move 29: c2c7 sims=804 reused=3121 pondered=297 q=+0.07 t=3.49s
  move 30: f6d5 sims=735 reused=48 pondered=488 q=-0.12 t=3.49s
  move 31: c7c4 sims=670 reused=729 pondered=260 q=-0.36 t=3.50s
  move 32: g8g7 sims=887 reused=620 pondered=307 q=-0.62 t=3.50s
  move 33: d5b6 sims=558 reused=1129 pondered=275 q=-0.63 t=3.29s
  move 34: g6g5 sims=547 reused=542 pondered=251 q=-0.61 t=3.09s
  move 35: c4e4 sims=611 reused=564 pondered=250 q=-0.66 t=2.91s
  move 36: e4e2 sims=538 reused=320 pondered=268 q=-0.66 t=2.73s
  move 37: f8e7 sims=473 reused=4 pondered=254 q=-0.67 t=2.57s
  move 38: g7g6 sims=474 reused=485 pondered=220 q=-0.71 t=2.43s
  move 39: h7h5 sims=613 reused=668 pondered=303 q=-0.80 t=2.29s
  move 40: g6h7 sims=691 reused=917 pondered=279 q=-0.86 t=2.16s
  move 41: h5g4 sims=366 reused=0 pondered=433 q=-0.72 t=2.04s
  move 42: e7g5 sims=376 reused=353 pondered=213 q=-0.71 t=1.93s
  move 43: h7g6 sims=352 reused=608 pondered=200 q=-0.78 t=1.83s
  move 44: g6h5 sims=346 reused=121 pondered=223 q=-0.76 t=1.73s
  move 45: h5h4 sims=375 reused=267 pondered=185 q=-0.72 t=1.65s
  move 46: h4g3 sims=355 reused=20 pondered=185 q=-0.56 t=1.56s
  move 47: e2e1 sims=301 reused=413 pondered=198 q=-0.90 t=1.49s
  move 48: e1e5 sims=426 reused=384 pondered=5 q=-0.93 t=1.42s
  move 49: g3h4 sims=607 reused=308 pondered=246 q=-0.97 t=1.35s
  move 50: e5g5 sims=503 reused=757 pondered=322 q=-0.98 t=1.29s
  move 51: g5h5 sims=785 reused=69 pondered=7 q=-0.99 t=1.23s
  move 52: h5h8 sims=972 reused=362 pondered=31 q=-0.98 t=1.18s

Email hello@aichessathon.com with this file if anything here is unclear.
