AI CHESSATHON MATCH LOG
=======================

MATCH
  Round          Rated 40
  Team           Team1
  Colour         White
  Opponent       xx
  Opening        English Symmetrical
  Start FEN      r1bqk2r/pp2ppbp/2n2np1/2pp4/2P5/2N2NPP/PP1PPPB1/R1BQK2R w KQkq - 0 7
  You moved      First
  Machine        w-d07f0a
  Finished       2026-09-06 16:05:28 UTC
  Match ID       842aeed2-5395-470e-9e84-6c590444d03f

INIT
  Ready in       4.9 s
  Budget         90.0 s
  Used           5 percent

CLOCK
  Base           120.0 s plus 0.5 s per move
  Moves          58
  Time used      135.4 s
  Slowest        3.9 s on move 26
  Fastest        1.0 s on move 42
  Average        2.3 s
  Left at end    13.6 s

RESULT
  Won by checkmate
  Game lasted 260.7 s

MOVES
    #  move          time     clock left
    1  cxd5          2.8 s      117.7 s
    2  h4            3.3 s      114.8 s
    3  h5            2.3 s      113.0 s
    4  hxg6          3.5 s      110.0 s
    5  Nh2           2.9 s      107.6 s
    6  Nf3           1.4 s      106.6 s
    7  Bxf3          1.7 s      105.4 s
    8  Bg2           2.3 s      103.6 s
    9  O-O           1.9 s      102.3 s
   10  Rb1           1.7 s      101.0 s
   11  d3            2.2 s       99.3 s
   12  a3            1.8 s       98.0 s
   13  axb4          1.6 s       96.9 s
   14  Qe1           1.6 s       95.8 s
   15  Qd2           1.6 s       94.7 s
   16  Ne4           1.6 s       93.6 s
   17  e3            3.2 s       90.9 s
   18  Qe2           2.1 s       89.3 s
   19  Bd2           3.2 s       86.6 s
   20  Bc3           3.6 s       83.5 s
   21  bxc3          2.8 s       81.2 s
   22  Rb4           3.9 s       77.9 s
   23  c4            3.0 s       75.4 s
   24  Rc1           2.8 s       73.0 s
   25  d4            2.1 s       71.4 s
   26  c5            3.9 s       68.0 s
   27  Nd6           2.7 s       65.9 s
   28  Nxf5          2.2 s       64.1 s
   29  Bxc6          3.0 s       61.6 s
   30  Qxf2          2.2 s       59.9 s
   31  Qg3           2.1 s       58.3 s
   32  Rb8+          2.8 s       56.0 s
   33  Rb7+          2.8 s       53.7 s
   34  Kf2           3.0 s       51.1 s
   35  Qxf4          1.8 s       49.8 s
   36  exf4          1.3 s       49.0 s
   37  Ke3           3.6 s       45.9 s
   38  Kd3           2.8 s       43.6 s
   39  Rxb5          3.5 s       40.7 s
   40  c6            1.8 s       39.4 s
   41  c7            1.6 s       38.3 s
   42  Rxc7          1.0 s       37.8 s
   43  Ra7           2.6 s       35.7 s
   44  Rxa3          2.4 s       33.8 s
   45  Ra6           2.8 s       31.5 s
   46  dxe5          2.4 s       29.6 s
   47  f5            2.5 s       27.5 s
   48  Kd4           2.4 s       25.7 s
   49  Kd5           2.2 s       23.9 s
   50  Ra7+          2.1 s       22.4 s
   51  e6            1.9 s       21.0 s
   52  f6            1.8 s       19.6 s
   53  e7            1.7 s       18.4 s
   54  Ra8           1.7 s       17.2 s
   55  e8=Q          1.3 s       16.4 s
   56  Qe7+          1.6 s       15.4 s
   57  Rg8           1.4 s       14.4 s
   58  Qh4#          1.3 s       13.6 s

OUTPUT
  4,427 bytes on stderr

  net: [('model.int8.onnx', 2.84), ('model.fused.onnx', 3.45), ('model.onnx', 4.29)] -> model.int8.onnx
  init: {'d_model': 96, 'n_heads': 4, 'n_blocks': 12, 'params': 1381050, 'checkpoint': {'file': 'R8_e8_ema.pt', 'sha256': '912e617bc501995bd632009fcca0ebde6c6be70d9926dd3a4688c763da38225e'}, 'forward_ms': 2.844, 'chosen': 'model.int8.onnx', 'sha256': '36be50365fffa677075524dd53e61eeff65a7f71c4533196eb51ff6418e6fa18'}
  init: syzygy 70 tables up to 4 pieces
  init: opening pre-search sims=1344
  move 7: c4d5 sims=864 reused=0 pondered=0 q=-0.09 t=2.83s pruned
  move 8: h3h4 sims=1088 reused=352 pondered=12 q=-0.07 t=3.33s pruned
  move 9: h4h5 sims=768 reused=57 pondered=12 q=-0.06 t=2.32s pruned
  move 10: h5g6 sims=1108 reused=52 pondered=13 q=-0.01 t=3.54s
  move 11: f3h2 sims=896 reused=68 pondered=13 q=-0.01 t=2.90s pruned
  move 12: h2f3 sims=544 reused=362 pondered=12 q=+0.04 t=1.42s pruned
  move 13: g2f3 sims=544 reused=0 pondered=12 q=+0.15 t=1.69s pruned
  move 14: f3g2 sims=736 reused=99 pondered=11 q=+0.16 t=2.32s pruned
  move 15: e1g1 sims=576 reused=357 pondered=12 q=+0.18 t=1.88s pruned
  move 16: a1b1 sims=544 reused=13 pondered=12 q=+0.32 t=1.72s pruned
  move 17: d2d3 sims=736 reused=81 pondered=12 q=+0.32 t=2.24s pruned
  move 18: a2a3 sims=608 reused=23 pondered=11 q=+0.51 t=1.84s pruned
  move 19: a3b4 sims=512 reused=157 pondered=12 q=+0.49 t=1.58s pruned
  move 20: d1e1 sims=512 reused=342 pondered=11 q=+0.55 t=1.60s pruned
  move 21: e1d2 sims=512 reused=250 pondered=12 q=+0.56 t=1.55s pruned
  move 22: c3e4 sims=480 reused=363 pondered=11 q=+0.57 t=1.57s pruned
  move 23: e2e3 sims=1120 reused=62 pondered=14 q=+0.63 t=3.24s pruned
  move 24: d2e2 sims=736 reused=164 pondered=11 q=+0.70 t=2.12s pruned
  move 25: c1d2 sims=1088 reused=91 pondered=12 q=+0.71 t=3.22s pruned
  move 26: d2c3 sims=1152 reused=12 pondered=11 q=+0.68 t=3.56s pruned
  move 27: b2c3 sims=864 reused=213 pondered=12 q=+0.70 t=2.75s pruned
  move 28: b1b4 sims=1216 reused=354 pondered=12 q=+0.68 t=3.89s pruned
  move 29: c3c4 sims=960 reused=6 pondered=12 q=+0.75 t=3.00s pruned
  move 30: f1c1 sims=896 reused=300 pondered=12 q=+0.77 t=2.85s pruned
  move 31: d3d4 sims=640 reused=66 pondered=11 q=+0.80 t=2.06s pruned
  move 32: c4c5 sims=1280 reused=119 pondered=13 q=+0.79 t=3.90s pruned
  move 33: e4d6 sims=864 reused=49 pondered=12 q=+0.83 t=2.69s pruned
  move 34: d6f5 sims=736 reused=167 pondered=11 q=+0.83 t=2.22s pruned
  move 35: g2c6 sims=1056 reused=259 pondered=12 q=+0.83 t=3.00s pruned
  move 36: e2f2 sims=736 reused=100 pondered=12 q=+0.86 t=2.21s pruned
  move 37: f2g3 sims=704 reused=375 pondered=12 q=+0.86 t=2.14s pruned
  move 38: b4b8 sims=928 reused=80 pondered=12 q=+0.87 t=2.77s pruned
  move 39: b8b7 sims=960 reused=275 pondered=15 q=+0.88 t=2.82s pruned
  move 40: g1f2 sims=1024 reused=423 pondered=13 q=+0.88 t=3.04s pruned
  move 41: g3f4 sims=576 reused=231 pondered=11 q=+0.92 t=1.83s pruned
  move 42: e3f4 sims=416 reused=252 pondered=11 q=+0.88 t=1.30s pruned
  move 43: f2e3 sims=1280 reused=29 pondered=11 q=+0.91 t=3.59s pruned
  move 44: e3d3 sims=992 reused=46 pondered=15 q=+0.94 t=2.79s pruned
  move 45: b7b5 sims=1280 reused=168 pondered=11 q=+0.95 t=3.47s pruned
  move 46: c5c6 sims=640 reused=250 pondered=11 q=+0.96 t=1.78s pruned
  move 47: c6c7 sims=544 reused=236 pondered=16 q=+0.97 t=1.57s pruned
  move 48: c1c7 sims=384 reused=325 pondered=14 q=+0.96 t=0.98s pruned
  move 49: c7a7 sims=1088 reused=146 pondered=14 q=+0.97 t=2.63s pruned
  move 50: a7a3 sims=928 reused=71 pondered=14 q=+0.97 t=2.37s pruned
  move 51: a3a6 sims=1208 reused=65 pondered=18 q=+0.97 t=2.82s
  move 52: d4e5 sims=896 reused=13 pondered=19 q=+0.98 t=2.44s pruned
  move 53: f4f5 sims=904 reused=31 pondered=14 q=+0.98 t=2.51s
  move 54: d3d4 sims=939 reused=22 pondered=17 q=+0.98 t=2.37s
  move 55: d4d5 sims=960 reused=18 pondered=15 q=+0.98 t=2.23s pruned
  move 56: a6a7 sims=864 reused=24 pondered=24 q=+0.98 t=2.08s pruned
  move 57: e5e6 sims=928 reused=43 pondered=17 q=+0.98 t=1.90s pruned
  move 58: f5f6 sims=864 reused=68 pondered=21 q=+0.99 t=1.82s pruned
  move 59: e6e7 sims=768 reused=83 pondered=23 q=+0.98 t=1.73s pruned
  move 60: a7a8 sims=689 reused=61 pondered=16 q=+0.98 t=1.72s
  move 61: e7e8q sims=512 reused=42 pondered=11 q=+0.99 t=1.27s pruned
  move 62: e8e7 sims=697 reused=51 pondered=19 q=+0.99 t=1.57s
  move 63: a8g8 sims=640 reused=45 pondered=17 q=+1.00 t=1.44s pruned
  move 64: e7h4 sims=1632 reused=57 pondered=34 q=+1.00 t=1.27s pruned

Email hello@aichessathon.com with this file if anything here is unclear.
