AI CHESSATHON MATCH LOG
=======================

MATCH
  Round          Rated 8
  Team           Team1
  Colour         Black
  Opponent       FuzzyBot
  Opening        French Advance
  Start FEN      r1b1kbnr/pp3ppp/1qn1p3/3pP3/3P4/5N2/PP2BPPP/RNBQK2R b KQkq - 0 7
  You moved      First
  Machine        w-b1bbdd
  Finished       2026-09-04 14:10:27 UTC
  Match ID       084e99fb-2da5-4af8-88f3-866e42ea3c42

INIT
  Ready in       NA
  Budget         90.0 s
  Used           NA

CLOCK
  Base           120.0 s plus 0.5 s per move
  Moves          37
  Time used      119.5 s
  Slowest        3.6 s on move 26
  Fastest        1.9 s on move 37
  Average        3.2 s
  Left at end    19.0 s

RESULT
  Drawn by threefold repetition
  Game lasted 222.6 s

MOVES
    #  move          time     clock left
    1  Nge7          3.5 s      117.0 s
    2  Nf5           3.5 s      114.0 s
    3  Bd7           3.5 s      111.0 s
    4  Na5           3.5 s      108.1 s
    5  Ne7           3.5 s      105.1 s
    6  h5            3.5 s      102.1 s
    7  Bb5           3.5 s       99.1 s
    8  Nf5           3.5 s       96.1 s
    9  Bc4           3.5 s       93.1 s
   10  Nc6           3.5 s       90.0 s
   11  Nxd4          3.5 s       87.0 s
   12  Qxd4          3.5 s       84.0 s
   13  Qxc4          3.5 s       81.0 s
   14  dxc4          3.5 s       78.0 s
   15  Rd8           3.5 s       75.0 s
   16  g6            3.5 s       71.9 s
   17  b5            3.5 s       68.9 s
   18  Be7           3.5 s       65.9 s
   19  O-O           3.5 s       62.8 s
   20  Rd7           3.5 s       59.8 s
   21  Rfd8          3.6 s       56.7 s
   22  Rd3           3.6 s       53.7 s
   23  Bf8           3.6 s       50.6 s
   24  R3d7          3.6 s       47.5 s
   25  Ne7           3.6 s       44.5 s
   26  a6            3.6 s       41.4 s
   27  axb5          3.4 s       38.5 s
   28  Nf5           3.2 s       35.9 s
   29  Be7           3.0 s       33.4 s
   30  Rd3           2.8 s       31.1 s
   31  Rd1           2.6 s       29.0 s
   32  Rxh1          2.5 s       27.0 s
   33  Kf8           2.3 s       25.2 s
   34  Rd5           2.2 s       23.5 s
   35  Kg7           2.1 s       21.9 s
   36  Kf8           2.0 s       20.4 s
   37  Kg7           1.9 s       19.0 s

OUTPUT
  NA. This game was played before agent logs were kept, so the output
  and the init time were never recorded. Everything above comes from
  the clocks in the game itself.

Email hello@aichessathon.com with this file if anything here is unclear.
