AI CHESSATHON MATCH LOG
=======================

MATCH
  Round          Rated 31
  Team           Team1
  Colour         White
  Opponent       LeetBeaters
  Opening        King's Indian Classical
  Start FEN      rnbq1rk1/ppp2pbp/3p1np1/4p3/2PPP3/P1N2N2/1P2BPPP/R1BQK2R b KQ - 0 7
  You moved      Second
  Machine        w-ec769b
  Finished       2026-09-06 07:07:35 UTC
  Match ID       80a910ec-befd-40c0-9298-6951d6a48c06

INIT
  Ready in       21.4 s
  Budget         90.0 s
  Used           24 percent

CLOCK
  Base           120.0 s plus 0.5 s per move
  Moves          91
  Time used      160.1 s
  Slowest        3.8 s on move 25
  Fastest        0.7 s on move 74
  Average        1.8 s
  Left at end    5.4 s

RESULT
  Lost by checkmate
  Game lasted 312.3 s

MOVES
    #  move          time     clock left
    1  Nxd4          1.8 s      118.7 s
    2  f3            1.7 s      117.5 s
    3  h4            2.9 s      115.1 s
    4  Bg5           1.7 s      113.8 s
    5  Be3           2.0 s      112.3 s
    6  Bg5           3.2 s      109.6 s
    7  Nxc6          2.1 s      108.0 s
    8  Qd2           1.3 s      107.2 s
    9  fxe4          3.3 s      104.4 s
   10  O-O           2.6 s      102.3 s
   11  Nxe4          1.9 s      100.9 s
   12  Bf3           2.3 s       99.1 s
   13  Qxd4          2.2 s       97.4 s
   14  Kh1           1.2 s       96.7 s
   15  Rab1          0.9 s       96.3 s
   16  b4            1.9 s       94.9 s
   17  axb4          1.6 s       93.8 s
   18  h5            2.5 s       91.8 s
   19  b5            2.9 s       89.3 s
   20  Rfc1          1.6 s       88.2 s
   21  Bf6           2.7 s       86.0 s
   22  bxc6          2.8 s       83.7 s
   23  Bxc6          3.3 s       81.0 s
   24  hxg6          3.2 s       78.3 s
   25  Kg1           3.8 s       74.9 s
   26  Kf2           2.2 s       73.2 s
   27  Bh8           1.4 s       72.3 s
   28  Ke2           2.1 s       70.6 s
   29  Kf3           1.3 s       69.9 s
   30  Be5           3.8 s       66.6 s
   31  Bf4           1.9 s       65.2 s
   32  Kg4           1.8 s       63.9 s
   33  Rb7+          2.3 s       62.1 s
   34  Rb6           1.9 s       60.7 s
   35  Rc2           1.8 s       59.5 s
   36  g3            2.9 s       57.1 s
   37  Rb7+          1.4 s       56.2 s
   38  Rb6           1.5 s       55.1 s
   39  Rh2           3.2 s       52.4 s
   40  Bg5           1.1 s       51.8 s
   41  Kf3           1.8 s       50.6 s
   42  Rb8           1.3 s       49.7 s
   43  Rhh8          3.3 s       47.0 s
   44  Kg2           3.0 s       44.4 s
   45  Kh3           1.0 s       43.9 s
   46  Rhc8          1.9 s       42.5 s
   47  Rc6           2.7 s       40.3 s
   48  Rd8           1.7 s       39.1 s
   49  Rcc8          1.9 s       37.7 s
   50  Rc6           2.9 s       35.2 s
   51  Be3           2.6 s       33.2 s
   52  Rcc8          1.5 s       32.2 s
   53  Rd5           1.1 s       31.6 s
   54  Rd6           0.8 s       31.3 s
   55  Kg4           1.5 s       30.3 s
   56  Kf3           0.8 s       30.0 s
   57  Kg2           1.6 s       28.9 s
   58  Bxc5          0.7 s       28.7 s
   59  Rcc6          1.3 s       28.0 s
   60  Kh3           0.8 s       27.7 s
   61  Kg4           2.4 s       25.8 s
   62  Be3+          2.1 s       24.1 s
   63  Rxg6+         0.8 s       23.8 s
   64  Rgd6          0.8 s       23.6 s
   65  Ra6           2.0 s       22.1 s
   66  Rd7+          1.9 s       20.7 s
   67  Rd5           1.3 s       19.8 s
   68  Kf4           1.8 s       18.5 s
   69  Ra1           1.7 s       17.4 s
   70  Kf5           0.9 s       17.0 s
   71  Ke4           1.4 s       16.1 s
   72  Kf3           1.1 s       15.5 s
   73  Kxg4          1.2 s       14.9 s
   74  Rxd1          0.7 s       14.7 s
   75  Kf4           1.4 s       13.8 s
   76  Kf5           1.4 s       12.9 s
   77  Kf6           1.3 s       12.1 s
   78  Kf7           1.3 s       11.3 s
   79  Ke8           1.2 s       10.6 s
   80  Kf7           0.9 s       10.3 s
   81  Kxe7          1.1 s        9.7 s
   82  Kd7           1.1 s        9.1 s
   83  Kc7           1.1 s        8.6 s
   84  Kd8           1.0 s        8.1 s
   85  Kd7           0.9 s        7.6 s
   86  Kc7           1.0 s        7.2 s
   87  Kc8           0.8 s        6.9 s
   88  Kb8           0.9 s        6.5 s
   89  Ka8           0.9 s        6.1 s
   90  Ka7           0.8 s        5.8 s
   91  Ka8           0.8 s        5.4 s

OUTPUT
  6,617 bytes on stderr

  net: [('model.int8.onnx', 4.59), ('model.fused.onnx', 5.04), ('model.onnx', 5.96)] -> model.int8.onnx
  init: {'d_model': 96, 'n_heads': 4, 'n_blocks': 12, 'params': 1381050, 'checkpoint': {'file': 'R8_e8_ema.pt', 'sha256': '912e617bc501995bd632009fcca0ebde6c6be70d9926dd3a4688c763da38225e'}, 'forward_ms': 4.587, 'chosen': 'model.int8.onnx', 'sha256': '36be50365fffa677075524dd53e61eeff65a7f71c4533196eb51ff6418e6fa18'}
  init: opening pre-search sims=1184
  move 8: f3d4 sims=512 reused=0 pondered=0 q=-0.05 t=1.81s pruned
  move 9: f2f3 sims=480 reused=151 pondered=10 q=-0.07 t=1.72s pruned
  move 10: h2h4 sims=928 reused=25 pondered=11 q=+0.04 t=2.90s pruned
  move 11: c1g5 sims=512 reused=199 pondered=9 q=+0.01 t=1.73s pruned
  move 12: g5e3 sims=640 reused=307 pondered=6 q=-0.04 t=2.03s pruned
  move 13: e3g5 sims=992 reused=514 pondered=10 q=-0.09 t=3.20s pruned
  move 14: d4c6 sims=640 reused=375 pondered=11 q=-0.09 t=2.14s pruned
  move 15: d1d2 sims=384 reused=502 pondered=11 q=-0.04 t=1.27s pruned
  move 16: f3e4 sims=992 reused=164 pondered=10 q=-0.06 t=3.26s pruned
  move 17: e1g1 sims=800 reused=334 pondered=11 q=-0.16 t=2.62s pruned
  move 18: c3e4 sims=544 reused=0 pondered=10 q=-0.34 t=1.94s pruned
  move 19: e2f3 sims=640 reused=462 pondered=11 q=-0.34 t=2.26s pruned
  move 20: d2d4 sims=672 reused=446 pondered=11 q=-0.34 t=2.19s pruned
  move 21: g1h1 sims=384 reused=609 pondered=10 q=-0.31 t=1.21s pruned
  move 22: a1b1 sims=288 reused=795 pondered=10 q=-0.29 t=0.88s pruned
  move 23: b2b4 sims=480 reused=57 pondered=10 q=-0.20 t=1.93s pruned
  move 24: a3b4 sims=448 reused=345 pondered=11 q=-0.25 t=1.61s pruned
  move 25: h4h5 sims=736 reused=27 pondered=11 q=-0.14 t=2.51s pruned
  move 26: b4b5 sims=832 reused=210 pondered=10 q=-0.21 t=2.91s pruned
  move 27: f1c1 sims=480 reused=452 pondered=10 q=-0.22 t=1.63s pruned
  move 28: g5f6 sims=864 reused=39 pondered=10 q=-0.31 t=2.66s pruned
  move 29: b5c6 sims=960 reused=9 pondered=10 q=-0.22 t=2.83s pruned
  move 30: f3c6 sims=1120 reused=415 pondered=11 q=-0.40 t=3.26s pruned
  move 31: h5g6 sims=1024 reused=631 pondered=11 q=-0.50 t=3.18s pruned
  move 32: h1g1 sims=1184 reused=462 pondered=9 q=-0.56 t=3.83s pruned
  move 33: g1f2 sims=672 reused=118 pondered=10 q=-0.45 t=2.24s pruned
  move 34: f6h8 sims=352 reused=471 pondered=10 q=-0.46 t=1.43s pruned
  move 35: f2e2 sims=640 reused=20 pondered=10 q=-0.48 t=2.14s pruned
  move 36: e2f3 sims=384 reused=476 pondered=10 q=-0.51 t=1.27s pruned
  move 37: h8e5 sims=1088 reused=654 pondered=14 q=-0.52 t=3.75s pruned
  move 38: e5f4 sims=544 reused=205 pondered=11 q=-0.51 t=1.93s pruned
  move 39: f3g4 sims=512 reused=108 pondered=10 q=-0.39 t=1.76s pruned
  move 40: b1b7 sims=736 reused=42 pondered=10 q=-0.24 t=2.31s pruned
  move 41: b7b6 sims=480 reused=467 pondered=14 q=-0.28 t=1.86s pruned
  move 42: c1c2 sims=512 reused=206 pondered=10 q=-0.26 t=1.76s pruned
  move 43: g2g3 sims=864 reused=12 pondered=11 q=+0.04 t=2.89s pruned
  move 44: b6b7 sims=448 reused=321 pondered=11 q=+0.02 t=1.39s pruned
  move 45: b7b6 sims=832 reused=616 pondered=18 q=+0.02 t=1.54s pruned
  move 46: c2h2 sims=928 reused=392 pondered=11 q=-0.00 t=3.23s pruned
  move 47: f4g5 sims=288 reused=633 pondered=10 q=-0.01 t=1.08s pruned
  move 48: g4f3 sims=512 reused=76 pondered=10 q=-0.10 t=1.76s pruned
  move 49: b6b8 sims=448 reused=483 pondered=11 q=-0.08 t=1.34s pruned
  move 50: h2h8 sims=992 reused=32 pondered=11 q=-0.02 t=3.27s pruned
  move 51: f3g2 sims=1056 reused=31 pondered=11 q=-0.05 t=3.04s pruned
  move 52: g2h3 sims=320 reused=457 pondered=10 q=-0.06 t=1.03s pruned
  move 53: h8c8 sims=544 reused=503 pondered=10 q=-0.07 t=1.85s pruned
  move 54: c8c6 sims=896 reused=47 pondered=13 q=-0.13 t=2.73s pruned
  move 55: b8d8 sims=512 reused=185 pondered=10 q=-0.16 t=1.69s pruned
  move 56: c6c8 sims=544 reused=36 pondered=11 q=-0.21 t=1.94s pruned
  move 57: c8c6 sims=864 reused=234 pondered=11 q=-0.25 t=2.93s pruned
  move 58: g5e3 sims=736 reused=138 pondered=11 q=-0.26 t=2.55s pruned
  move 59: c6c8 sims=416 reused=28 pondered=10 q=-0.26 t=1.45s pruned
  move 60: d8d5 sims=320 reused=281 pondered=10 q=-0.26 t=1.08s pruned
  move 61: d5d6 sims=224 reused=326 pondered=11 q=-0.31 t=0.83s pruned
  move 62: h3g4 sims=416 reused=33 pondered=11 q=-0.29 t=1.52s pruned
  move 63: g4f3 sims=224 reused=204 pondered=10 q=-0.41 t=0.83s pruned
  move 64: f3g2 sims=416 reused=353 pondered=12 q=-0.46 t=1.55s pruned
  move 65: e3c5 sims=192 reused=410 pondered=11 q=-0.48 t=0.68s pruned
  move 66: c8c6 sims=320 reused=322 pondered=11 q=-0.39 t=1.25s pruned
  move 67: g2h3 sims=256 reused=175 pondered=10 q=-0.39 t=0.81s pruned
  move 68: h3g4 sims=726 reused=80 pondered=10 q=-0.47 t=2.38s
  move 69: c5e3 sims=640 reused=21 pondered=12 q=-0.69 t=2.13s pruned
  move 70: d6g6 sims=224 reused=178 pondered=11 q=-0.76 t=0.80s pruned
  move 71: g6d6 sims=224 reused=368 pondered=10 q=-0.74 t=0.76s pruned
  move 72: c6a6 sims=640 reused=384 pondered=11 q=-0.79 t=2.02s pruned
  move 73: d6d7 sims=640 reused=222 pondered=12 q=-0.87 t=1.90s pruned
  move 74: d7d5 sims=384 reused=214 pondered=13 q=-0.86 t=1.34s pruned
  move 75: g4f4 sims=512 reused=28 pondered=11 q=-0.85 t=1.78s pruned
  move 76: a6a1 sims=480 reused=35 pondered=10 q=-0.87 t=1.65s pruned
  move 77: f4f5 sims=256 reused=33 pondered=11 q=-0.85 t=0.90s pruned
  move 78: f5e4 sims=416 reused=164 pondered=11 q=-0.89 t=1.35s pruned
  move 79: e4f3 sims=352 reused=46 pondered=10 q=-0.89 t=1.07s pruned
  move 80: f3g4 sims=416 reused=147 pondered=11 q=-0.94 t=1.19s pruned
  move 81: a1d1 sims=224 reused=24 pondered=12 q=-0.94 t=0.65s pruned
  move 82: g4f4 sims=704 reused=240 pondered=14 q=-0.95 t=1.43s pruned
  move 83: f4f5 sims=603 reused=6 pondered=29 q=-0.94 t=1.39s
  move 84: f5f6 sims=480 reused=9 pondered=19 q=-0.91 t=1.26s pruned
  move 85: f6f7 sims=444 reused=7 pondered=12 q=-0.90 t=1.27s
  move 86: f7e8 sims=477 reused=51 pondered=12 q=-0.92 t=1.21s
  move 87: e8f7 sims=256 reused=0 pondered=13 q=-0.89 t=0.87s pruned
  move 88: f7e7 sims=352 reused=11 pondered=10 q=-0.97 t=1.05s pruned
  move 89: e7d7 sims=448 reused=25 pondered=11 q=-0.96 t=1.09s pruned
  move 90: d7c7 sims=566 reused=16 pondered=21 q=-0.96 t=1.05s
  move 91: c7d8 sims=512 reused=17 pondered=16 q=-0.89 t=0.99s pruned
  move 92: d8d7 sims=352 reused=17 pondered=16 q=-0.93 t=0.93s pruned
  move 93: d7c7 sims=348 reused=10 pondered=15 q=-0.94 t=0.95s
  move 94: c7c8 sims=320 reused=23 pondered=10 q=-0.90 t=0.82s pruned
  move 95: c8b8 sims=359 reused=21 pondered=17 q=-0.88 t=0.89s
  move 96: b8a8 sims=441 reused=17 pondered=17 q=-0.90 t=0.86s
  move 97: a8a7 sims=610 reused=257 pondered=16 q=-0.95 t=0.84s
  move 98: a7a8 sims=1855 reused=85 pondered=26 q=-0.97 t=0.81s

Email hello@aichessathon.com with this file if anything here is unclear.
